../Core/Src/main.c:105:5:main	2
../Core/Src/main.c:164:6:SystemClock_Config	3
../Core/Src/main.c:206:13:MX_CAN1_Init	2
../Core/Src/main.c:243:13:MX_TIM2_Init	9
../Core/Src/main.c:313:13:MX_TIM6_Init	3
../Core/Src/main.c:351:13:MX_TIM7_Init	3
../Core/Src/main.c:389:13:MX_USART2_UART_Init	2
../Core/Src/main.c:422:13:MX_GPIO_Init	1
../Core/Src/main.c:447:6:CAN1_Tx_1	3
../Core/Src/main.c:476:6:CAN1_Tx_2	3
../Core/Src/main.c:505:6:CAN1_Tx_3	3
../Core/Src/main.c:534:6:CAN1_Tx_4	3
../Core/Src/main.c:563:10:distance_calculated_node_1	6
../Core/Src/main.c:598:10:distance_calculated_node_2	6
../Core/Src/main.c:633:10:distance_calculated_node_3	6
../Core/Src/main.c:668:10:distance_calculated_node_4	6
../Core/Src/main.c:703:6:HAL_TIM_IC_CaptureCallback	10
../Core/Src/main.c:771:6:Error_Handler	1
