../Core/Src/main.c:80:5:main	8	static
../Core/Src/main.c:128:6:SystemClock_Config	88	static
../Core/Src/main.c:170:13:MX_TIM2_Init	48	static
../Core/Src/main.c:228:13:MX_TIM6_Init	16	static
../Core/Src/main.c:266:13:MX_TIM7_Init	16	static
../Core/Src/main.c:304:13:MX_USART2_UART_Init	8	static
../Core/Src/main.c:337:13:MX_GPIO_Init	40	static
../Core/Src/main.c:368:6:HAL_TIM_IC_CaptureCallback	16	static
../Core/Src/main.c:383:6:distance_calculator	16	static
../Core/Src/main.c:427:6:Error_Handler	4	static,ignoring_inline_asm
