2024-01-29 09:08:37,523 [INFO] Activator:176 - 


2024-01-29 09:08:37,530 [INFO] Activator:177 - !SESSION log4j initialized
2024-01-29 09:08:43,757 [INFO] LogOutputStream:77 - [STDOUT_REDIRECT] 
2024-01-29 09:08:45,658 [INFO] ApplicationProperties:184 - Using Application install path: C:\ST\STM32CubeIDE_1.13.0\STM32CubeIDE\plugins\com.st.stm32cube.common.mx_6.9.0.202307051724
2024-01-29 09:08:45,695 [INFO] DbMcusXml:78 - Set database path to: C:\ST\STM32CubeIDE_1.13.0\STM32CubeIDE\plugins\com.st.stm32cube.common.mx_6.9.0.202307051724\\db\/mcu/
2024-01-29 09:08:45,696 [INFO] ApiDb:274 - Set plugin database path to: C:\ST\STM32CubeIDE_1.13.0\STM32CubeIDE\plugins\com.st.stm32cube.common.mx_6.9.0.202307051724\\db\/plugins/boardmanager/
2024-01-29 09:08:45,697 [WARN] ApiDb:259 - Overriding images path with different value:  => C:\ST\STM32CubeIDE_1.13.0\STM32CubeIDE\plugins\com.st.stm32cube.common.mx_6.9.0.202307051724\\db\/plugins/mcufinder/images/
2024-01-29 09:08:45,722 [INFO] ApiDb:250 - Set database path to: C:\Users\Amit Tayade\.stmcufinder\plugins\mcufinder//mcu/
2024-01-29 09:08:45,725 [INFO] DbMcusAds:125 - Set database path to: C:\Users\Amit Tayade\.stmcufinder\plugins\mcufinder//mcu/
2024-01-29 09:08:45,729 [INFO] CrossReferenceDbSqlite:203 - Set database path to: C:\Users\Amit Tayade\.stmcufinder\plugins\mcufinder//mcu/cs/
2024-01-29 09:08:45,949 [INFO] RulesReader:64 - Compatibility file has been processed (293 Rules)
2024-01-29 09:08:46,071 [INFO] DbMcusXml:78 - Set database path to: C:\ST\STM32CubeIDE_1.13.0\STM32CubeIDE\plugins\com.st.stm32cube.common.mx_6.9.0.202307051724\\db\/mcu/
2024-01-29 09:08:46,071 [INFO] ApiDb:274 - Set plugin database path to: C:\ST\STM32CubeIDE_1.13.0\STM32CubeIDE\plugins\com.st.stm32cube.common.mx_6.9.0.202307051724\\db\/plugins/boardmanager/
2024-01-29 09:08:46,071 [INFO] ApiDb:261 - Set plugin images path to: C:\ST\STM32CubeIDE_1.13.0\STM32CubeIDE\plugins\com.st.stm32cube.common.mx_6.9.0.202307051724\\db\/plugins/mcufinder/images/
2024-01-29 09:08:46,072 [WARN] DbFile:41 - Overriding database path with different value: C:\Users\Amit Tayade\.stmcufinder\plugins\mcufinder/ => C:\Users\Amit Tayade\.stmcufinder\plugins\mcufinder
2024-01-29 09:08:46,072 [INFO] ApiDb:250 - Set database path to: C:\Users\Amit Tayade\.stmcufinder\plugins\mcufinder//mcu/
2024-01-29 09:08:46,072 [WARN] DbFile:41 - Overriding database path with different value: C:\Users\Amit Tayade\.stmcufinder\plugins\mcufinder/ => C:\Users\Amit Tayade\.stmcufinder\plugins\mcufinder
2024-01-29 09:08:46,072 [INFO] DbMcusAds:125 - Set database path to: C:\Users\Amit Tayade\.stmcufinder\plugins\mcufinder//mcu/
2024-01-29 09:08:46,073 [WARN] DbFile:41 - Overriding database path with different value: C:\Users\Amit Tayade\.stmcufinder\plugins\mcufinder/ => C:\Users\Amit Tayade\.stmcufinder\plugins\mcufinder
2024-01-29 09:08:46,073 [WARN] DbFile:41 - Overriding database path with different value: C:\Users\Amit Tayade\.stmcufinder\plugins\mcufinder/ => C:\Users\Amit Tayade\.stmcufinder\plugins\mcufinder
2024-01-29 09:08:46,073 [INFO] CrossReferenceDbSqlite:203 - Set database path to: C:\Users\Amit Tayade\.stmcufinder\plugins\mcufinder//mcu/cs/
2024-01-29 09:08:46,202 [INFO] MainPanel:262 - HeapMemory: 268435456
2024-01-29 09:08:46,439 [INFO] DbMcusXml:78 - Set database path to: C:\ST\STM32CubeIDE_1.13.0\STM32CubeIDE\plugins\com.st.stm32cube.common.mx_6.9.0.202307051724\\db\/mcu/
2024-01-29 09:08:46,439 [INFO] ApiDb:274 - Set plugin database path to: C:\ST\STM32CubeIDE_1.13.0\STM32CubeIDE\plugins\com.st.stm32cube.common.mx_6.9.0.202307051724\\db\/plugins/boardmanager/
2024-01-29 09:08:46,439 [INFO] ApiDb:261 - Set plugin images path to: C:\ST\STM32CubeIDE_1.13.0\STM32CubeIDE\plugins\com.st.stm32cube.common.mx_6.9.0.202307051724\\db\/plugins/mcufinder/images/
2024-01-29 09:08:46,442 [WARN] DbFile:41 - Overriding database path with different value: C:\Users\Amit Tayade\.stmcufinder\plugins\mcufinder/ => C:\Users\Amit Tayade\.stmcufinder\plugins\mcufinder
2024-01-29 09:08:46,442 [INFO] ApiDb:250 - Set database path to: C:\Users\Amit Tayade\.stmcufinder\plugins\mcufinder//mcu/
2024-01-29 09:08:46,442 [WARN] DbFile:41 - Overriding database path with different value: C:\Users\Amit Tayade\.stmcufinder\plugins\mcufinder/ => C:\Users\Amit Tayade\.stmcufinder\plugins\mcufinder
2024-01-29 09:08:46,442 [INFO] DbMcusAds:125 - Set database path to: C:\Users\Amit Tayade\.stmcufinder\plugins\mcufinder//mcu/
2024-01-29 09:08:46,443 [WARN] DbFile:41 - Overriding database path with different value: C:\Users\Amit Tayade\.stmcufinder\plugins\mcufinder/ => C:\Users\Amit Tayade\.stmcufinder\plugins\mcufinder
2024-01-29 09:08:46,443 [WARN] DbFile:41 - Overriding database path with different value: C:\Users\Amit Tayade\.stmcufinder\plugins\mcufinder/ => C:\Users\Amit Tayade\.stmcufinder\plugins\mcufinder
2024-01-29 09:08:46,443 [INFO] CrossReferenceDbSqlite:203 - Set database path to: C:\Users\Amit Tayade\.stmcufinder\plugins\mcufinder//mcu/cs/
2024-01-29 09:08:46,484 [INFO] ApplicationProperties:184 - Using Application install path: C:\ST\STM32CubeIDE_1.13.0\STM32CubeIDE\plugins\com.st.stm32cube.common.mx_6.9.0.202307051724
2024-01-29 09:08:46,486 [INFO] PluginManage:196 - Search for loadable plugins [exclusion list=, ]
2024-01-29 09:08:46,489 [INFO] PluginManage:310 - Check plugin analytics
2024-01-29 09:08:46,760 [INFO] AnalyticsPlugin:253 - Accepted Software Licenses: 
2024-01-29 09:08:46,760 [INFO] AnalyticsPlugin:255 - Accepted CMSIS Pack Licenses: STMicroelectronics.X-CUBE-TOUCHGFX.4.22.1
2024-01-29 09:08:46,761 [INFO] AnalyticsPlugin:257 - Accepted Firmware Licenses: FW.F4.1.27.0
2024-01-29 09:08:46,764 [INFO] PluginManage:359 - Loaded plugin analytics (category:tool,tabindex:-1)
2024-01-29 09:08:46,765 [INFO] PluginManage:310 - Check plugin cadmodel
2024-01-29 09:08:46,772 [INFO] CADModel:105 - Init CAD model plugin
2024-01-29 09:08:46,773 [INFO] PluginManage:359 - Loaded plugin cadmodel (category:power,tabindex:5)
2024-01-29 09:08:46,773 [INFO] PluginManage:310 - Check plugin clock
2024-01-29 09:08:46,790 [INFO] PluginManage:359 - Loaded plugin clock (category:base,tabindex:2)
2024-01-29 09:08:46,790 [INFO] PluginManage:310 - Check plugin ddr
2024-01-29 09:08:46,794 [INFO] PluginManage:359 - Loaded plugin ddr (category:tool,tabindex:6)
2024-01-29 09:08:46,794 [INFO] PluginManage:310 - Check plugin filemanager
2024-01-29 09:08:46,998 [INFO] PluginManage:359 - Loaded plugin filemanager (category:base,tabindex:10)
2024-01-29 09:08:46,999 [INFO] PluginManage:310 - Check plugin ipmanager
2024-01-29 09:08:47,009 [INFO] PluginManage:359 - Loaded plugin ipmanager (category:base,tabindex:5)
2024-01-29 09:08:47,009 [INFO] PluginManage:310 - Check plugin lpbam
2024-01-29 09:08:47,024 [INFO] PluginManage:359 - Loaded plugin lpbam (category:base,tabindex:0)
2024-01-29 09:08:47,024 [INFO] PluginManage:310 - Check plugin memorymap
2024-01-29 09:08:47,042 [INFO] PluginManage:359 - Loaded plugin memorymap (category:base,tabindex:4)
2024-01-29 09:08:47,042 [INFO] PluginManage:310 - Check plugin pinoutandconfiguration
2024-01-29 09:08:47,051 [INFO] PluginManage:359 - Loaded plugin pinoutandconfiguration (category:base,tabindex:1)
2024-01-29 09:08:47,051 [INFO] PluginManage:310 - Check plugin pinoutconfig
2024-01-29 09:08:47,172 [WARN] SupportedApi:132 - Cannot load RTOS API schema: s4s-elt-must-match.1: The content of 'definitions' must match (annotation?, (simpleType | complexType)?, (unique | key | keyref)*)). A problem was found starting at: attribute.
2024-01-29 09:08:47,463 [INFO] PluginManage:359 - Loaded plugin pinoutconfig (category:base,tabindex:0)
2024-01-29 09:08:47,463 [INFO] PluginManage:310 - Check plugin power
2024-01-29 09:08:47,480 [INFO] PluginManage:359 - Loaded plugin power (category:power,tabindex:4)
2024-01-29 09:08:47,480 [INFO] PluginManage:310 - Check plugin projectmanager
2024-01-29 09:08:47,482 [INFO] McuFinderGlobals:63 - Set McuFinder mode to 2 (CubeIDE integrated)
2024-01-29 09:08:47,500 [INFO] PluginManage:359 - Loaded plugin projectmanager (category:projectmanager,tabindex:3)
2024-01-29 09:08:47,500 [INFO] PluginManage:310 - Check plugin thirdparty
2024-01-29 09:08:47,678 [WARN] IntegrityCheckThread:84 - waiting for thirdparty lock release [integrity check]
2024-01-29 09:08:47,678 [INFO] IntegrityCheckThread:86 - entering critical section [integrity check]
2024-01-29 09:08:47,678 [INFO] PluginManage:359 - Loaded plugin thirdparty (category:base,tabindex:-1)
2024-01-29 09:08:47,679 [INFO] PluginManage:310 - Check plugin tools
2024-01-29 09:08:47,679 [INFO] ThirdPartyUpdaterWithRetryManager:70 - Updater plugin not ready yet. [1/15]
2024-01-29 09:08:47,682 [INFO] PluginManage:359 - Loaded plugin tools (category:base,tabindex:7)
2024-01-29 09:08:47,682 [INFO] PluginManage:310 - Check plugin tutovideos
2024-01-29 09:08:47,915 [INFO] PluginManage:359 - Loaded plugin tutovideos (category:base,tabindex:-1)
2024-01-29 09:08:47,915 [INFO] PluginManage:310 - Check plugin updater
2024-01-29 09:08:47,929 [INFO] PluginManage:359 - Loaded plugin updater (category:base,tabindex:12)
2024-01-29 09:08:47,929 [INFO] PluginManage:310 - Check plugin userauth
2024-01-29 09:08:47,936 [INFO] UserAuth:113 - Init User Auth plugin
2024-01-29 09:08:47,936 [INFO] PluginManage:359 - Loaded plugin userauth (category:base,tabindex:14)
2024-01-29 09:08:47,936 [INFO] PluginManage:283 - PluginManage : Loaded plugins [17]
2024-01-29 09:08:48,191 [INFO] PinOutPanel:1499 - setPackage(No Configuration,No Configuration)
2024-01-29 09:08:48,302 [INFO] CADModel:165 - CPN selected for project level
2024-01-29 09:08:48,302 [INFO] CADModel:114 - Register for checkConnection events
2024-01-29 09:08:48,324 [INFO] IPUIPlugin:80 - create IPUIPlugin
2024-01-29 09:08:48,324 [INFO] PluginManager:220 - loadIPPluginJar : add adc
2024-01-29 09:08:48,329 [INFO] IPUIPlugin:80 - create IPUIPlugin
2024-01-29 09:08:48,329 [INFO] PluginManager:220 - loadIPPluginJar : add aes
2024-01-29 09:08:48,334 [INFO] IPUIPlugin:80 - create IPUIPlugin
2024-01-29 09:08:48,335 [INFO] PluginManager:220 - loadIPPluginJar : add can
2024-01-29 09:08:48,338 [INFO] IPUIPlugin:80 - create IPUIPlugin
2024-01-29 09:08:48,338 [INFO] PluginManager:220 - loadIPPluginJar : add comp
2024-01-29 09:08:48,343 [INFO] IPUIPlugin:80 - create IPUIPlugin
2024-01-29 09:08:48,344 [INFO] PluginManager:220 - loadIPPluginJar : add cryp
2024-01-29 09:08:48,348 [INFO] IPUIPlugin:80 - create IPUIPlugin
2024-01-29 09:08:48,348 [INFO] PluginManager:220 - loadIPPluginJar : add dfsdm
2024-01-29 09:08:48,358 [INFO] IPUIPlugin:80 - create IPUIPlugin
2024-01-29 09:08:48,360 [INFO] PluginManager:220 - loadIPPluginJar : add dma
2024-01-29 09:08:48,366 [INFO] IPUIPlugin:80 - create IPUIPlugin
2024-01-29 09:08:48,366 [INFO] PluginManager:220 - loadIPPluginJar : add dma3
2024-01-29 09:08:48,370 [INFO] IPUIPlugin:80 - create IPUIPlugin
2024-01-29 09:08:48,370 [INFO] PluginManager:220 - loadIPPluginJar : add fatfs
2024-01-29 09:08:48,379 [INFO] IPUIPlugin:80 - create IPUIPlugin
2024-01-29 09:08:48,380 [INFO] PluginManager:220 - loadIPPluginJar : add fmc
2024-01-29 09:08:48,390 [INFO] IPUIPlugin:80 - create IPUIPlugin
2024-01-29 09:08:48,391 [INFO] PluginManager:220 - loadIPPluginJar : add freertos
2024-01-29 09:08:48,394 [INFO] IPUIPlugin:80 - create IPUIPlugin
2024-01-29 09:08:48,394 [INFO] PluginManager:220 - loadIPPluginJar : add genericplugin
2024-01-29 09:08:48,399 [INFO] IPUIPlugin:80 - create IPUIPlugin
2024-01-29 09:08:48,400 [INFO] PluginManager:220 - loadIPPluginJar : add gfxmmu
2024-01-29 09:08:48,409 [INFO] IPUIPlugin:80 - create IPUIPlugin
2024-01-29 09:08:48,409 [INFO] PluginManager:220 - loadIPPluginJar : add gic
2024-01-29 09:08:48,417 [INFO] IPUIPlugin:80 - create IPUIPlugin
2024-01-29 09:08:48,417 [INFO] PluginManager:220 - loadIPPluginJar : add gpio
2024-01-29 09:08:48,430 [INFO] IPUIPlugin:80 - create IPUIPlugin
2024-01-29 09:08:48,430 [INFO] PluginManager:220 - loadIPPluginJar : add gtzc
2024-01-29 09:08:48,435 [INFO] IPUIPlugin:80 - create IPUIPlugin
2024-01-29 09:08:48,435 [INFO] PluginManager:220 - loadIPPluginJar : add hash
2024-01-29 09:08:48,443 [INFO] IPUIPlugin:80 - create IPUIPlugin
2024-01-29 09:08:48,443 [INFO] PluginManager:220 - loadIPPluginJar : add i2c
2024-01-29 09:08:48,452 [INFO] IPUIPlugin:80 - create IPUIPlugin
2024-01-29 09:08:48,453 [INFO] PluginManager:220 - loadIPPluginJar : add i2s
2024-01-29 09:08:48,459 [INFO] IPUIPlugin:80 - create IPUIPlugin
2024-01-29 09:08:48,460 [INFO] PluginManager:220 - loadIPPluginJar : add i3c
2024-01-29 09:08:48,468 [INFO] IPUIPlugin:80 - create IPUIPlugin
2024-01-29 09:08:48,468 [INFO] PluginManager:220 - loadIPPluginJar : add ipddr
2024-01-29 09:08:48,481 [INFO] IPUIPlugin:80 - create IPUIPlugin
2024-01-29 09:08:48,481 [INFO] PluginManager:220 - loadIPPluginJar : add linkedlist
2024-01-29 09:08:48,485 [INFO] IPUIPlugin:80 - create IPUIPlugin
2024-01-29 09:08:48,486 [INFO] PluginManager:220 - loadIPPluginJar : add lorawan
2024-01-29 09:08:48,488 [INFO] IPUIPlugin:80 - create IPUIPlugin
2024-01-29 09:08:48,488 [INFO] PluginManager:220 - loadIPPluginJar : add ltdc
2024-01-29 09:08:48,496 [INFO] IPUIPlugin:80 - create IPUIPlugin
2024-01-29 09:08:48,496 [INFO] PluginManager:220 - loadIPPluginJar : add mdma
2024-01-29 09:08:48,503 [INFO] IPUIPlugin:80 - create IPUIPlugin
2024-01-29 09:08:48,503 [INFO] PluginManager:220 - loadIPPluginJar : add nvic
2024-01-29 09:08:48,507 [INFO] IPUIPlugin:80 - create IPUIPlugin
2024-01-29 09:08:48,508 [INFO] PluginManager:220 - loadIPPluginJar : add opamp
2024-01-29 09:08:48,512 [INFO] IPUIPlugin:80 - create IPUIPlugin
2024-01-29 09:08:48,512 [INFO] PluginManager:220 - loadIPPluginJar : add openamp
2024-01-29 09:08:48,516 [INFO] IPUIPlugin:80 - create IPUIPlugin
2024-01-29 09:08:48,517 [INFO] PluginManager:220 - loadIPPluginJar : add pdm2pcm
2024-01-29 09:08:48,524 [INFO] IPUIPlugin:80 - create IPUIPlugin
2024-01-29 09:08:48,526 [INFO] PluginManager:220 - loadIPPluginJar : add plateformsettings
2024-01-29 09:08:48,529 [INFO] IPUIPlugin:80 - create IPUIPlugin
2024-01-29 09:08:48,529 [INFO] PluginManager:220 - loadIPPluginJar : add quadspi
2024-01-29 09:08:48,536 [INFO] IPUIPlugin:80 - create IPUIPlugin
2024-01-29 09:08:48,536 [INFO] PluginManager:220 - loadIPPluginJar : add resmgrutility
2024-01-29 09:08:48,539 [INFO] IPUIPlugin:80 - create IPUIPlugin
2024-01-29 09:08:48,539 [INFO] PluginManager:220 - loadIPPluginJar : add sai
2024-01-29 09:08:48,542 [INFO] IPUIPlugin:80 - create IPUIPlugin
2024-01-29 09:08:48,542 [INFO] PluginManager:220 - loadIPPluginJar : add spi
2024-01-29 09:08:48,547 [INFO] IPUIPlugin:80 - create IPUIPlugin
2024-01-29 09:08:48,547 [INFO] PluginManager:220 - loadIPPluginJar : add stm32_wpan
2024-01-29 09:08:48,550 [INFO] IPUIPlugin:80 - create IPUIPlugin
2024-01-29 09:08:48,550 [INFO] PluginManager:220 - loadIPPluginJar : add tim
2024-01-29 09:08:48,554 [INFO] IPUIPlugin:80 - create IPUIPlugin
2024-01-29 09:08:48,554 [INFO] PluginManager:220 - loadIPPluginJar : add touchsensing
2024-01-29 09:08:48,556 [INFO] IPUIPlugin:80 - create IPUIPlugin
2024-01-29 09:08:48,556 [INFO] PluginManager:220 - loadIPPluginJar : add tracer_emb
2024-01-29 09:08:48,558 [INFO] IPUIPlugin:80 - create IPUIPlugin
2024-01-29 09:08:48,558 [INFO] PluginManager:220 - loadIPPluginJar : add ts
2024-01-29 09:08:48,560 [INFO] IPUIPlugin:80 - create IPUIPlugin
2024-01-29 09:08:48,560 [INFO] PluginManager:220 - loadIPPluginJar : add tsc
2024-01-29 09:08:48,562 [INFO] IPUIPlugin:80 - create IPUIPlugin
2024-01-29 09:08:48,562 [INFO] PluginManager:220 - loadIPPluginJar : add ucpd
2024-01-29 09:08:48,566 [INFO] IPUIPlugin:80 - create IPUIPlugin
2024-01-29 09:08:48,566 [INFO] PluginManager:220 - loadIPPluginJar : add usart
2024-01-29 09:08:48,570 [INFO] IPUIPlugin:80 - create IPUIPlugin
2024-01-29 09:08:48,570 [INFO] PluginManager:220 - loadIPPluginJar : add usbx
2024-01-29 09:08:48,688 [INFO] CADModel:165 - CPN selected for project level
2024-01-29 09:08:48,689 [INFO] CADModel:114 - Register for checkConnection events
2024-01-29 09:08:48,689 [FATAL] Updater:308 - Updater called before beeing initialized
2024-01-29 09:08:48,690 [ERROR] CADModel:125 - Updater not yet initialized, retry later 
2024-01-29 09:08:48,916 [INFO] CADModel:165 - CPN selected for project level
2024-01-29 09:08:48,916 [INFO] CADModel:114 - Register for checkConnection events
2024-01-29 09:08:48,916 [FATAL] Updater:308 - Updater called before beeing initialized
2024-01-29 09:08:48,916 [ERROR] CADModel:125 - Updater not yet initialized, retry later 
2024-01-29 09:08:48,921 [FATAL] Updater:308 - Updater called before beeing initialized
2024-01-29 09:08:49,024 [FATAL] Updater:308 - Updater called before beeing initialized
2024-01-29 09:08:49,031 [INFO] DbMcusAds:53 - JSON generation date=Tue Mar 07 14:20:55 IST 2023 (1678179055114)
2024-01-29 09:08:49,032 [FATAL] Updater:308 - Updater called before beeing initialized
2024-01-29 09:08:49,073 [WARN] DetailPanel:346 - Failed to get advertising image, set to default
2024-01-29 09:08:49,175 [FATAL] Updater:308 - Updater called before beeing initialized
2024-01-29 09:08:49,186 [FATAL] Updater:308 - Updater called before beeing initialized
2024-01-29 09:08:49,186 [FATAL] Updater:308 - Updater called before beeing initialized
2024-01-29 09:08:49,186 [WARN] DetailPanel:346 - Failed to get advertising image, set to default
2024-01-29 09:08:49,187 [FATAL] Updater:308 - Updater called before beeing initialized
2024-01-29 09:08:49,238 [ERROR] Updater:1120 - MainUpdater not yet initialized. External WinMGr cannot be set.
2024-01-29 09:08:49,241 [INFO] Updater:1056 - Updater Version found : 6.9.0
2024-01-29 09:08:49,263 [INFO] ApplicationProperties:184 - Using Application install path: C:\ST\STM32CubeIDE_1.13.0\STM32CubeIDE\plugins\com.st.stm32cube.common.mx_6.9.0.202307051724
2024-01-29 09:08:49,470 [INFO] MainUpdater:2868 - connection check result : 10
2024-01-29 09:08:49,470 [INFO] MainUpdater:3562 - Updater definition file requires update
2024-01-29 09:08:49,471 [INFO] MainUpdater:285 - Updater Check For Update Now.
2024-01-29 09:08:49,471 [INFO] MicroXplorer:498 - Change Database Version : DB.6.0.90
2024-01-29 09:08:49,478 [INFO] McuFinderGlobals:63 - Set McuFinder mode to 2 (CubeIDE integrated)
2024-01-29 09:08:49,536 [INFO] ServerAccessManage:473 - Download File updaters.zip
2024-01-29 09:08:49,686 [INFO] FileExtend:240 - Unzip File : updaters.zip
2024-01-29 09:08:49,687 [INFO] FileExtend:255 - Standard Zip Deflate
2024-01-29 09:08:50,146 [INFO] ServerAccessManage:473 - Download File PacksControlFlags.xml
2024-01-29 09:08:50,275 [INFO] ServerAccessManage:473 - Download File cubemx.pidx
2024-01-29 09:08:50,679 [WARN] MainUpdater:1189 - Updater busy. Cannot search thirdparties
2024-01-29 09:08:50,680 [INFO] ThirdPartyUpdaterWithRetryManager:96 - Updater plugin is busy. [1/15]
2024-01-29 09:08:50,907 [INFO] ServerAccessManage:473 - Download File STMicroelectronics.X-CUBE-EEPRMA1.pdsc
2024-01-29 09:08:52,108 [ERROR] ServerAccessManage:1089 - Problem, file not found on Server
2024-01-29 09:08:53,342 [ERROR] ServerAccessManage:1089 - Problem, file not found on Server
2024-01-29 09:08:53,681 [WARN] MainUpdater:1189 - Updater busy. Cannot search thirdparties
2024-01-29 09:08:53,681 [INFO] ThirdPartyUpdaterWithRetryManager:96 - Updater plugin is busy. [2/15]
2024-01-29 09:08:55,299 [ERROR] ServerAccessManage:1096 - Problem, Http access forbiden
2024-01-29 09:08:55,300 [ERROR] ServerAccessManage:651 - Problem, Http access forbiden : RoweBots.I-CUBE-UNISONRTOS.pdsc.
2024-01-29 09:08:55,496 [WARN] PackLoader:240 - Cannot read IP mode file for STMicroelectronics.X-CUBE-EEPRMA1.5.1.0
2024-01-29 09:08:55,504 [INFO] PopulateThirdPartyThread:66 - Ending populate Thread
2024-01-29 09:08:55,505 [INFO] ThirdParty:1030 - CMSIS Pack Vendor :STMicroelectronics X-CUBE-EEPRMA1 5.1.0
2024-01-29 09:08:55,506 [INFO] LoadServerUpdatesThread:373 - End of LoadServerUpdate Thread
2024-01-29 09:08:55,605 [INFO] CheckServerUpdateThread:120 - End of CheckServer Thread
2024-01-29 09:08:55,697 [INFO] MainUpdater:2868 - connection check result : 10
2024-01-29 09:08:55,699 [INFO] MainUpdater:2868 - connection check result : 10
2024-01-29 09:08:55,767 [INFO] MicroXplorer:468 - Change Database Path : 
2024-01-29 09:08:55,768 [INFO] MicroXplorer:498 - Change Database Version : DB.6.0.90
2024-01-29 09:08:55,775 [WARN] ThirdParty:871 - waiting for thirdparty lock release [close project]
2024-01-29 09:08:56,913 [WARN] PackLoader:240 - Cannot read IP mode file for STMicroelectronics.X-CUBE-SMBUS.2.1.0
2024-01-29 09:08:56,919 [WARN] PackLoader:240 - Cannot read IP mode file for STMicroelectronics.X-CUBE-TOUCHGFX.4.23.0
2024-01-29 09:08:56,957 [WARN] PackLoader:240 - Cannot read IP mode file for STMicroelectronics.X-CUBE-AZRTOS-F7.1.1.0
2024-01-29 09:08:56,971 [WARN] PackLoader:240 - Cannot read IP mode file for STMicroelectronics.FP-SNS-MOTENV1.4.3.2
2024-01-29 09:08:56,983 [WARN] PackLoader:240 - Cannot read IP mode file for STMicroelectronics.X-CUBE-BLE1.6.2.4
2024-01-29 09:08:56,990 [WARN] PackLoader:240 - Cannot read IP mode file for STMicroelectronics.FP-SNS-FLIGHT1.5.0.2
2024-01-29 09:08:57,001 [WARN] PackLoader:240 - Cannot read IP mode file for STMicroelectronics.X-CUBE-DISPLAY.3.0.0
2024-01-29 09:08:57,014 [WARN] PackLoader:240 - Cannot read IP mode file for STMicroelectronics.X-CUBE-BLE1.7.0.0
2024-01-29 09:08:57,022 [WARN] PackLoader:240 - Cannot read IP mode file for emotas.I-CUBE-CANOPEN.1.3.0
2024-01-29 09:08:57,026 [WARN] PackLoader:240 - Cannot read IP mode file for STMicroelectronics.X-CUBE-TOUCHGFX.4.22.0
2024-01-29 09:08:57,040 [WARN] PackLoader:240 - Cannot read IP mode file for STMicroelectronics.X-CUBE-TOUCHGFX.4.22.1
2024-01-29 09:08:57,142 [WARN] PackLoader:240 - Cannot read IP mode file for STMicroelectronics.FP-SNS-SMARTAG2.1.2.0
2024-01-29 09:08:57,157 [INFO] LogOutputStream:77 - [STDOUT_REDIRECT] 1 : Invalid condition id : UX_CORESTACK_Condition cause : null
2024-01-29 09:08:57,159 [INFO] LogOutputStream:77 - [STDOUT_REDIRECT] 1 : Invalid condition id : UX_CORESTACK_Condition cause : null
2024-01-29 09:08:57,160 [INFO] LogOutputStream:77 - [STDOUT_REDIRECT] 1 : Invalid condition id : UX_CORESTACK_Condition cause : null
2024-01-29 09:08:57,162 [INFO] LogOutputStream:77 - [STDOUT_REDIRECT] 1 : Invalid condition id : UX_CORESTACK_Condition cause : null
2024-01-29 09:08:57,164 [INFO] LogOutputStream:77 - [STDOUT_REDIRECT] 1 : Invalid condition id : UX_CORESTACK_Condition cause : null
2024-01-29 09:08:57,168 [WARN] PackLoader:240 - Cannot read IP mode file for STMicroelectronics.X-CUBE-AZRTOS-WL.2.0.0
2024-01-29 09:08:57,178 [WARN] PackLoader:240 - Cannot read IP mode file for WES.I-CUBE-Cesium.1.3.0
2024-01-29 09:08:57,185 [WARN] PackLoader:240 - Cannot read IP mode file for STMicroelectronics.X-CUBE-BLE2.3.3.0
2024-01-29 09:08:57,193 [WARN] PackLoader:240 - Cannot read IP mode file for STMicroelectronics.X-CUBE-ALGOBUILD.1.3.0
2024-01-29 09:08:57,212 [WARN] PackLoader:240 - Cannot read IP mode file for STMicroelectronics.X-CUBE-AZRTOS-G0.1.1.0
2024-01-29 09:08:57,220 [WARN] PackLoader:240 - Cannot read IP mode file for STMicroelectronics.X-CUBE-NFC4.3.0.0
2024-01-29 09:08:57,229 [WARN] PackLoader:240 - Cannot read IP mode file for STMicroelectronics.X-CUBE-BLEMGR.3.0.0
2024-01-29 09:08:57,234 [WARN] PackLoader:240 - Cannot read IP mode file for STMicroelectronics.FP-ATR-SIGFOX1.3.2.0
2024-01-29 09:08:57,240 [WARN] PackLoader:240 - Cannot read IP mode file for STMicroelectronics.X-CUBE-EEPRMA1.5.1.0
2024-01-29 09:08:57,280 [WARN] PackLoader:240 - Cannot read IP mode file for SEGGER.I-CUBE-embOS.1.3.1
2024-01-29 09:08:57,320 [WARN] PackLoader:240 - Cannot read IP mode file for STMicroelectronics.X-CUBE-GNSS1.6.0.0
2024-01-29 09:08:57,338 [WARN] PackLoader:240 - Cannot read IP mode file for STMicroelectronics.X-CUBE-AZRTOS-F4.1.1.0
2024-01-29 09:08:57,348 [WARN] PackLoader:240 - Cannot read IP mode file for wolfSSL.I-CUBE-wolfSSL.5.6.3
2024-01-29 09:08:57,368 [WARN] PackLoader:240 - Cannot read IP mode file for STMicroelectronics.X-CUBE-AZRTOS-L5.2.0.0
2024-01-29 09:08:57,408 [WARN] PackLoader:240 - Cannot read IP mode file for STMicroelectronics.X-CUBE-MEMS1.9.6.0
2024-01-29 09:08:57,529 [WARN] PackLoader:240 - Cannot read IP mode file for STMicroelectronics.X-CUBE-EEPRMA1.4.2.0
2024-01-29 09:08:57,536 [WARN] PackLoader:240 - Cannot read IP mode file for ITTIA_DB.I-CUBE-ITTIADB.8.8.0
2024-01-29 09:08:57,543 [WARN] PackLoader:240 - Cannot read IP mode file for STMicroelectronics.X-CUBE-BLEMGR.2.0.0
2024-01-29 09:08:57,563 [WARN] ConditionMgr:438 - getConditionDescription Invalid condition id : UX DEVICE CLASS RTOS Condition cause : null
2024-01-29 09:08:57,563 [WARN] ConditionMgr:438 - getConditionDescription Invalid condition id : UX DEVICE CLASS RTOS Condition cause : null
2024-01-29 09:08:57,566 [WARN] PackLoader:240 - Cannot read IP mode file for STMicroelectronics.X-CUBE-AZRTOS-H7.3.1.0
2024-01-29 09:08:57,567 [WARN] ConditionMgr:1039 - genDependencies : Invalid condition id : UX DEVICE CLASS RTOS Condition cause : null
2024-01-29 09:08:57,568 [WARN] ConditionMgr:1039 - genDependencies : Invalid condition id : UX DEVICE CLASS RTOS Condition cause : null
2024-01-29 09:08:57,568 [WARN] ConditionMgr:1039 - genDependencies : Invalid condition id : UX DEVICE CLASS RTOS Condition cause : null
2024-01-29 09:08:57,569 [WARN] ConditionMgr:1039 - genDependencies : Invalid condition id : UX DEVICE CLASS RTOS Condition cause : null
2024-01-29 09:08:57,569 [WARN] ConditionMgr:1039 - genDependencies : Invalid condition id : UX DEVICE CLASS RTOS Condition cause : null
2024-01-29 09:08:57,575 [WARN] PackLoader:240 - Cannot read IP mode file for STMicroelectronics.X-CUBE-NFC7.1.0.1
2024-01-29 09:08:57,585 [WARN] PackLoader:240 - Cannot read IP mode file for STMicroelectronics.X-CUBE-NFC6.3.0.0
2024-01-29 09:08:57,593 [WARN] PackLoader:240 - Cannot read IP mode file for STMicroelectronics.X-CUBE-EEPRMA1.4.1.0
2024-01-29 09:08:57,598 [WARN] PackLoader:240 - Cannot read IP mode file for STMicroelectronics.X-CUBE-AI.8.1.0
2024-01-29 09:08:57,614 [WARN] ConditionMgr:438 - getConditionDescription Invalid condition id : LAN8742 Phy interface Condition cause : null
2024-01-29 09:08:57,615 [WARN] PackLoader:240 - Cannot read IP mode file for STMicroelectronics.X-CUBE-AZRTOS-L4.2.0.0
2024-01-29 09:08:57,616 [WARN] ConditionMgr:1039 - genDependencies : Invalid condition id : LAN8742 Phy interface Condition cause : null
2024-01-29 09:08:57,617 [WARN] ConditionMgr:1039 - genDependencies : Invalid condition id : LAN8742 Phy interface Condition cause : null
2024-01-29 09:08:57,618 [WARN] ConditionMgr:1039 - genDependencies : Invalid condition id : LAN8742 Phy interface Condition cause : null
2024-01-29 09:08:57,628 [WARN] PackLoader:240 - Cannot read IP mode file for STMicroelectronics.X-CUBE-SFXS2LP1.4.0.0
2024-01-29 09:08:57,634 [WARN] PackLoader:240 - Cannot read IP mode file for STMicroelectronics.X-CUBE-ISPU.1.1.0
2024-01-29 09:08:57,646 [WARN] ConditionMgr:438 - getConditionDescription Invalid condition id : UX DEVICE CLASS RTOS Condition cause : null
2024-01-29 09:08:57,647 [WARN] ConditionMgr:438 - getConditionDescription Invalid condition id : UX DEVICE CLASS RTOS Condition cause : null
2024-01-29 09:08:57,650 [WARN] PackLoader:240 - Cannot read IP mode file for STMicroelectronics.X-CUBE-AZRTOS-WB.2.0.0
2024-01-29 09:08:57,651 [WARN] ConditionMgr:1039 - genDependencies : Invalid condition id : UX DEVICE CLASS RTOS Condition cause : null
2024-01-29 09:08:57,651 [WARN] ConditionMgr:1039 - genDependencies : Invalid condition id : UX DEVICE CLASS RTOS Condition cause : null
2024-01-29 09:08:57,651 [WARN] ConditionMgr:1039 - genDependencies : Invalid condition id : UX DEVICE CLASS RTOS Condition cause : null
2024-01-29 09:08:57,652 [WARN] ConditionMgr:1039 - genDependencies : Invalid condition id : UX DEVICE CLASS RTOS Condition cause : null
2024-01-29 09:08:57,652 [WARN] ConditionMgr:1039 - genDependencies : Invalid condition id : UX DEVICE CLASS RTOS Condition cause : null
2024-01-29 09:08:57,658 [WARN] PackLoader:240 - Cannot read IP mode file for STMicroelectronics.X-CUBE-FREERTOS.1.0.1
2024-01-29 09:08:57,674 [WARN] PackLoader:240 - Cannot read IP mode file for STMicroelectronics.X-CUBE-AZRTOS-L5.1.1.0
2024-01-29 09:08:57,680 [WARN] PackLoader:240 - Cannot read IP mode file for STMicroelectronics.X-CUBE-AI.8.0.1
2024-01-29 09:08:57,690 [WARN] PackLoader:240 - Cannot read IP mode file for STMicroelectronics.X-CUBE-SUBG2.5.0.0
2024-01-29 09:08:57,711 [WARN] PackLoader:240 - Cannot read IP mode file for STMicroelectronics.X-CUBE-TOF1.3.3.1
2024-01-29 09:08:57,735 [WARN] PackLoader:240 - Cannot read IP mode file for STMicroelectronics.X-CUBE-AZRTOS-G4.2.0.0
2024-01-29 09:08:57,753 [WARN] PackLoader:240 - Cannot read IP mode file for Infineon.AIROC-Wi-Fi-Bluetooth-STM32.1.5.1
2024-01-29 09:08:57,759 [WARN] PackLoader:240 - Cannot read IP mode file for STMicroelectronics.FP-SNS-MOTENVWB1.1.3.1
2024-01-29 09:08:57,763 [WARN] PackLoader:240 - Cannot read IP mode file for STMicroelectronics.X-CUBE-ISPU.2.0.0
2024-01-29 09:08:57,801 [WARN] PackLoader:240 - Cannot read IP mode file for STMicroelectronics.X-CUBE-MEMS1.10.0.0
2024-01-29 09:08:57,904 [WARN] PackLoader:240 - Cannot read IP mode file for STMicroelectronics.X-CUBE-FREERTOS.1.1.0
2024-01-29 09:08:57,911 [WARN] PackLoader:240 - Cannot read IP mode file for portGmbH.I-Cube-SoM-uGOAL.1.1.0
2024-01-29 09:08:57,917 [WARN] PackLoader:240 - Cannot read IP mode file for STMicroelectronics.X-CUBE-ALS.1.0.1
2024-01-29 09:08:57,927 [WARN] PackLoader:240 - Cannot read IP mode file for STMicroelectronics.X-CUBE-AZRTOS-WB.1.1.0
2024-01-29 09:08:57,933 [WARN] PackLoader:240 - Cannot read IP mode file for STMicroelectronics.FP-ATR-ASTRA1.2.0.0
2024-01-29 09:08:57,944 [WARN] PackLoader:240 - Cannot read IP mode file for STMicroelectronics.X-CUBE-TOF1.3.4.0
2024-01-29 09:08:57,977 [WARN] PackLoader:240 - Cannot read IP mode file for STMicroelectronics.X-CUBE-AZRTOS-H7.3.2.0
2024-01-29 09:08:57,982 [INFO] ThirdParty:978 - Integrity check success = true
2024-01-29 09:08:57,982 [INFO] IntegrityCheckThread:100 - exiting critical section [integrity check]
2024-01-29 09:08:57,982 [INFO] IntegrityCheckThread:103 - End integrity checks thread
2024-01-29 09:08:57,982 [INFO] ThirdParty:873 - entering critical section [close project]
2024-01-29 09:08:57,984 [INFO] ThirdParty:883 - exiting critical section [close project]
2024-01-29 09:08:57,987 [INFO] PinOutPanel:1499 - setPackage(No Configuration,No Configuration)
2024-01-29 09:08:57,995 [INFO] UtilMem:75 - Begin LoadConfig() Used Memory: 232320648 Bytes (412090368)
2024-01-29 09:08:57,996 [INFO] MicroXplorer:468 - Change Database Path : 
2024-01-29 09:08:57,996 [INFO] MicroXplorer:498 - Change Database Version : DB.6.0.90
2024-01-29 09:08:57,997 [INFO] OpenFileManager:308 - Change cursor
2024-01-29 09:08:58,031 [INFO] Mcu:1946 - Initializing MCU STM32F446R(C-E)Tx STM32F446RETx STM32F446RET6
2024-01-29 09:08:59,746 [INFO] Context:659 - Trying to add GPIOservice into a context  which must be forbidden
2024-01-29 09:09:00,501 [INFO] RtosManager:555 - Registered RTOS mode: class=CMSIS, group=RTOS, mode=CMSIS_V1, owner=FREERTOS
2024-01-29 09:09:00,501 [INFO] RtosManager:555 - Registered RTOS mode: class=CMSIS, group=RTOS2, mode=CMSIS_V2, owner=FREERTOS
2024-01-29 09:09:00,501 [INFO] RtosManager:555 - Registered RTOS mode: class=RTOS, group=Core, mode=CMSIS_V1, owner=FREERTOS
2024-01-29 09:09:00,501 [INFO] RtosManager:555 - Registered RTOS mode: class=RTOS, group=Core, mode=CMSIS_V2, owner=FREERTOS
2024-01-29 09:09:00,502 [WARN] ModelIntegratedComponent:184 - Missing modes for component STMicroelectronics:FreeRTOS:0.0.1:STMicroelectronics:RTOS:FreeRTOS:Core:::10.2.0:
2024-01-29 09:09:00,518 [WARN] ModelIntegratedComponent:63 - No mode defined for component null
2024-01-29 09:09:00,518 [WARN] ModelIntegratedComponent:63 - No mode defined for component null
2024-01-29 09:09:00,519 [WARN] ModelIntegratedComponent:63 - No mode defined for component null
2024-01-29 09:09:00,519 [WARN] ModelIntegratedComponent:63 - No mode defined for component null
2024-01-29 09:09:00,519 [WARN] ModelIntegratedComponent:63 - No mode defined for component null
2024-01-29 09:09:00,519 [WARN] ModelIntegratedComponent:63 - No mode defined for component null
2024-01-29 09:09:00,519 [WARN] ModelIntegratedComponent:63 - No mode defined for component null
2024-01-29 09:09:00,519 [WARN] ModelIntegratedComponent:63 - No mode defined for component null
2024-01-29 09:09:00,519 [WARN] ModelIntegratedComponent:63 - No mode defined for component null
2024-01-29 09:09:00,519 [WARN] ModelIntegratedComponent:63 - No mode defined for component null
2024-01-29 09:09:00,519 [WARN] ModelIntegratedComponent:63 - No mode defined for component null
2024-01-29 09:09:00,519 [WARN] ModelIntegratedComponent:63 - No mode defined for component null
2024-01-29 09:09:00,519 [WARN] ModelIntegratedComponent:63 - No mode defined for component null
2024-01-29 09:09:00,519 [WARN] ModelIntegratedComponent:63 - No mode defined for component null
2024-01-29 09:09:00,519 [WARN] ModelIntegratedComponent:63 - No mode defined for component null
2024-01-29 09:09:00,519 [WARN] ModelIntegratedComponent:63 - No mode defined for component null
2024-01-29 09:09:00,519 [WARN] ModelIntegratedComponent:63 - No mode defined for component null
2024-01-29 09:09:00,520 [WARN] ModelIntegratedComponent:63 - No mode defined for component null
2024-01-29 09:09:00,520 [WARN] ModelIntegratedComponent:63 - No mode defined for component null
2024-01-29 09:09:00,520 [WARN] ModelIntegratedComponent:63 - No mode defined for component null
2024-01-29 09:09:00,520 [WARN] ModelIntegratedComponent:63 - No mode defined for component null
2024-01-29 09:09:00,520 [WARN] ModelIntegratedComponent:63 - No mode defined for component null
2024-01-29 09:09:00,520 [WARN] ModelIntegratedComponent:63 - No mode defined for component null
2024-01-29 09:09:00,520 [WARN] ModelIntegratedComponent:63 - No mode defined for component null
2024-01-29 09:09:00,520 [WARN] ModelIntegratedComponent:63 - No mode defined for component null
2024-01-29 09:09:00,520 [WARN] ModelIntegratedComponent:63 - No mode defined for component null
2024-01-29 09:09:00,520 [WARN] ModelIntegratedComponent:63 - No mode defined for component null
2024-01-29 09:09:00,520 [WARN] ModelIntegratedComponent:63 - No mode defined for component null
2024-01-29 09:09:00,520 [WARN] ModelIntegratedComponent:63 - No mode defined for component null
2024-01-29 09:09:00,520 [WARN] ModelIntegratedComponent:63 - No mode defined for component null
2024-01-29 09:09:00,520 [WARN] ModelIntegratedComponent:63 - No mode defined for component null
2024-01-29 09:09:00,520 [WARN] ModelIntegratedComponent:63 - No mode defined for component null
2024-01-29 09:09:00,520 [WARN] ModelIntegratedComponent:63 - No mode defined for component null
2024-01-29 09:09:00,638 [INFO] ThirdPartyModel:298 - Start build external matchings
2024-01-29 09:09:01,389 [INFO] ThirdPartyModel:316 - End build external matchings
2024-01-29 09:09:01,857 [INFO] UtilMem:75 - End LoadConfig() Used Memory: 322169120 Bytes (412090368)
2024-01-29 09:09:02,117 [INFO] ApiDb:581 - Connected to CubeFinder SQLite database (C:\Users\Amit Tayade\.stmcufinder\plugins\mcufinder\mcu\cube-finder-db.db)
2024-01-29 09:09:02,218 [INFO] ApiDb:668 - CubeFinder database Data Model version=2.1
2024-01-29 09:09:02,218 [INFO] ApiDb:669 - CubeFinder database Configuration version=3.0.37
2024-01-29 09:09:02,218 [INFO] ApiDb:670 - CubeFinder database generation date=2023-10-13 (1697197505)
2024-01-29 09:09:02,218 [INFO] ApiDb:671 - CubeFinder database FW Pack versions=[FP-ATR-ASTRA1_V2.0.0, FP-SNS-FLIGHT1_V5.0.1, FP-SNS-FLIGHT1_V5.0.2, FP-SNS-MOTENV1_V4.3.1, FP-SNS-MOTENV1_V4.3.2, FP-SNS-SMARTAG2_V1.2.0, I-CUBE-ITTIADB_V8.6.3-1, STM32Cube_FW_C0_V1.1.0, STM32Cube_FW_F4_V1.27.1, STM32Cube_FW_F7_V1.17.0, STM32Cube_FW_G0_V1.6.1, STM32Cube_FW_G4_V1.5.1, STM32Cube_FW_H5_V0.5.1, STM32Cube_FW_H5_V1.1.1, STM32Cube_FW_H7_V1.11.0, STM32Cube_FW_L0_V1.12.2, STM32Cube_FW_L5_V1.5.0, STM32Cube_FW_U5_V1.3.0, STM32Cube_FW_U5_V1.3.0RC4, STM32Cube_FW_WBA_V1.0.0RC1, STM32Cube_FW_WBA_V1.1.0RC1, STM32Cube_FW_WBA_V1.1.1, STM32Cube_FW_WB_V1.15.0RC1, STM32Cube_FW_WB_V1.16.0, STM32Cube_FW_WB_V1.16.0RC2, STM32Cube_FW_WB_V1.17.3, STM32Cube_FW_WL_V1.3.0, X-CUBE-ALGOBUILD_V1.3.0, X-CUBE-ALS_V1.0.1, X-CUBE-AZRTOS-F4_V1.1.0, X-CUBE-AZRTOS-F7_V1.1.0, X-CUBE-AZRTOS-G0_V1.1.0, X-CUBE-AZRTOS-G4_V2.0.0, X-CUBE-AZRTOS-H7_V3.1.0, X-CUBE-AZRTOS-L4_V1.0.0, X-CUBE-AZRTOS-L4_V2.0.0, X-CUBE-AZRTOS-L5_V1.1.0, X-CUBE-AZRTOS-WB_V2.0.0, X-CUBE-AZRTOS-WL_V2.0.0, X-CUBE-BLE1_V7.0.0, X-CUBE-BLE2_V3.3.0, X-CUBE-BLEMGR_V2.0.0, X-CUBE-EEPRMA1_V4.1.0, X-CUBE-FREERTOS_V1.1.0, X-CUBE-GNSS1_V6.0.0, X-CUBE-MEMS1_V10.0.0, X-CUBE-MEMS1_V9.1.0, X-CUBE-MEMS1_V9.4.0, X-CUBE-MEMS1_V9.6.0, X-CUBE-NFC4_V3.0.0, X-CUBE-NFC7_V1.0.1, X-CUBE-SFXS2LP1_V4.0.0, X-CUBE-SUBG2_V5.0.0, X-CUBE-TOF1_V3.3.1]
2024-01-29 09:09:05,220 [INFO] ApiDb:240 - Found 323 in-development CPN: [B-G473E-ZEST1S, B-WB1M-WPAN1, B-WL5M-SUBG1, NUCLEO-C031C6, NUCLEO-H503RB, NUCLEO-H563ZI, NUCLEO-U545RE-Q, NUCLEO-U5A5ZJ-Q, NUCLEO-WBA52CG, STEVAL-PROTEUS1, STEVAL-SMARTAG2, STEVAL-STWINBX1, STM320518-EVAL, STM32C0116-DK, STM32C011D6Y3TR, STM32C011D6Y6TR, STM32C011F4P3, STM32C011F4P6, STM32C011F4U3, STM32C011F4U6TR, STM32C011F6P3, STM32C011F6P6, STM32C011F6U3, STM32C011F6U6TR, STM32C011J4M3, STM32C011J4M6, STM32C011J6M3, STM32C011J6M6, STM32C0316-DK, STM32C031C4T3, STM32C031C4T6, STM32C031C4U3, STM32C031C4U6, STM32C031C6T3, STM32C031C6T6, STM32C031C6U3, STM32C031C6U6, STM32C031F4P3, STM32C031F4P6, STM32C031F6P3, STM32C031F6P6, STM32C031G4U3, STM32C031G4U6, STM32C031G6U3, STM32C031G6U6, STM32C031K4T3, STM32C031K4T6, STM32C031K4U3, STM32C031K4U6, STM32C031K6T3, STM32C031K6T6, STM32C031K6U3, STM32C031K6U6, STM32G071K8TXN, STM32G071K8UXN, STM32G081GBU6N, STM32G081KBT6N, STM32G081KBUXN, STM32G0B1CCT6N, STM32G0B1KCT6, STM32G0B1NEY6TR, STM32G0B1RCT6N, STM32G0C1CCT6, STM32G0C1CCT6N, STM32G0C1CCU6N, STM32G0C1CET6N, STM32G0C1CEU6N, STM32G0C1KCT6, STM32G0C1NEY6TR, STM32G0C1RCI6N, STM32G0C1RCT6N, STM32G0C1REI6N, STM32G0C1RET6N, STM32G0C1VCI6, STM32G0C1VEI6, STM32G471CCT6, STM32G471CCU6, STM32G471CET3, STM32G471CET6, STM32G471CEU3, STM32G471CEU6, STM32G471MCT6, STM32G471MET3, STM32G471MET6, STM32G471MEY6TR, STM32G471QCT6, STM32G471QET3, STM32G471RCT6, STM32G471RET3, STM32G471RET6, STM32G471VCH6, STM32G471VCI6, STM32G471VCT6, STM32G471VEH3, STM32G471VEH6, STM32G471VEI3, STM32G471VEI6, STM32G471VET3, STM32G471VET6, STM32G474CCT6, STM32H503CBT6, STM32H503CBU6, STM32H503EBY6TR, STM32H503KBU6, STM32H503RBT6, STM32H562AGI6, STM32H562AII6, STM32H562IGK6, STM32H562IGT6, STM32H562IIK6, STM32H562IIT6, STM32H562RGT6, STM32H562RGV6, STM32H562RIT6, STM32H562RIV6, STM32H562VGT6, STM32H562VIT6, STM32H562ZGT6, STM32H562ZIT6, STM32H563AGI6, STM32H563AII3Q, STM32H563AII6, STM32H563IGK6, STM32H563IGT6, STM32H563IIK3Q, STM32H563IIK6, STM32H563IIT3Q, STM32H563IIT6, STM32H563MIY3QTR, STM32H563RGT6, STM32H563RGV6, STM32H563RIT6, STM32H563RIV6, STM32H563VGT6, STM32H563VIT3Q, STM32H563VIT6, STM32H563ZGT6, STM32H563ZIT3Q, STM32H563ZIT6, STM32H573AII3Q, STM32H573AII6, STM32H573I-DK, STM32H573IIK3Q, STM32H573IIK6, STM32H573IIT3Q, STM32H573IIT6, STM32H573MIY3QTR, STM32H573RIT6, STM32H573RIV6, STM32H573VIT3Q, STM32H573VIT6, STM32H573ZIT3Q, STM32H573ZIT6, STM32L4R5QGI6STR, STM32MP131AAE3, STM32MP131AAF3, STM32MP131AAG3, STM32MP131CAE3, STM32MP131CAF3, STM32MP131CAG3, STM32MP131DAE7, STM32MP131DAF7, STM32MP131DAG7, STM32MP131FAE7, STM32MP131FAF7, STM32MP131FAG7, STM32MP133AAE3, STM32MP133AAF3, STM32MP133AAG3, STM32MP133CAE3, STM32MP133CAF3, STM32MP133CAG3, STM32MP133DAE7, STM32MP133DAF7, STM32MP133DAG7, STM32MP133FAE7, STM32MP133FAF7, STM32MP133FAG7, STM32MP135AAE3, STM32MP135AAF3, STM32MP135AAG3, STM32MP135CAE3, STM32MP135CAF3, STM32MP135CAG3, STM32MP135DAE7, STM32MP135DAF7, STM32MP135DAG7, STM32MP135F-DK, STM32MP135FAE7, STM32MP135FAF7, STM32MP135FAF7T, STM32MP135FAF7U, STM32MP135FAG7, STM32U535CBT6, STM32U535CBT6Q, STM32U535CBU6, STM32U535CBU6Q, STM32U535CCT6, STM32U535CCT6Q, STM32U535CCU6, STM32U535CCU6Q, STM32U535CET6, STM32U535CET6Q, STM32U535CEU6, STM32U535CEU6Q, STM32U535JEY6QTR, STM32U535NCY6QTR, STM32U535NEY6QTR, STM32U535RBI6, STM32U535RBI6Q, STM32U535RBT6, STM32U535RBT6Q, STM32U535RCI6, STM32U535RCI6Q, STM32U535RCT6, STM32U535RCT6Q, STM32U535REI6, STM32U535REI6Q, STM32U535RET6, STM32U535RET6Q, STM32U535VCI6, STM32U535VCI6Q, STM32U535VCT6, STM32U535VCT6Q, STM32U535VEI6, STM32U535VEI6Q, STM32U535VET6, STM32U535VET6Q, STM32U545CET6, STM32U545CET6Q, STM32U545CEU6, STM32U545CEU6Q, STM32U545JEY6QTR, STM32U545NEY6QTR, STM32U545REI6, STM32U545REI6Q, STM32U545RET6, STM32U545RET6Q, STM32U545VEI6, STM32U545VEI6Q, STM32U545VET6, STM32U545VET6Q, STM32U595AIH6, STM32U595AIH6Q, STM32U595AJH6, STM32U595AJH6Q, STM32U595QII6, STM32U595QII6Q, STM32U595QJI6, STM32U595QJI6Q, STM32U595RIT6, STM32U595RIT6Q, STM32U595RJT6, STM32U595RJT6Q, STM32U595VIT6, STM32U595VIT6Q, STM32U595VJT6, STM32U595VJT6Q, STM32U595ZIT6, STM32U595ZIT6Q, STM32U595ZIY6QTR, STM32U595ZJT6, STM32U595ZJT6Q, STM32U595ZJY6QTR, STM32U599BJY6QTR, STM32U599NIH6Q, STM32U599NJH6Q, STM32U599VIT6Q, STM32U599VJT6, STM32U599VJT6Q, STM32U599ZIT6Q, STM32U599ZIY6QTR, STM32U599ZJT6Q, STM32U599ZJY6QTR, STM32U5A5AJH6, STM32U5A5AJH6Q, STM32U5A5QJI6, STM32U5A5QJI6Q, STM32U5A5RJT6, STM32U5A5RJT6Q, STM32U5A5VJT6, STM32U5A5VJT6Q, STM32U5A5ZJT6, STM32U5A5ZJT6Q, STM32U5A5ZJY6QTR, STM32U5A9BJY6QTR, STM32U5A9J-DK, STM32U5A9NJH6Q, STM32U5A9VJT6Q, STM32U5A9ZJT6Q, STM32U5A9ZJY6QTR, STM32U5F7VIT6, STM32U5F7VIT6Q, STM32U5F7VJT6, STM32U5F7VJT6Q, STM32U5F9BJY6QTR, STM32U5F9NJH6Q, STM32U5F9VIT6Q, STM32U5F9VJT6Q, STM32U5F9ZIJ6QTR, STM32U5F9ZIT6Q, STM32U5F9ZJJ6QTR, STM32U5F9ZJT6Q, STM32U5G7VJT6, STM32U5G7VJT6Q, STM32U5G9BJY6QTR, STM32U5G9J-DK1, STM32U5G9J-DK2, STM32U5G9NJH6Q, STM32U5G9VJT6Q, STM32U5G9ZJJ6QTR, STM32U5G9ZJT6Q, STM32WB1MMCH6, STM32WBA52CEU6, STM32WBA52CEU6T, STM32WBA52CGU6, STM32WBA52CGU6T, STM32WBA52KEU6, STM32WBA52KEU6T, STM32WBA52KGU6, STM32WBA52KGU6T, STM32WL5MOCH6, STM32WL5MOCH6TR]
2024-01-29 09:09:05,228 [INFO] DbMcus:217 - Found 3848 MCUs, 3848 are supported
2024-01-29 09:09:05,230 [INFO] ApiDb:423 - Load user favorites file C:\Users\Amit Tayade/.stm32cubeide/favorites.mcus.txt: 0 item(s)
2024-01-29 09:09:05,230 [INFO] ApiDb:427 - User favorites MCUs=[]
2024-01-29 09:09:05,230 [INFO] DbMcus:223 - Set 0 / 0 favorites MCUs
2024-01-29 09:09:05,611 [WARN] ThirdParty:833 - waiting for thirdparty lock release [change project]
2024-01-29 09:09:05,611 [INFO] ThirdParty:835 - entering critical section [change project]
2024-01-29 09:09:05,611 [INFO] ThirdParty:1030 - CMSIS Pack Vendor :STMicroelectronics X-CUBE-ISPU 1.1.0
2024-01-29 09:09:05,611 [INFO] ThirdParty:1030 - CMSIS Pack Vendor :STMicroelectronics USBPD 4.1
2024-01-29 09:09:05,611 [INFO] ThirdParty:1030 - CMSIS Pack Vendor :STMicroelectronics X-CUBE-GNSS1 6.0.0
2024-01-29 09:09:05,611 [INFO] ThirdParty:1030 - CMSIS Pack Vendor :STMicroelectronics USB_HOST 2.0.0
2024-01-29 09:09:05,611 [INFO] ThirdParty:1030 - CMSIS Pack Vendor :STMicroelectronics X-CUBE-AZRTOS-F4 1.1.0
2024-01-29 09:09:05,611 [INFO] ThirdParty:1030 - CMSIS Pack Vendor :STMicroelectronics LIBJPEG 8.0.0
2024-01-29 09:09:05,612 [INFO] ThirdParty:1030 - CMSIS Pack Vendor :wolfSSL I-CUBE-wolfSSL 5.6.3
2024-01-29 09:09:05,612 [INFO] ThirdParty:1030 - CMSIS Pack Vendor :STMicroelectronics X-CUBE-SMBUS 2.1.0
2024-01-29 09:09:05,612 [INFO] ThirdParty:1030 - CMSIS Pack Vendor :STMicroelectronics USB_DEVICE 3.0.0
2024-01-29 09:09:05,612 [INFO] ThirdParty:1030 - CMSIS Pack Vendor :STMicroelectronics X-CUBE-AZRTOS-WB 2.0.0
2024-01-29 09:09:05,612 [INFO] ThirdParty:1030 - CMSIS Pack Vendor :STMicroelectronics X-CUBE-FREERTOS 1.0.1
2024-01-29 09:09:05,612 [INFO] ThirdParty:1030 - CMSIS Pack Vendor :STMicroelectronics X-CUBE-TOUCHGFX 4.23.0
2024-01-29 09:09:05,612 [INFO] ThirdParty:1030 - CMSIS Pack Vendor :STMicroelectronics X-CUBE-AZRTOS-F7 1.1.0
2024-01-29 09:09:05,612 [INFO] ThirdParty:1030 - CMSIS Pack Vendor :STMicroelectronics X-CUBE-AZRTOS-L5 2.0.0
2024-01-29 09:09:05,612 [INFO] ThirdParty:1030 - CMSIS Pack Vendor :STMicroelectronics USB_DEVICE 2.0.0
2024-01-29 09:09:05,612 [INFO] ThirdParty:1030 - CMSIS Pack Vendor :STMicroelectronics X-CUBE-MEMS1 9.6.0
2024-01-29 09:09:05,612 [INFO] ThirdParty:1030 - CMSIS Pack Vendor :STMicroelectronics X-CUBE-EEPRMA1 4.2.0
2024-01-29 09:09:05,612 [INFO] ThirdParty:1030 - CMSIS Pack Vendor :ITTIA_DB I-CUBE-ITTIADB 8.8.0
2024-01-29 09:09:05,612 [INFO] ThirdParty:1030 - CMSIS Pack Vendor :STMicroelectronics FP-SNS-MOTENV1 4.3.2
2024-01-29 09:09:05,613 [INFO] ThirdParty:1030 - CMSIS Pack Vendor :STMicroelectronics X-CUBE-ALGOBUILD 1.3.0
2024-01-29 09:09:05,613 [INFO] ThirdParty:1030 - CMSIS Pack Vendor :STMicroelectronics X-CUBE-BLE1 6.2.4
2024-01-29 09:09:05,613 [INFO] ThirdParty:1030 - CMSIS Pack Vendor :STMicroelectronics X-CUBE-AZRTOS-L5 1.1.0
2024-01-29 09:09:05,613 [INFO] ThirdParty:1030 - CMSIS Pack Vendor :STMicroelectronics FreeRTOS 0.0.1
2024-01-29 09:09:05,613 [INFO] ThirdParty:1030 - CMSIS Pack Vendor :STMicroelectronics X-CUBE-AZRTOS-G0 1.1.0
2024-01-29 09:09:05,613 [INFO] ThirdParty:1030 - CMSIS Pack Vendor :STMicroelectronics X-CUBE-BLEMGR 2.0.0
2024-01-29 09:09:05,613 [INFO] ThirdParty:1030 - CMSIS Pack Vendor :STMicroelectronics X-CUBE-AI 8.0.1
2024-01-29 09:09:05,613 [INFO] ThirdParty:1030 - CMSIS Pack Vendor :STMicroelectronics X-CUBE-NFC4 3.0.0
2024-01-29 09:09:05,613 [INFO] ThirdParty:1030 - CMSIS Pack Vendor :STMicroelectronics X-CUBE-SUBG2 5.0.0
2024-01-29 09:09:05,613 [INFO] ThirdParty:1030 - CMSIS Pack Vendor :STMicroelectronics STM32_WPAN 1.0.0
2024-01-29 09:09:05,614 [INFO] ThirdParty:1030 - CMSIS Pack Vendor :STMicroelectronics lwIP 2.0.3
2024-01-29 09:09:05,614 [INFO] ThirdParty:1030 - CMSIS Pack Vendor :STMicroelectronics FP-SNS-FLIGHT1 5.0.2
2024-01-29 09:09:05,614 [INFO] ThirdParty:1030 - CMSIS Pack Vendor :STMicroelectronics USB_HOST 1.0.0
2024-01-29 09:09:05,614 [INFO] ThirdParty:1030 - CMSIS Pack Vendor :STMicroelectronics X-CUBE-TOF1 3.3.1
2024-01-29 09:09:05,614 [INFO] ThirdParty:1030 - CMSIS Pack Vendor :STMicroelectronics X-CUBE-AZRTOS-G4 2.0.0
2024-01-29 09:09:05,614 [INFO] ThirdParty:1030 - CMSIS Pack Vendor :STMicroelectronics PDM2PCM 3.1.0
2024-01-29 09:09:05,614 [INFO] ThirdParty:1030 - CMSIS Pack Vendor :STMicroelectronics X-CUBE-AZRTOS-H7 3.1.0
2024-01-29 09:09:05,614 [INFO] ThirdParty:1030 - CMSIS Pack Vendor :Infineon AIROC-Wi-Fi-Bluetooth-STM32 1.5.1
2024-01-29 09:09:05,614 [INFO] ThirdParty:1030 - CMSIS Pack Vendor :STMicroelectronics X-CUBE-BLEMGR 3.0.0
2024-01-29 09:09:05,614 [INFO] ThirdParty:1030 - CMSIS Pack Vendor :STMicroelectronics PDM2PCM 3.3.0
2024-01-29 09:09:05,614 [INFO] ThirdParty:1030 - CMSIS Pack Vendor :STMicroelectronics X-CUBE-DISPLAY 3.0.0
2024-01-29 09:09:05,614 [INFO] ThirdParty:1030 - CMSIS Pack Vendor :STMicroelectronics FP-SNS-MOTENVWB1 1.3.1
2024-01-29 09:09:05,615 [INFO] ThirdParty:1030 - CMSIS Pack Vendor :STMicroelectronics X-CUBE-BLE1 7.0.0
2024-01-29 09:09:05,615 [INFO] ThirdParty:1030 - CMSIS Pack Vendor :STMicroelectronics FP-ATR-SIGFOX1 3.2.0
2024-01-29 09:09:05,615 [INFO] ThirdParty:1030 - CMSIS Pack Vendor :STMicroelectronics X-CUBE-ISPU 2.0.0
2024-01-29 09:09:05,615 [INFO] ThirdParty:1030 - CMSIS Pack Vendor :STMicroelectronics X-CUBE-EEPRMA1 5.1.0
2024-01-29 09:09:05,615 [INFO] ThirdParty:1030 - CMSIS Pack Vendor :STMicroelectronics HAL Drivers 0.0.0
2024-01-29 09:09:05,615 [INFO] ThirdParty:1030 - CMSIS Pack Vendor :STMicroelectronics MBEDTLS 2.16.2
2024-01-29 09:09:05,615 [INFO] ThirdParty:1030 - CMSIS Pack Vendor :emotas I-CUBE-CANOPEN 1.3.0
2024-01-29 09:09:05,615 [INFO] ThirdParty:1030 - CMSIS Pack Vendor :STMicroelectronics X-CUBE-MEMS1 10.0.0
2024-01-29 09:09:05,615 [INFO] ThirdParty:1030 - CMSIS Pack Vendor :STMicroelectronics X-CUBE-FREERTOS 1.1.0
2024-01-29 09:09:05,615 [INFO] ThirdParty:1030 - CMSIS Pack Vendor :STMicroelectronics X-CUBE-TOUCHGFX 4.22.0
2024-01-29 09:09:05,615 [INFO] ThirdParty:1030 - CMSIS Pack Vendor :STMicroelectronics X-CUBE-NFC7 1.0.1
2024-01-29 09:09:05,615 [INFO] ThirdParty:1030 - CMSIS Pack Vendor :STMicroelectronics MBEDTLS 2.14.1
2024-01-29 09:09:05,615 [INFO] ThirdParty:1030 - CMSIS Pack Vendor :STMicroelectronics X-CUBE-TOUCHGFX 4.22.1
2024-01-29 09:09:05,616 [INFO] ThirdParty:1030 - CMSIS Pack Vendor :STMicroelectronics X-CUBE-NFC6 3.0.0
2024-01-29 09:09:05,616 [INFO] ThirdParty:1030 - CMSIS Pack Vendor :STMicroelectronics X-CUBE-EEPRMA1 4.1.0
2024-01-29 09:09:05,616 [INFO] ThirdParty:1030 - CMSIS Pack Vendor :portGmbH I-Cube-SoM-uGOAL 1.1.0
2024-01-29 09:09:05,616 [INFO] ThirdParty:1030 - CMSIS Pack Vendor :STMicroelectronics X-CUBE-ALS 1.0.1
2024-01-29 09:09:05,616 [INFO] ThirdParty:1030 - CMSIS Pack Vendor :STMicroelectronics ThreadX 1.0.0
2024-01-29 09:09:05,616 [INFO] ThirdParty:1030 - CMSIS Pack Vendor :STMicroelectronics FP-SNS-SMARTAG2 1.2.0
2024-01-29 09:09:05,616 [INFO] ThirdParty:1030 - CMSIS Pack Vendor :STMicroelectronics X-CUBE-AZRTOS-WB 1.1.0
2024-01-29 09:09:05,616 [INFO] ThirdParty:1030 - CMSIS Pack Vendor :STMicroelectronics X-CUBE-AZRTOS-WL 2.0.0
2024-01-29 09:09:05,616 [INFO] ThirdParty:1030 - CMSIS Pack Vendor :SEGGER I-CUBE-embOS 1.3.1
2024-01-29 09:09:05,616 [INFO] ThirdParty:1030 - CMSIS Pack Vendor :STMicroelectronics USB_DEVICE 1.0.0
2024-01-29 09:09:05,616 [INFO] ThirdParty:1030 - CMSIS Pack Vendor :STMicroelectronics X-CUBE-AI 8.1.0
2024-01-29 09:09:05,616 [INFO] ThirdParty:1030 - CMSIS Pack Vendor :STMicroelectronics X-CUBE-AZRTOS-L4 2.0.0
2024-01-29 09:09:05,617 [INFO] ThirdParty:1030 - CMSIS Pack Vendor :STMicroelectronics ThreadX 0.0.2
2024-01-29 09:09:05,617 [INFO] ThirdParty:1030 - CMSIS Pack Vendor :WES I-CUBE-Cesium 1.3.0
2024-01-29 09:09:05,617 [INFO] ThirdParty:1030 - CMSIS Pack Vendor :STMicroelectronics FP-ATR-ASTRA1 2.0.0
2024-01-29 09:09:05,617 [INFO] ThirdParty:1030 - CMSIS Pack Vendor :STMicroelectronics lwIP 2.1.2
2024-01-29 09:09:05,617 [INFO] ThirdParty:1030 - CMSIS Pack Vendor :STMicroelectronics X-CUBE-SFXS2LP1 4.0.0
2024-01-29 09:09:05,617 [INFO] ThirdParty:1030 - CMSIS Pack Vendor :STMicroelectronics X-CUBE-BLE2 3.3.0
2024-01-29 09:09:05,617 [INFO] ThirdParty:1030 - CMSIS Pack Vendor :STMicroelectronics X-CUBE-TOF1 3.4.0
2024-01-29 09:09:05,617 [INFO] ThirdParty:1030 - CMSIS Pack Vendor :STMicroelectronics X-CUBE-AZRTOS-H7 3.2.0
2024-01-29 09:09:05,617 [INFO] ThirdParty:1030 - CMSIS Pack Vendor :STMicroelectronics PDM2PCM 3.2.0
2024-01-29 09:09:05,617 [INFO] ThirdParty:841 - exiting critical section [change project]
2024-01-29 09:09:06,071 [INFO] PinOutPanel:1499 - setPackage(No Configuration,No Configuration)
2024-01-29 09:09:06,073 [INFO] PinOutPanel:1499 - setPackage(STM32F446RETx,LQFP64)
2024-01-29 09:09:06,780 [INFO] UtilMem:75 - Before build in PCC Used Memory: 220566832 Bytes (412090368)
2024-01-29 09:09:07,826 [INFO] UtilMem:75 - After build in PCC Used Memory: 300332944 Bytes (412090368)
2024-01-29 09:09:07,872 [INFO] IPUIPlugin:80 - create IPUIPlugin
2024-01-29 09:09:07,872 [INFO] IPUIPlugin:80 - create IPUIPlugin
2024-01-29 09:09:07,872 [INFO] IPUIPlugin:80 - create IPUIPlugin
2024-01-29 09:09:07,872 [INFO] IPUIPlugin:80 - create IPUIPlugin
2024-01-29 09:09:07,872 [INFO] IPUIPlugin:80 - create IPUIPlugin
2024-01-29 09:09:07,873 [INFO] IPUIPlugin:80 - create IPUIPlugin
2024-01-29 09:09:07,873 [INFO] IPUIPlugin:80 - create IPUIPlugin
2024-01-29 09:09:07,873 [INFO] IPUIPlugin:80 - create IPUIPlugin
2024-01-29 09:09:07,873 [INFO] IPUIPlugin:80 - create IPUIPlugin
2024-01-29 09:09:07,873 [INFO] IPUIPlugin:80 - create IPUIPlugin
2024-01-29 09:09:07,873 [INFO] IPUIPlugin:80 - create IPUIPlugin
2024-01-29 09:09:07,873 [INFO] IPUIPlugin:80 - create IPUIPlugin
2024-01-29 09:09:07,874 [INFO] IPUIPlugin:80 - create IPUIPlugin
2024-01-29 09:09:07,874 [INFO] IPUIPlugin:80 - create IPUIPlugin
2024-01-29 09:09:07,874 [INFO] IPUIPlugin:80 - create IPUIPlugin
2024-01-29 09:09:07,874 [INFO] IPUIPlugin:80 - create IPUIPlugin
2024-01-29 09:09:07,874 [INFO] IPUIPlugin:80 - create IPUIPlugin
2024-01-29 09:09:07,874 [INFO] IPUIPlugin:80 - create IPUIPlugin
2024-01-29 09:09:07,874 [INFO] IPUIPlugin:80 - create IPUIPlugin
2024-01-29 09:09:07,875 [INFO] IPUIPlugin:80 - create IPUIPlugin
2024-01-29 09:09:07,875 [INFO] IPUIPlugin:80 - create IPUIPlugin
2024-01-29 09:09:07,875 [INFO] IPUIPlugin:80 - create IPUIPlugin
2024-01-29 09:09:07,875 [INFO] IPUIPlugin:80 - create IPUIPlugin
2024-01-29 09:09:07,875 [INFO] IPUIPlugin:80 - create IPUIPlugin
2024-01-29 09:09:07,876 [INFO] IPUIPlugin:80 - create IPUIPlugin
2024-01-29 09:09:07,876 [INFO] IPUIPlugin:80 - create IPUIPlugin
2024-01-29 09:09:07,876 [INFO] IPUIPlugin:80 - create IPUIPlugin
2024-01-29 09:09:07,877 [INFO] IPUIPlugin:80 - create IPUIPlugin
2024-01-29 09:09:07,877 [INFO] IPUIPlugin:80 - create IPUIPlugin
2024-01-29 09:09:07,877 [INFO] IPUIPlugin:80 - create IPUIPlugin
2024-01-29 09:09:07,877 [INFO] IPUIPlugin:80 - create IPUIPlugin
2024-01-29 09:09:07,877 [INFO] IPUIPlugin:80 - create IPUIPlugin
2024-01-29 09:09:07,878 [INFO] IPUIPlugin:80 - create IPUIPlugin
2024-01-29 09:09:07,878 [INFO] IPUIPlugin:80 - create IPUIPlugin
2024-01-29 09:09:07,878 [INFO] IPUIPlugin:80 - create IPUIPlugin
2024-01-29 09:09:07,878 [INFO] IPUIPlugin:80 - create IPUIPlugin
2024-01-29 09:09:07,878 [INFO] IPUIPlugin:80 - create IPUIPlugin
2024-01-29 09:09:07,879 [INFO] IPUIPlugin:80 - create IPUIPlugin
2024-01-29 09:09:07,879 [INFO] IPUIPlugin:80 - create IPUIPlugin
2024-01-29 09:09:07,879 [INFO] IPUIPlugin:80 - create IPUIPlugin
2024-01-29 09:09:07,879 [INFO] IPUIPlugin:80 - create IPUIPlugin
2024-01-29 09:09:07,880 [INFO] IPUIPlugin:80 - create IPUIPlugin
2024-01-29 09:09:07,880 [INFO] IPUIPlugin:80 - create IPUIPlugin
2024-01-29 09:09:07,880 [INFO] IPUIPlugin:80 - create IPUIPlugin
2024-01-29 09:09:07,880 [INFO] IPUIPlugin:80 - create IPUIPlugin
2024-01-29 09:09:07,881 [INFO] IPUIPlugin:80 - create IPUIPlugin
2024-01-29 09:09:07,881 [INFO] IPUIPlugin:80 - create IPUIPlugin
2024-01-29 09:09:07,881 [INFO] IPUIPlugin:80 - create IPUIPlugin
2024-01-29 09:09:07,882 [INFO] IPUIPlugin:80 - create IPUIPlugin
2024-01-29 09:09:07,882 [INFO] IPUIPlugin:80 - create IPUIPlugin
2024-01-29 09:09:07,882 [INFO] IPUIPlugin:80 - create IPUIPlugin
2024-01-29 09:09:07,883 [INFO] IPUIPlugin:80 - create IPUIPlugin
2024-01-29 09:09:07,883 [INFO] IPUIPlugin:80 - create IPUIPlugin
2024-01-29 09:09:07,884 [INFO] IPUIPlugin:80 - create IPUIPlugin
2024-01-29 09:09:07,885 [INFO] IPUIPlugin:80 - create IPUIPlugin
2024-01-29 09:09:07,885 [INFO] IPUIPlugin:80 - create IPUIPlugin
2024-01-29 09:09:07,886 [INFO] IPUIPlugin:80 - create IPUIPlugin
2024-01-29 09:09:07,887 [INFO] IPUIPlugin:80 - create IPUIPlugin
2024-01-29 09:09:07,888 [INFO] IPUIPlugin:80 - create IPUIPlugin
2024-01-29 09:09:07,889 [INFO] IPUIPlugin:80 - create IPUIPlugin
2024-01-29 09:09:08,022 [INFO] ApiDbMcu:507 - Load IP Config File for PDM2PCM
2024-01-29 09:09:08,041 [INFO] Can:71 - Can Add PropertyChangeListener com.st.microxplorer.plugins.ip.can.Can@50757ac6
2024-01-29 09:09:08,335 [INFO] CADModel:165 - CPN selected for project levelSTM32F446RET6
2024-01-29 09:09:08,335 [INFO] CADModel:114 - Register for checkConnection events
2024-01-29 09:09:08,390 [INFO] OpenFileManager:328 - Restore cursor
2024-01-29 09:09:10,666 [ERROR] LogOutputStream:75 - [STDERR_REDIRECT] SLF4J: Failed to load class "org.slf4j.impl.StaticLoggerBinder".
2024-01-29 09:09:10,667 [ERROR] LogOutputStream:75 - [STDERR_REDIRECT] SLF4J: Defaulting to no-operation (NOP) logger implementation
2024-01-29 09:09:10,668 [ERROR] LogOutputStream:75 - [STDERR_REDIRECT] SLF4J: See http://www.slf4j.org/codes.html#StaticLoggerBinder for further details.
2024-01-29 09:10:18,982 [INFO] LogOutputStream:77 - [STDOUT_REDIRECT] Unexpected error loading extension: org.eclipse.equinox.p2.metadata.repository.compositeRepository
2024-01-29 09:10:18,986 [ERROR] LogOutputStream:75 - [STDERR_REDIRECT] java.lang.IllegalStateException: bundle org.eclipse.equinox.p2.repositoryis not started
2024-01-29 09:10:18,988 [ERROR] LogOutputStream:75 - [STDERR_REDIRECT] 	at org.eclipse.equinox.internal.p2.repository.Activator.getContext(Activator.java:65)
2024-01-29 09:10:18,991 [ERROR] LogOutputStream:75 - [STDERR_REDIRECT] 	at org.eclipse.equinox.internal.p2.repository.helpers.AbstractRepositoryManager.restoreFromSystemProperty(AbstractRepositoryManager.java:1013)
2024-01-29 09:10:18,999 [ERROR] LogOutputStream:75 - [STDERR_REDIRECT] 	at org.eclipse.equinox.internal.p2.repository.helpers.AbstractRepositoryManager.restoreRepositories(AbstractRepositoryManager.java:1033)
2024-01-29 09:10:19,005 [ERROR] LogOutputStream:75 - [STDERR_REDIRECT] 	at org.eclipse.equinox.internal.p2.repository.helpers.AbstractRepositoryManager.sortSuffixes(AbstractRepositoryManager.java:1112)
2024-01-29 09:10:19,013 [ERROR] LogOutputStream:75 - [STDERR_REDIRECT] 	at org.eclipse.equinox.internal.p2.repository.helpers.AbstractRepositoryManager.loadRepository(AbstractRepositoryManager.java:676)
2024-01-29 09:10:19,021 [ERROR] LogOutputStream:75 - [STDERR_REDIRECT] 	at org.eclipse.equinox.internal.p2.metadata.repository.MetadataRepositoryManager.loadRepository(MetadataRepositoryManager.java:110)
2024-01-29 09:10:19,029 [ERROR] LogOutputStream:75 - [STDERR_REDIRECT] 	at org.eclipse.equinox.internal.p2.metadata.repository.MetadataRepositoryManager.loadRepository(MetadataRepositoryManager.java:105)
2024-01-29 09:10:19,036 [ERROR] LogOutputStream:75 - [STDERR_REDIRECT] 	at org.eclipse.equinox.internal.p2.metadata.repository.CompositeMetadataRepository.addChild(CompositeMetadataRepository.java:171)
2024-01-29 09:10:19,043 [ERROR] LogOutputStream:75 - [STDERR_REDIRECT] 	at org.eclipse.equinox.internal.p2.metadata.repository.CompositeMetadataRepository.<init>(CompositeMetadataRepository.java:113)
2024-01-29 09:10:19,049 [ERROR] LogOutputStream:75 - [STDERR_REDIRECT] 	at org.eclipse.equinox.internal.p2.metadata.repository.CompositeMetadataRepositoryFactory.load(CompositeMetadataRepositoryFactory.java:124)
2024-01-29 09:10:19,054 [ERROR] LogOutputStream:75 - [STDERR_REDIRECT] 	at org.eclipse.equinox.internal.p2.metadata.repository.MetadataRepositoryManager.factoryLoad(MetadataRepositoryManager.java:63)
2024-01-29 09:10:19,059 [ERROR] LogOutputStream:75 - [STDERR_REDIRECT] 	at org.eclipse.equinox.internal.p2.repository.helpers.AbstractRepositoryManager.loadRepository(AbstractRepositoryManager.java:787)
2024-01-29 09:10:19,063 [ERROR] LogOutputStream:75 - [STDERR_REDIRECT] 	at org.eclipse.equinox.internal.p2.repository.helpers.AbstractRepositoryManager.loadRepository(AbstractRepositoryManager.java:685)
2024-01-29 09:10:19,066 [ERROR] LogOutputStream:75 - [STDERR_REDIRECT] 	at org.eclipse.equinox.internal.p2.metadata.repository.MetadataRepositoryManager.loadRepository(MetadataRepositoryManager.java:110)
