2024-04-06 12:50:24,100 [INFO] Activator:176 - 


2024-04-06 12:50:24,108 [INFO] Activator:177 - !SESSION log4j initialized
2024-04-06 12:50:29,542 [INFO] LogOutputStream:77 - [STDOUT_REDIRECT] 
2024-04-06 12:50:31,958 [INFO] ApplicationProperties:184 - Using Application install path: C:\ST\STM32CubeIDE_1.13.0\STM32CubeIDE\plugins\com.st.stm32cube.common.mx_6.9.0.202307051724
2024-04-06 12:50:31,985 [INFO] DbMcusXml:78 - Set database path to: C:\ST\STM32CubeIDE_1.13.0\STM32CubeIDE\plugins\com.st.stm32cube.common.mx_6.9.0.202307051724\\db\/mcu/
2024-04-06 12:50:31,986 [INFO] ApiDb:274 - Set plugin database path to: C:\ST\STM32CubeIDE_1.13.0\STM32CubeIDE\plugins\com.st.stm32cube.common.mx_6.9.0.202307051724\\db\/plugins/boardmanager/
2024-04-06 12:50:31,986 [WARN] ApiDb:259 - Overriding images path with different value:  => C:\ST\STM32CubeIDE_1.13.0\STM32CubeIDE\plugins\com.st.stm32cube.common.mx_6.9.0.202307051724\\db\/plugins/mcufinder/images/
2024-04-06 12:50:32,004 [INFO] ApiDb:250 - Set database path to: C:\Users\Amit Tayade\.stmcufinder\plugins\mcufinder//mcu/
2024-04-06 12:50:32,007 [INFO] DbMcusAds:125 - Set database path to: C:\Users\Amit Tayade\.stmcufinder\plugins\mcufinder//mcu/
2024-04-06 12:50:32,010 [INFO] CrossReferenceDbSqlite:203 - Set database path to: C:\Users\Amit Tayade\.stmcufinder\plugins\mcufinder//mcu/cs/
2024-04-06 12:50:32,176 [INFO] RulesReader:64 - Compatibility file has been processed (293 Rules)
2024-04-06 12:50:32,279 [INFO] DbMcusXml:78 - Set database path to: C:\ST\STM32CubeIDE_1.13.0\STM32CubeIDE\plugins\com.st.stm32cube.common.mx_6.9.0.202307051724\\db\/mcu/
2024-04-06 12:50:32,279 [INFO] ApiDb:274 - Set plugin database path to: C:\ST\STM32CubeIDE_1.13.0\STM32CubeIDE\plugins\com.st.stm32cube.common.mx_6.9.0.202307051724\\db\/plugins/boardmanager/
2024-04-06 12:50:32,279 [INFO] ApiDb:261 - Set plugin images path to: C:\ST\STM32CubeIDE_1.13.0\STM32CubeIDE\plugins\com.st.stm32cube.common.mx_6.9.0.202307051724\\db\/plugins/mcufinder/images/
2024-04-06 12:50:32,279 [WARN] DbFile:41 - Overriding database path with different value: C:\Users\Amit Tayade\.stmcufinder\plugins\mcufinder/ => C:\Users\Amit Tayade\.stmcufinder\plugins\mcufinder
2024-04-06 12:50:32,279 [INFO] ApiDb:250 - Set database path to: C:\Users\Amit Tayade\.stmcufinder\plugins\mcufinder//mcu/
2024-04-06 12:50:32,279 [WARN] DbFile:41 - Overriding database path with different value: C:\Users\Amit Tayade\.stmcufinder\plugins\mcufinder/ => C:\Users\Amit Tayade\.stmcufinder\plugins\mcufinder
2024-04-06 12:50:32,279 [INFO] DbMcusAds:125 - Set database path to: C:\Users\Amit Tayade\.stmcufinder\plugins\mcufinder//mcu/
2024-04-06 12:50:32,279 [WARN] DbFile:41 - Overriding database path with different value: C:\Users\Amit Tayade\.stmcufinder\plugins\mcufinder/ => C:\Users\Amit Tayade\.stmcufinder\plugins\mcufinder
2024-04-06 12:50:32,279 [WARN] DbFile:41 - Overriding database path with different value: C:\Users\Amit Tayade\.stmcufinder\plugins\mcufinder/ => C:\Users\Amit Tayade\.stmcufinder\plugins\mcufinder
2024-04-06 12:50:32,280 [INFO] CrossReferenceDbSqlite:203 - Set database path to: C:\Users\Amit Tayade\.stmcufinder\plugins\mcufinder//mcu/cs/
2024-04-06 12:50:32,369 [INFO] MainPanel:262 - HeapMemory: 268435456
2024-04-06 12:50:32,538 [INFO] DbMcusXml:78 - Set database path to: C:\ST\STM32CubeIDE_1.13.0\STM32CubeIDE\plugins\com.st.stm32cube.common.mx_6.9.0.202307051724\\db\/mcu/
2024-04-06 12:50:32,538 [INFO] ApiDb:274 - Set plugin database path to: C:\ST\STM32CubeIDE_1.13.0\STM32CubeIDE\plugins\com.st.stm32cube.common.mx_6.9.0.202307051724\\db\/plugins/boardmanager/
2024-04-06 12:50:32,538 [INFO] ApiDb:261 - Set plugin images path to: C:\ST\STM32CubeIDE_1.13.0\STM32CubeIDE\plugins\com.st.stm32cube.common.mx_6.9.0.202307051724\\db\/plugins/mcufinder/images/
2024-04-06 12:50:32,539 [WARN] DbFile:41 - Overriding database path with different value: C:\Users\Amit Tayade\.stmcufinder\plugins\mcufinder/ => C:\Users\Amit Tayade\.stmcufinder\plugins\mcufinder
2024-04-06 12:50:32,539 [INFO] ApiDb:250 - Set database path to: C:\Users\Amit Tayade\.stmcufinder\plugins\mcufinder//mcu/
2024-04-06 12:50:32,540 [WARN] DbFile:41 - Overriding database path with different value: C:\Users\Amit Tayade\.stmcufinder\plugins\mcufinder/ => C:\Users\Amit Tayade\.stmcufinder\plugins\mcufinder
2024-04-06 12:50:32,540 [INFO] DbMcusAds:125 - Set database path to: C:\Users\Amit Tayade\.stmcufinder\plugins\mcufinder//mcu/
2024-04-06 12:50:32,540 [WARN] DbFile:41 - Overriding database path with different value: C:\Users\Amit Tayade\.stmcufinder\plugins\mcufinder/ => C:\Users\Amit Tayade\.stmcufinder\plugins\mcufinder
2024-04-06 12:50:32,540 [WARN] DbFile:41 - Overriding database path with different value: C:\Users\Amit Tayade\.stmcufinder\plugins\mcufinder/ => C:\Users\Amit Tayade\.stmcufinder\plugins\mcufinder
2024-04-06 12:50:32,540 [INFO] CrossReferenceDbSqlite:203 - Set database path to: C:\Users\Amit Tayade\.stmcufinder\plugins\mcufinder//mcu/cs/
2024-04-06 12:50:32,573 [INFO] ApplicationProperties:184 - Using Application install path: C:\ST\STM32CubeIDE_1.13.0\STM32CubeIDE\plugins\com.st.stm32cube.common.mx_6.9.0.202307051724
2024-04-06 12:50:32,575 [INFO] PluginManage:196 - Search for loadable plugins [exclusion list=, ]
2024-04-06 12:50:32,578 [INFO] PluginManage:310 - Check plugin analytics
2024-04-06 12:50:32,799 [INFO] AnalyticsPlugin:253 - Accepted Software Licenses: 
2024-04-06 12:50:32,800 [INFO] AnalyticsPlugin:255 - Accepted CMSIS Pack Licenses: STMicroelectronics.X-CUBE-TOUCHGFX.4.22.1
2024-04-06 12:50:32,800 [INFO] AnalyticsPlugin:257 - Accepted Firmware Licenses: FW.F4.1.27.0
2024-04-06 12:50:32,806 [INFO] PluginManage:359 - Loaded plugin analytics (category:tool,tabindex:-1)
2024-04-06 12:50:32,808 [INFO] PluginManage:310 - Check plugin cadmodel
2024-04-06 12:50:32,817 [INFO] CADModel:105 - Init CAD model plugin
2024-04-06 12:50:32,818 [INFO] PluginManage:359 - Loaded plugin cadmodel (category:power,tabindex:5)
2024-04-06 12:50:32,818 [INFO] PluginManage:310 - Check plugin clock
2024-04-06 12:50:32,835 [INFO] PluginManage:359 - Loaded plugin clock (category:base,tabindex:2)
2024-04-06 12:50:32,835 [INFO] PluginManage:310 - Check plugin ddr
2024-04-06 12:50:32,839 [INFO] PluginManage:359 - Loaded plugin ddr (category:tool,tabindex:6)
2024-04-06 12:50:32,839 [INFO] PluginManage:310 - Check plugin filemanager
2024-04-06 12:50:33,046 [INFO] PluginManage:359 - Loaded plugin filemanager (category:base,tabindex:10)
2024-04-06 12:50:33,046 [INFO] PluginManage:310 - Check plugin ipmanager
2024-04-06 12:50:33,054 [INFO] PluginManage:359 - Loaded plugin ipmanager (category:base,tabindex:5)
2024-04-06 12:50:33,055 [INFO] PluginManage:310 - Check plugin lpbam
2024-04-06 12:50:33,065 [INFO] PluginManage:359 - Loaded plugin lpbam (category:base,tabindex:0)
2024-04-06 12:50:33,065 [INFO] PluginManage:310 - Check plugin memorymap
2024-04-06 12:50:33,084 [INFO] PluginManage:359 - Loaded plugin memorymap (category:base,tabindex:4)
2024-04-06 12:50:33,084 [INFO] PluginManage:310 - Check plugin pinoutandconfiguration
2024-04-06 12:50:33,095 [INFO] PluginManage:359 - Loaded plugin pinoutandconfiguration (category:base,tabindex:1)
2024-04-06 12:50:33,095 [INFO] PluginManage:310 - Check plugin pinoutconfig
2024-04-06 12:50:33,212 [WARN] SupportedApi:132 - Cannot load RTOS API schema: s4s-elt-must-match.1: The content of 'definitions' must match (annotation?, (simpleType | complexType)?, (unique | key | keyref)*)). A problem was found starting at: attribute.
2024-04-06 12:50:33,394 [INFO] PluginManage:359 - Loaded plugin pinoutconfig (category:base,tabindex:0)
2024-04-06 12:50:33,394 [INFO] PluginManage:310 - Check plugin power
2024-04-06 12:50:33,412 [INFO] PluginManage:359 - Loaded plugin power (category:power,tabindex:4)
2024-04-06 12:50:33,412 [INFO] PluginManage:310 - Check plugin projectmanager
2024-04-06 12:50:33,431 [INFO] PluginManage:359 - Loaded plugin projectmanager (category:projectmanager,tabindex:3)
2024-04-06 12:50:33,431 [INFO] PluginManage:310 - Check plugin thirdparty
2024-04-06 12:50:33,604 [INFO] PluginManage:359 - Loaded plugin thirdparty (category:base,tabindex:-1)
2024-04-06 12:50:33,605 [INFO] PluginManage:310 - Check plugin tools
2024-04-06 12:50:33,605 [WARN] IntegrityCheckThread:84 - waiting for thirdparty lock release [integrity check]
2024-04-06 12:50:33,605 [INFO] IntegrityCheckThread:86 - entering critical section [integrity check]
2024-04-06 12:50:33,606 [INFO] ThirdPartyUpdaterWithRetryManager:70 - Updater plugin not ready yet. [1/15]
2024-04-06 12:50:33,609 [INFO] PluginManage:359 - Loaded plugin tools (category:base,tabindex:7)
2024-04-06 12:50:33,610 [INFO] PluginManage:310 - Check plugin tutovideos
2024-04-06 12:50:33,908 [INFO] PluginManage:359 - Loaded plugin tutovideos (category:base,tabindex:-1)
2024-04-06 12:50:33,908 [INFO] PluginManage:310 - Check plugin updater
2024-04-06 12:50:33,926 [INFO] PluginManage:359 - Loaded plugin updater (category:base,tabindex:12)
2024-04-06 12:50:33,926 [INFO] PluginManage:310 - Check plugin userauth
2024-04-06 12:50:33,933 [INFO] UserAuth:113 - Init User Auth plugin
2024-04-06 12:50:33,934 [INFO] PluginManage:359 - Loaded plugin userauth (category:base,tabindex:14)
2024-04-06 12:50:33,934 [INFO] PluginManage:283 - PluginManage : Loaded plugins [17]
2024-04-06 12:50:34,222 [INFO] PinOutPanel:1499 - setPackage(No Configuration,No Configuration)
2024-04-06 12:50:34,358 [INFO] CADModel:165 - CPN selected for project level
2024-04-06 12:50:34,358 [INFO] CADModel:114 - Register for checkConnection events
2024-04-06 12:50:34,381 [INFO] IPUIPlugin:80 - create IPUIPlugin
2024-04-06 12:50:34,382 [INFO] PluginManager:220 - loadIPPluginJar : add adc
2024-04-06 12:50:34,386 [INFO] IPUIPlugin:80 - create IPUIPlugin
2024-04-06 12:50:34,386 [INFO] PluginManager:220 - loadIPPluginJar : add aes
2024-04-06 12:50:34,391 [INFO] IPUIPlugin:80 - create IPUIPlugin
2024-04-06 12:50:34,391 [INFO] PluginManager:220 - loadIPPluginJar : add can
2024-04-06 12:50:34,393 [INFO] IPUIPlugin:80 - create IPUIPlugin
2024-04-06 12:50:34,393 [INFO] PluginManager:220 - loadIPPluginJar : add comp
2024-04-06 12:50:34,398 [INFO] IPUIPlugin:80 - create IPUIPlugin
2024-04-06 12:50:34,398 [INFO] PluginManager:220 - loadIPPluginJar : add cryp
2024-04-06 12:50:34,401 [INFO] IPUIPlugin:80 - create IPUIPlugin
2024-04-06 12:50:34,402 [INFO] PluginManager:220 - loadIPPluginJar : add dfsdm
2024-04-06 12:50:34,411 [INFO] IPUIPlugin:80 - create IPUIPlugin
2024-04-06 12:50:34,412 [INFO] PluginManager:220 - loadIPPluginJar : add dma
2024-04-06 12:50:34,417 [INFO] IPUIPlugin:80 - create IPUIPlugin
2024-04-06 12:50:34,417 [INFO] PluginManager:220 - loadIPPluginJar : add dma3
2024-04-06 12:50:34,419 [INFO] IPUIPlugin:80 - create IPUIPlugin
2024-04-06 12:50:34,420 [INFO] PluginManager:220 - loadIPPluginJar : add fatfs
2024-04-06 12:50:34,426 [INFO] IPUIPlugin:80 - create IPUIPlugin
2024-04-06 12:50:34,426 [INFO] PluginManager:220 - loadIPPluginJar : add fmc
2024-04-06 12:50:34,434 [INFO] IPUIPlugin:80 - create IPUIPlugin
2024-04-06 12:50:34,435 [INFO] PluginManager:220 - loadIPPluginJar : add freertos
2024-04-06 12:50:34,437 [INFO] IPUIPlugin:80 - create IPUIPlugin
2024-04-06 12:50:34,438 [INFO] PluginManager:220 - loadIPPluginJar : add genericplugin
2024-04-06 12:50:34,441 [INFO] IPUIPlugin:80 - create IPUIPlugin
2024-04-06 12:50:34,442 [INFO] PluginManager:220 - loadIPPluginJar : add gfxmmu
2024-04-06 12:50:34,448 [INFO] IPUIPlugin:80 - create IPUIPlugin
2024-04-06 12:50:34,448 [INFO] PluginManager:220 - loadIPPluginJar : add gic
2024-04-06 12:50:34,453 [INFO] IPUIPlugin:80 - create IPUIPlugin
2024-04-06 12:50:34,453 [INFO] PluginManager:220 - loadIPPluginJar : add gpio
2024-04-06 12:50:34,458 [INFO] IPUIPlugin:80 - create IPUIPlugin
2024-04-06 12:50:34,458 [INFO] PluginManager:220 - loadIPPluginJar : add gtzc
2024-04-06 12:50:34,462 [INFO] IPUIPlugin:80 - create IPUIPlugin
2024-04-06 12:50:34,462 [INFO] PluginManager:220 - loadIPPluginJar : add hash
2024-04-06 12:50:34,466 [INFO] IPUIPlugin:80 - create IPUIPlugin
2024-04-06 12:50:34,466 [INFO] PluginManager:220 - loadIPPluginJar : add i2c
2024-04-06 12:50:34,469 [INFO] IPUIPlugin:80 - create IPUIPlugin
2024-04-06 12:50:34,470 [INFO] PluginManager:220 - loadIPPluginJar : add i2s
2024-04-06 12:50:34,473 [INFO] IPUIPlugin:80 - create IPUIPlugin
2024-04-06 12:50:34,473 [INFO] PluginManager:220 - loadIPPluginJar : add i3c
2024-04-06 12:50:34,477 [INFO] IPUIPlugin:80 - create IPUIPlugin
2024-04-06 12:50:34,477 [INFO] PluginManager:220 - loadIPPluginJar : add ipddr
2024-04-06 12:50:34,485 [INFO] IPUIPlugin:80 - create IPUIPlugin
2024-04-06 12:50:34,485 [INFO] PluginManager:220 - loadIPPluginJar : add linkedlist
2024-04-06 12:50:34,489 [INFO] IPUIPlugin:80 - create IPUIPlugin
2024-04-06 12:50:34,490 [INFO] PluginManager:220 - loadIPPluginJar : add lorawan
2024-04-06 12:50:34,492 [INFO] IPUIPlugin:80 - create IPUIPlugin
2024-04-06 12:50:34,492 [INFO] PluginManager:220 - loadIPPluginJar : add ltdc
2024-04-06 12:50:34,498 [INFO] IPUIPlugin:80 - create IPUIPlugin
2024-04-06 12:50:34,499 [INFO] PluginManager:220 - loadIPPluginJar : add mdma
2024-04-06 12:50:34,502 [INFO] IPUIPlugin:80 - create IPUIPlugin
2024-04-06 12:50:34,503 [INFO] PluginManager:220 - loadIPPluginJar : add nvic
2024-04-06 12:50:34,507 [INFO] IPUIPlugin:80 - create IPUIPlugin
2024-04-06 12:50:34,507 [INFO] PluginManager:220 - loadIPPluginJar : add opamp
2024-04-06 12:50:34,511 [INFO] IPUIPlugin:80 - create IPUIPlugin
2024-04-06 12:50:34,511 [INFO] PluginManager:220 - loadIPPluginJar : add openamp
2024-04-06 12:50:34,516 [INFO] IPUIPlugin:80 - create IPUIPlugin
2024-04-06 12:50:34,516 [INFO] PluginManager:220 - loadIPPluginJar : add pdm2pcm
2024-04-06 12:50:34,525 [INFO] IPUIPlugin:80 - create IPUIPlugin
2024-04-06 12:50:34,528 [INFO] PluginManager:220 - loadIPPluginJar : add plateformsettings
2024-04-06 12:50:34,530 [INFO] IPUIPlugin:80 - create IPUIPlugin
2024-04-06 12:50:34,530 [INFO] PluginManager:220 - loadIPPluginJar : add quadspi
2024-04-06 12:50:34,536 [INFO] IPUIPlugin:80 - create IPUIPlugin
2024-04-06 12:50:34,536 [INFO] PluginManager:220 - loadIPPluginJar : add resmgrutility
2024-04-06 12:50:34,540 [INFO] IPUIPlugin:80 - create IPUIPlugin
2024-04-06 12:50:34,540 [INFO] PluginManager:220 - loadIPPluginJar : add sai
2024-04-06 12:50:34,544 [INFO] IPUIPlugin:80 - create IPUIPlugin
2024-04-06 12:50:34,544 [INFO] PluginManager:220 - loadIPPluginJar : add spi
2024-04-06 12:50:34,551 [INFO] IPUIPlugin:80 - create IPUIPlugin
2024-04-06 12:50:34,551 [INFO] PluginManager:220 - loadIPPluginJar : add stm32_wpan
2024-04-06 12:50:34,554 [INFO] IPUIPlugin:80 - create IPUIPlugin
2024-04-06 12:50:34,554 [INFO] PluginManager:220 - loadIPPluginJar : add tim
2024-04-06 12:50:34,560 [INFO] IPUIPlugin:80 - create IPUIPlugin
2024-04-06 12:50:34,561 [INFO] PluginManager:220 - loadIPPluginJar : add touchsensing
2024-04-06 12:50:34,563 [INFO] IPUIPlugin:80 - create IPUIPlugin
2024-04-06 12:50:34,564 [INFO] PluginManager:220 - loadIPPluginJar : add tracer_emb
2024-04-06 12:50:34,567 [INFO] IPUIPlugin:80 - create IPUIPlugin
2024-04-06 12:50:34,567 [INFO] PluginManager:220 - loadIPPluginJar : add ts
2024-04-06 12:50:34,570 [INFO] IPUIPlugin:80 - create IPUIPlugin
2024-04-06 12:50:34,571 [INFO] PluginManager:220 - loadIPPluginJar : add tsc
2024-04-06 12:50:34,574 [INFO] IPUIPlugin:80 - create IPUIPlugin
2024-04-06 12:50:34,574 [INFO] PluginManager:220 - loadIPPluginJar : add ucpd
2024-04-06 12:50:34,579 [INFO] IPUIPlugin:80 - create IPUIPlugin
2024-04-06 12:50:34,580 [INFO] PluginManager:220 - loadIPPluginJar : add usart
2024-04-06 12:50:34,584 [INFO] IPUIPlugin:80 - create IPUIPlugin
2024-04-06 12:50:34,584 [INFO] PluginManager:220 - loadIPPluginJar : add usbx
2024-04-06 12:50:34,718 [INFO] CADModel:165 - CPN selected for project level
2024-04-06 12:50:34,718 [INFO] CADModel:114 - Register for checkConnection events
2024-04-06 12:50:34,719 [FATAL] Updater:308 - Updater called before beeing initialized
2024-04-06 12:50:34,719 [ERROR] CADModel:125 - Updater not yet initialized, retry later 
2024-04-06 12:50:34,939 [INFO] CADModel:165 - CPN selected for project level
2024-04-06 12:50:34,939 [INFO] CADModel:114 - Register for checkConnection events
2024-04-06 12:50:34,939 [FATAL] Updater:308 - Updater called before beeing initialized
2024-04-06 12:50:34,939 [ERROR] CADModel:125 - Updater not yet initialized, retry later 
2024-04-06 12:50:34,943 [FATAL] Updater:308 - Updater called before beeing initialized
2024-04-06 12:50:35,049 [FATAL] Updater:308 - Updater called before beeing initialized
2024-04-06 12:50:35,056 [INFO] DbMcusAds:53 - JSON generation date=Tue Mar 07 14:20:55 IST 2023 (1678179055114)
2024-04-06 12:50:35,056 [FATAL] Updater:308 - Updater called before beeing initialized
2024-04-06 12:50:35,103 [WARN] DetailPanel:346 - Failed to get advertising image, set to default
2024-04-06 12:50:35,211 [FATAL] Updater:308 - Updater called before beeing initialized
2024-04-06 12:50:35,213 [FATAL] Updater:308 - Updater called before beeing initialized
2024-04-06 12:50:35,214 [FATAL] Updater:308 - Updater called before beeing initialized
2024-04-06 12:50:35,214 [WARN] DetailPanel:346 - Failed to get advertising image, set to default
2024-04-06 12:50:35,215 [FATAL] Updater:308 - Updater called before beeing initialized
2024-04-06 12:50:35,266 [ERROR] Updater:1120 - MainUpdater not yet initialized. External WinMGr cannot be set.
2024-04-06 12:50:35,268 [INFO] Updater:1056 - Updater Version found : 6.9.0
2024-04-06 12:50:35,292 [INFO] ApplicationProperties:184 - Using Application install path: C:\ST\STM32CubeIDE_1.13.0\STM32CubeIDE\plugins\com.st.stm32cube.common.mx_6.9.0.202307051724
2024-04-06 12:50:35,433 [INFO] MainUpdater:2868 - connection check result : 10
2024-04-06 12:50:35,434 [INFO] MainUpdater:3562 - Updater definition file requires update
2024-04-06 12:50:35,435 [INFO] MainUpdater:285 - Updater Check For Update Now.
2024-04-06 12:50:35,435 [INFO] MicroXplorer:498 - Change Database Version : DB.6.0.90
2024-04-06 12:50:35,441 [INFO] McuFinderGlobals:63 - Set McuFinder mode to 2 (CubeIDE integrated)
2024-04-06 12:50:35,509 [INFO] ServerAccessManage:473 - Download File updaters.zip
2024-04-06 12:50:36,606 [WARN] MainUpdater:1189 - Updater busy. Cannot search thirdparties
2024-04-06 12:50:36,607 [INFO] ThirdPartyUpdaterWithRetryManager:96 - Updater plugin is busy. [1/15]
2024-04-06 12:50:36,973 [INFO] FileExtend:240 - Unzip File : updaters.zip
2024-04-06 12:50:36,974 [INFO] FileExtend:255 - Standard Zip Deflate
2024-04-06 12:50:37,604 [INFO] ServerAccessManage:473 - Download File PacksControlFlags.xml
2024-04-06 12:50:37,784 [INFO] ServerAccessManage:473 - Download File cubemx.pidx
2024-04-06 12:50:39,617 [WARN] MainUpdater:1189 - Updater busy. Cannot search thirdparties
2024-04-06 12:50:39,617 [INFO] ThirdPartyUpdaterWithRetryManager:96 - Updater plugin is busy. [2/15]
2024-04-06 12:50:39,822 [INFO] ServerAccessManage:473 - Download File STMicroelectronics.X-CUBE-TOUCHGFX.pdsc
2024-04-06 12:50:41,900 [WARN] PackLoader:240 - Cannot read IP mode file for STMicroelectronics.X-CUBE-TOUCHGFX.4.23.2
2024-04-06 12:50:41,900 [INFO] PopulateThirdPartyThread:66 - Ending populate Thread
2024-04-06 12:50:41,907 [INFO] ThirdParty:1030 - CMSIS Pack Vendor :STMicroelectronics X-CUBE-TOUCHGFX 4.23.2
2024-04-06 12:50:41,907 [INFO] LoadServerUpdatesThread:373 - End of LoadServerUpdate Thread
2024-04-06 12:50:42,096 [INFO] CheckServerUpdateThread:120 - End of CheckServer Thread
2024-04-06 12:50:43,230 [WARN] PackLoader:240 - Cannot read IP mode file for STMicroelectronics.X-CUBE-SMBUS.2.1.0
2024-04-06 12:50:43,230 [WARN] PackLoader:240 - Cannot read IP mode file for STMicroelectronics.X-CUBE-TOUCHGFX.4.23.1
2024-04-06 12:50:43,245 [WARN] PackLoader:240 - Cannot read IP mode file for STMicroelectronics.X-CUBE-TOUCHGFX.4.23.0
2024-04-06 12:50:43,245 [WARN] PackLoader:240 - Cannot read IP mode file for STMicroelectronics.X-CUBE-TOUCHGFX.4.23.2
2024-04-06 12:50:43,339 [WARN] PackLoader:240 - Cannot read IP mode file for STMicroelectronics.X-CUBE-AZRTOS-F7.1.1.0
2024-04-06 12:50:43,377 [WARN] PackLoader:240 - Cannot read IP mode file for STMicroelectronics.FP-SNS-MOTENV1.4.3.2
2024-04-06 12:50:43,403 [WARN] PackLoader:240 - Cannot read IP mode file for STMicroelectronics.X-CUBE-BLE1.6.2.4
2024-04-06 12:50:43,418 [WARN] PackLoader:240 - Cannot read IP mode file for STMicroelectronics.FP-SNS-FLIGHT1.5.0.2
2024-04-06 12:50:43,435 [WARN] PackLoader:240 - Cannot read IP mode file for STMicroelectronics.X-CUBE-DISPLAY.3.0.0
2024-04-06 12:50:43,467 [WARN] PackLoader:240 - Cannot read IP mode file for STMicroelectronics.X-CUBE-BLE1.7.0.0
2024-04-06 12:50:43,482 [WARN] PackLoader:240 - Cannot read IP mode file for emotas.I-CUBE-CANOPEN.1.3.0
2024-04-06 12:50:43,482 [WARN] PackLoader:240 - Cannot read IP mode file for STMicroelectronics.X-CUBE-TOUCHGFX.4.22.0
2024-04-06 12:50:43,513 [WARN] PackLoader:240 - Cannot read IP mode file for STMicroelectronics.X-CUBE-TOUCHGFX.4.22.1
2024-04-06 12:50:43,686 [WARN] PackLoader:240 - Cannot read IP mode file for STMicroelectronics.X-CUBE-BLEMGR.3.1.0
2024-04-06 12:50:43,718 [WARN] PackLoader:240 - Cannot read IP mode file for STMicroelectronics.FP-SNS-SMARTAG2.1.2.0
2024-04-06 12:50:43,749 [INFO] LogOutputStream:77 - [STDOUT_REDIRECT] 1 : Invalid condition id : UX_CORESTACK_Condition cause : null
2024-04-06 12:50:43,749 [INFO] LogOutputStream:77 - [STDOUT_REDIRECT] 1 : Invalid condition id : UX_CORESTACK_Condition cause : null
2024-04-06 12:50:43,749 [INFO] LogOutputStream:77 - [STDOUT_REDIRECT] 1 : Invalid condition id : UX_CORESTACK_Condition cause : null
2024-04-06 12:50:43,749 [INFO] LogOutputStream:77 - [STDOUT_REDIRECT] 1 : Invalid condition id : UX_CORESTACK_Condition cause : null
2024-04-06 12:50:43,762 [INFO] LogOutputStream:77 - [STDOUT_REDIRECT] 1 : Invalid condition id : UX_CORESTACK_Condition cause : null
2024-04-06 12:50:43,765 [WARN] PackLoader:240 - Cannot read IP mode file for STMicroelectronics.X-CUBE-AZRTOS-WL.2.0.0
2024-04-06 12:50:43,781 [WARN] PackLoader:240 - Cannot read IP mode file for STMicroelectronics.FP-SNS-MOTENV1.5.0.0
2024-04-06 12:50:43,797 [WARN] PackLoader:240 - Cannot read IP mode file for WES.I-CUBE-Cesium.1.3.0
2024-04-06 12:50:43,812 [WARN] PackLoader:240 - Cannot read IP mode file for STMicroelectronics.X-CUBE-BLE2.3.3.0
2024-04-06 12:50:43,843 [WARN] PackLoader:240 - Cannot read IP mode file for STMicroelectronics.X-CUBE-ALGOBUILD.1.3.0
2024-04-06 12:50:43,891 [WARN] PackLoader:240 - Cannot read IP mode file for STMicroelectronics.X-CUBE-AZRTOS-G0.1.1.0
2024-04-06 12:50:43,907 [WARN] PackLoader:240 - Cannot read IP mode file for STMicroelectronics.X-CUBE-SAFEA1.1.2.2
2024-04-06 12:50:43,939 [WARN] PackLoader:240 - Cannot read IP mode file for STMicroelectronics.X-CUBE-NFC4.3.0.0
2024-04-06 12:50:43,971 [WARN] PackLoader:240 - Cannot read IP mode file for STMicroelectronics.X-CUBE-BLEMGR.3.0.0
2024-04-06 12:50:43,986 [WARN] PackLoader:240 - Cannot read IP mode file for STMicroelectronics.FP-ATR-SIGFOX1.3.2.0
2024-04-06 12:50:44,002 [WARN] PackLoader:240 - Cannot read IP mode file for STMicroelectronics.X-CUBE-EEPRMA1.5.1.0
2024-04-06 12:50:44,097 [WARN] PackLoader:240 - Cannot read IP mode file for SEGGER.I-CUBE-embOS.1.3.1
2024-04-06 12:50:44,238 [WARN] PackLoader:240 - Cannot read IP mode file for STMicroelectronics.X-CUBE-GNSS1.6.0.0
2024-04-06 12:50:44,291 [WARN] PackLoader:240 - Cannot read IP mode file for STMicroelectronics.X-CUBE-AZRTOS-F4.1.1.0
2024-04-06 12:50:44,302 [WARN] PackLoader:240 - Cannot read IP mode file for wolfSSL.I-CUBE-wolfSSL.5.6.3
2024-04-06 12:50:44,365 [WARN] PackLoader:240 - Cannot read IP mode file for STMicroelectronics.X-CUBE-AZRTOS-L5.2.0.0
2024-04-06 12:50:44,507 [WARN] PackLoader:240 - Cannot read IP mode file for STMicroelectronics.X-CUBE-MEMS1.9.6.0
2024-04-06 12:50:45,009 [WARN] PackLoader:240 - Cannot read IP mode file for STMicroelectronics.X-CUBE-EEPRMA1.4.2.0
2024-04-06 12:50:45,041 [WARN] PackLoader:240 - Cannot read IP mode file for STMicroelectronics.X-CUBE-NFC6.3.1.0
2024-04-06 12:50:45,056 [WARN] PackLoader:240 - Cannot read IP mode file for ITTIA_DB.I-CUBE-ITTIADB.8.8.0
2024-04-06 12:50:45,072 [WARN] PackLoader:240 - Cannot read IP mode file for STMicroelectronics.X-CUBE-BLEMGR.2.0.0
2024-04-06 12:50:45,119 [WARN] ConditionMgr:438 - getConditionDescription Invalid condition id : UX DEVICE CLASS RTOS Condition cause : null
2024-04-06 12:50:45,119 [WARN] ConditionMgr:438 - getConditionDescription Invalid condition id : UX DEVICE CLASS RTOS Condition cause : null
2024-04-06 12:50:45,119 [WARN] PackLoader:240 - Cannot read IP mode file for STMicroelectronics.X-CUBE-AZRTOS-H7.3.1.0
2024-04-06 12:50:45,119 [WARN] ConditionMgr:1039 - genDependencies : Invalid condition id : UX DEVICE CLASS RTOS Condition cause : null
2024-04-06 12:50:45,119 [WARN] ConditionMgr:1039 - genDependencies : Invalid condition id : UX DEVICE CLASS RTOS Condition cause : null
2024-04-06 12:50:45,135 [WARN] ConditionMgr:1039 - genDependencies : Invalid condition id : UX DEVICE CLASS RTOS Condition cause : null
2024-04-06 12:50:45,135 [WARN] ConditionMgr:1039 - genDependencies : Invalid condition id : UX DEVICE CLASS RTOS Condition cause : null
2024-04-06 12:50:45,135 [WARN] ConditionMgr:1039 - genDependencies : Invalid condition id : UX DEVICE CLASS RTOS Condition cause : null
2024-04-06 12:50:45,151 [WARN] PackLoader:240 - Cannot read IP mode file for STMicroelectronics.X-CUBE-NFC7.1.0.1
2024-04-06 12:50:45,167 [WARN] PackLoader:240 - Cannot read IP mode file for STMicroelectronics.X-CUBE-NFC6.3.0.0
2024-04-06 12:50:45,198 [WARN] PackLoader:240 - Cannot read IP mode file for STMicroelectronics.X-CUBE-EEPRMA1.4.1.0
2024-04-06 12:50:45,214 [WARN] PackLoader:240 - Cannot read IP mode file for STMicroelectronics.X-CUBE-AI.8.1.0
2024-04-06 12:50:45,246 [WARN] ConditionMgr:438 - getConditionDescription Invalid condition id : LAN8742 Phy interface Condition cause : null
2024-04-06 12:50:45,260 [WARN] PackLoader:240 - Cannot read IP mode file for STMicroelectronics.X-CUBE-AZRTOS-L4.2.0.0
2024-04-06 12:50:45,260 [WARN] ConditionMgr:1039 - genDependencies : Invalid condition id : LAN8742 Phy interface Condition cause : null
2024-04-06 12:50:45,264 [WARN] ConditionMgr:1039 - genDependencies : Invalid condition id : LAN8742 Phy interface Condition cause : null
2024-04-06 12:50:45,264 [WARN] ConditionMgr:1039 - genDependencies : Invalid condition id : LAN8742 Phy interface Condition cause : null
2024-04-06 12:50:45,277 [WARN] PackLoader:240 - Cannot read IP mode file for STMicroelectronics.X-CUBE-SFXS2LP1.4.0.0
2024-04-06 12:50:45,292 [WARN] PackLoader:240 - Cannot read IP mode file for STMicroelectronics.X-CUBE-ISPU.1.1.0
2024-04-06 12:50:45,339 [WARN] ConditionMgr:438 - getConditionDescription Invalid condition id : UX DEVICE CLASS RTOS Condition cause : null
2024-04-06 12:50:45,339 [WARN] ConditionMgr:438 - getConditionDescription Invalid condition id : UX DEVICE CLASS RTOS Condition cause : null
2024-04-06 12:50:45,339 [WARN] PackLoader:240 - Cannot read IP mode file for STMicroelectronics.X-CUBE-AZRTOS-WB.2.0.0
2024-04-06 12:50:45,339 [WARN] ConditionMgr:1039 - genDependencies : Invalid condition id : UX DEVICE CLASS RTOS Condition cause : null
2024-04-06 12:50:45,339 [WARN] ConditionMgr:1039 - genDependencies : Invalid condition id : UX DEVICE CLASS RTOS Condition cause : null
2024-04-06 12:50:45,339 [WARN] ConditionMgr:1039 - genDependencies : Invalid condition id : UX DEVICE CLASS RTOS Condition cause : null
2024-04-06 12:50:45,339 [WARN] ConditionMgr:1039 - genDependencies : Invalid condition id : UX DEVICE CLASS RTOS Condition cause : null
2024-04-06 12:50:45,339 [WARN] ConditionMgr:1039 - genDependencies : Invalid condition id : UX DEVICE CLASS RTOS Condition cause : null
2024-04-06 12:50:45,365 [WARN] PackLoader:240 - Cannot read IP mode file for STMicroelectronics.X-CUBE-FREERTOS.1.0.1
2024-04-06 12:50:45,387 [WARN] PackLoader:240 - Cannot read IP mode file for STMicroelectronics.X-CUBE-AZRTOS-L5.1.1.0
2024-04-06 12:50:45,402 [WARN] PackLoader:240 - Cannot read IP mode file for STMicroelectronics.X-CUBE-AI.8.0.1
2024-04-06 12:50:45,434 [WARN] PackLoader:240 - Cannot read IP mode file for STMicroelectronics.X-CUBE-SUBG2.5.0.0
2024-04-06 12:50:45,481 [WARN] PackLoader:240 - Cannot read IP mode file for STMicroelectronics.X-CUBE-TOF1.3.3.1
2024-04-06 12:50:45,560 [WARN] PackLoader:240 - Cannot read IP mode file for STMicroelectronics.X-CUBE-AZRTOS-G4.2.0.0
2024-04-06 12:50:45,593 [WARN] PackLoader:240 - Cannot read IP mode file for Infineon.AIROC-Wi-Fi-Bluetooth-STM32.1.5.1
2024-04-06 12:50:45,623 [WARN] PackLoader:240 - Cannot read IP mode file for STMicroelectronics.FP-SNS-MOTENVWB1.1.3.1
2024-04-06 12:50:45,639 [WARN] PackLoader:240 - Cannot read IP mode file for STMicroelectronics.X-CUBE-ISPU.2.0.0
2024-04-06 12:50:45,749 [WARN] PackLoader:240 - Cannot read IP mode file for STMicroelectronics.X-CUBE-MEMS1.10.0.0
2024-04-06 12:50:46,098 [WARN] PackLoader:240 - Cannot read IP mode file for STMicroelectronics.X-CUBE-FREERTOS.1.1.0
2024-04-06 12:50:46,117 [WARN] PackLoader:240 - Cannot read IP mode file for portGmbH.I-Cube-SoM-uGOAL.1.1.0
2024-04-06 12:50:46,129 [WARN] PackLoader:240 - Cannot read IP mode file for STMicroelectronics.X-CUBE-ALS.1.0.1
2024-04-06 12:50:46,145 [WARN] PackLoader:240 - Cannot read IP mode file for STMicroelectronics.X-CUBE-AZRTOS-WB.1.1.0
2024-04-06 12:50:46,167 [WARN] PackLoader:240 - Cannot read IP mode file for STMicroelectronics.FP-ATR-ASTRA1.2.0.0
2024-04-06 12:50:46,192 [WARN] PackLoader:240 - Cannot read IP mode file for STMicroelectronics.X-CUBE-TOF1.3.4.0
2024-04-06 12:50:46,255 [WARN] PackLoader:240 - Cannot read IP mode file for STMicroelectronics.X-CUBE-TOF1.3.4.1
2024-04-06 12:50:46,334 [WARN] PackLoader:240 - Cannot read IP mode file for STMicroelectronics.X-CUBE-AZRTOS-H7.3.2.0
2024-04-06 12:50:46,349 [INFO] ThirdParty:978 - Integrity check success = true
2024-04-06 12:50:46,349 [INFO] IntegrityCheckThread:100 - exiting critical section [integrity check]
2024-04-06 12:50:46,349 [INFO] IntegrityCheckThread:103 - End integrity checks thread
2024-04-06 12:50:58,788 [ERROR] LogOutputStream:75 - [STDERR_REDIRECT] SLF4J: Failed to load class "org.slf4j.impl.StaticLoggerBinder".
2024-04-06 12:50:58,788 [ERROR] LogOutputStream:75 - [STDERR_REDIRECT] SLF4J: Defaulting to no-operation (NOP) logger implementation
2024-04-06 12:50:58,788 [ERROR] LogOutputStream:75 - [STDERR_REDIRECT] SLF4J: See http://www.slf4j.org/codes.html#StaticLoggerBinder for further details.
