2024-01-13 10:30:48,508 [INFO] Activator:176 - 


2024-01-13 10:30:48,518 [INFO] Activator:177 - !SESSION log4j initialized
2024-01-13 10:30:56,535 [INFO] LogOutputStream:77 - [STDOUT_REDIRECT] 
2024-01-13 10:30:59,451 [INFO] ApplicationProperties:184 - Using Application install path: C:\ST\STM32CubeIDE_1.13.0\STM32CubeIDE\plugins\com.st.stm32cube.common.mx_6.9.0.202307051724
2024-01-13 10:30:59,486 [INFO] DbMcusXml:78 - Set database path to: C:\ST\STM32CubeIDE_1.13.0\STM32CubeIDE\plugins\com.st.stm32cube.common.mx_6.9.0.202307051724\\db\/mcu/
2024-01-13 10:30:59,487 [INFO] ApiDb:274 - Set plugin database path to: C:\ST\STM32CubeIDE_1.13.0\STM32CubeIDE\plugins\com.st.stm32cube.common.mx_6.9.0.202307051724\\db\/plugins/boardmanager/
2024-01-13 10:30:59,487 [WARN] ApiDb:259 - Overriding images path with different value:  => C:\ST\STM32CubeIDE_1.13.0\STM32CubeIDE\plugins\com.st.stm32cube.common.mx_6.9.0.202307051724\\db\/plugins/mcufinder/images/
2024-01-13 10:30:59,511 [INFO] ApiDb:250 - Set database path to: C:\Users\Amit Tayade\.stmcufinder\plugins\mcufinder//mcu/
2024-01-13 10:30:59,514 [INFO] DbMcusAds:125 - Set database path to: C:\Users\Amit Tayade\.stmcufinder\plugins\mcufinder//mcu/
2024-01-13 10:30:59,519 [INFO] CrossReferenceDbSqlite:203 - Set database path to: C:\Users\Amit Tayade\.stmcufinder\plugins\mcufinder//mcu/cs/
2024-01-13 10:30:59,769 [INFO] RulesReader:64 - Compatibility file has been processed (293 Rules)
2024-01-13 10:30:59,938 [INFO] DbMcusXml:78 - Set database path to: C:\ST\STM32CubeIDE_1.13.0\STM32CubeIDE\plugins\com.st.stm32cube.common.mx_6.9.0.202307051724\\db\/mcu/
2024-01-13 10:30:59,939 [INFO] ApiDb:274 - Set plugin database path to: C:\ST\STM32CubeIDE_1.13.0\STM32CubeIDE\plugins\com.st.stm32cube.common.mx_6.9.0.202307051724\\db\/plugins/boardmanager/
2024-01-13 10:30:59,939 [INFO] ApiDb:261 - Set plugin images path to: C:\ST\STM32CubeIDE_1.13.0\STM32CubeIDE\plugins\com.st.stm32cube.common.mx_6.9.0.202307051724\\db\/plugins/mcufinder/images/
2024-01-13 10:30:59,939 [WARN] DbFile:41 - Overriding database path with different value: C:\Users\Amit Tayade\.stmcufinder\plugins\mcufinder/ => C:\Users\Amit Tayade\.stmcufinder\plugins\mcufinder
2024-01-13 10:30:59,940 [INFO] ApiDb:250 - Set database path to: C:\Users\Amit Tayade\.stmcufinder\plugins\mcufinder//mcu/
2024-01-13 10:30:59,940 [WARN] DbFile:41 - Overriding database path with different value: C:\Users\Amit Tayade\.stmcufinder\plugins\mcufinder/ => C:\Users\Amit Tayade\.stmcufinder\plugins\mcufinder
2024-01-13 10:30:59,940 [INFO] DbMcusAds:125 - Set database path to: C:\Users\Amit Tayade\.stmcufinder\plugins\mcufinder//mcu/
2024-01-13 10:30:59,940 [WARN] DbFile:41 - Overriding database path with different value: C:\Users\Amit Tayade\.stmcufinder\plugins\mcufinder/ => C:\Users\Amit Tayade\.stmcufinder\plugins\mcufinder
2024-01-13 10:30:59,940 [WARN] DbFile:41 - Overriding database path with different value: C:\Users\Amit Tayade\.stmcufinder\plugins\mcufinder/ => C:\Users\Amit Tayade\.stmcufinder\plugins\mcufinder
2024-01-13 10:30:59,940 [INFO] CrossReferenceDbSqlite:203 - Set database path to: C:\Users\Amit Tayade\.stmcufinder\plugins\mcufinder//mcu/cs/
2024-01-13 10:31:00,081 [INFO] MainPanel:262 - HeapMemory: 268435456
2024-01-13 10:31:00,324 [INFO] DbMcusXml:78 - Set database path to: C:\ST\STM32CubeIDE_1.13.0\STM32CubeIDE\plugins\com.st.stm32cube.common.mx_6.9.0.202307051724\\db\/mcu/
2024-01-13 10:31:00,324 [INFO] ApiDb:274 - Set plugin database path to: C:\ST\STM32CubeIDE_1.13.0\STM32CubeIDE\plugins\com.st.stm32cube.common.mx_6.9.0.202307051724\\db\/plugins/boardmanager/
2024-01-13 10:31:00,325 [INFO] ApiDb:261 - Set plugin images path to: C:\ST\STM32CubeIDE_1.13.0\STM32CubeIDE\plugins\com.st.stm32cube.common.mx_6.9.0.202307051724\\db\/plugins/mcufinder/images/
2024-01-13 10:31:00,325 [WARN] DbFile:41 - Overriding database path with different value: C:\Users\Amit Tayade\.stmcufinder\plugins\mcufinder/ => C:\Users\Amit Tayade\.stmcufinder\plugins\mcufinder
2024-01-13 10:31:00,326 [INFO] ApiDb:250 - Set database path to: C:\Users\Amit Tayade\.stmcufinder\plugins\mcufinder//mcu/
2024-01-13 10:31:00,326 [WARN] DbFile:41 - Overriding database path with different value: C:\Users\Amit Tayade\.stmcufinder\plugins\mcufinder/ => C:\Users\Amit Tayade\.stmcufinder\plugins\mcufinder
2024-01-13 10:31:00,326 [INFO] DbMcusAds:125 - Set database path to: C:\Users\Amit Tayade\.stmcufinder\plugins\mcufinder//mcu/
2024-01-13 10:31:00,326 [WARN] DbFile:41 - Overriding database path with different value: C:\Users\Amit Tayade\.stmcufinder\plugins\mcufinder/ => C:\Users\Amit Tayade\.stmcufinder\plugins\mcufinder
2024-01-13 10:31:00,326 [WARN] DbFile:41 - Overriding database path with different value: C:\Users\Amit Tayade\.stmcufinder\plugins\mcufinder/ => C:\Users\Amit Tayade\.stmcufinder\plugins\mcufinder
2024-01-13 10:31:00,326 [INFO] CrossReferenceDbSqlite:203 - Set database path to: C:\Users\Amit Tayade\.stmcufinder\plugins\mcufinder//mcu/cs/
2024-01-13 10:31:00,358 [INFO] ApplicationProperties:184 - Using Application install path: C:\ST\STM32CubeIDE_1.13.0\STM32CubeIDE\plugins\com.st.stm32cube.common.mx_6.9.0.202307051724
2024-01-13 10:31:00,360 [INFO] PluginManage:196 - Search for loadable plugins [exclusion list=, ]
2024-01-13 10:31:00,362 [INFO] PluginManage:310 - Check plugin analytics
2024-01-13 10:31:00,703 [INFO] AnalyticsPlugin:253 - Accepted Software Licenses: 
2024-01-13 10:31:00,703 [INFO] AnalyticsPlugin:255 - Accepted CMSIS Pack Licenses: STMicroelectronics.X-CUBE-TOUCHGFX.4.22.1
2024-01-13 10:31:00,704 [INFO] AnalyticsPlugin:257 - Accepted Firmware Licenses: FW.F4.1.27.0
2024-01-13 10:31:00,709 [INFO] PluginManage:359 - Loaded plugin analytics (category:tool,tabindex:-1)
2024-01-13 10:31:00,710 [INFO] PluginManage:310 - Check plugin cadmodel
2024-01-13 10:31:00,720 [INFO] CADModel:105 - Init CAD model plugin
2024-01-13 10:31:00,721 [INFO] PluginManage:359 - Loaded plugin cadmodel (category:power,tabindex:5)
2024-01-13 10:31:00,721 [INFO] PluginManage:310 - Check plugin clock
2024-01-13 10:31:00,738 [INFO] PluginManage:359 - Loaded plugin clock (category:base,tabindex:2)
2024-01-13 10:31:00,739 [INFO] PluginManage:310 - Check plugin ddr
2024-01-13 10:31:00,744 [INFO] PluginManage:359 - Loaded plugin ddr (category:tool,tabindex:6)
2024-01-13 10:31:00,745 [INFO] PluginManage:310 - Check plugin filemanager
2024-01-13 10:31:01,054 [INFO] PluginManage:359 - Loaded plugin filemanager (category:base,tabindex:10)
2024-01-13 10:31:01,056 [INFO] PluginManage:310 - Check plugin ipmanager
2024-01-13 10:31:01,074 [INFO] PluginManage:359 - Loaded plugin ipmanager (category:base,tabindex:5)
2024-01-13 10:31:01,074 [INFO] PluginManage:310 - Check plugin lpbam
2024-01-13 10:31:01,091 [INFO] PluginManage:359 - Loaded plugin lpbam (category:base,tabindex:0)
2024-01-13 10:31:01,091 [INFO] PluginManage:310 - Check plugin memorymap
2024-01-13 10:31:01,120 [INFO] PluginManage:359 - Loaded plugin memorymap (category:base,tabindex:4)
2024-01-13 10:31:01,120 [INFO] PluginManage:310 - Check plugin pinoutandconfiguration
2024-01-13 10:31:01,136 [INFO] PluginManage:359 - Loaded plugin pinoutandconfiguration (category:base,tabindex:1)
2024-01-13 10:31:01,137 [INFO] PluginManage:310 - Check plugin pinoutconfig
2024-01-13 10:31:01,339 [WARN] SupportedApi:132 - Cannot load RTOS API schema: s4s-elt-must-match.1: The content of 'definitions' must match (annotation?, (simpleType | complexType)?, (unique | key | keyref)*)). A problem was found starting at: attribute.
2024-01-13 10:31:01,638 [INFO] PluginManage:359 - Loaded plugin pinoutconfig (category:base,tabindex:0)
2024-01-13 10:31:01,638 [INFO] PluginManage:310 - Check plugin power
2024-01-13 10:31:01,658 [INFO] PluginManage:359 - Loaded plugin power (category:power,tabindex:4)
2024-01-13 10:31:01,659 [INFO] PluginManage:310 - Check plugin projectmanager
2024-01-13 10:31:01,690 [INFO] PluginManage:359 - Loaded plugin projectmanager (category:projectmanager,tabindex:3)
2024-01-13 10:31:01,690 [INFO] PluginManage:310 - Check plugin thirdparty
2024-01-13 10:31:01,957 [INFO] PluginManage:359 - Loaded plugin thirdparty (category:base,tabindex:-1)
2024-01-13 10:31:01,957 [WARN] IntegrityCheckThread:84 - waiting for thirdparty lock release [integrity check]
2024-01-13 10:31:01,958 [INFO] IntegrityCheckThread:86 - entering critical section [integrity check]
2024-01-13 10:31:01,958 [INFO] PluginManage:310 - Check plugin tools
2024-01-13 10:31:01,958 [INFO] ThirdPartyUpdaterWithRetryManager:70 - Updater plugin not ready yet. [1/15]
2024-01-13 10:31:01,962 [INFO] PluginManage:359 - Loaded plugin tools (category:base,tabindex:7)
2024-01-13 10:31:01,962 [INFO] PluginManage:310 - Check plugin tutovideos
2024-01-13 10:31:02,322 [INFO] PluginManage:359 - Loaded plugin tutovideos (category:base,tabindex:-1)
2024-01-13 10:31:02,322 [INFO] PluginManage:310 - Check plugin updater
2024-01-13 10:31:02,342 [INFO] PluginManage:359 - Loaded plugin updater (category:base,tabindex:12)
2024-01-13 10:31:02,342 [INFO] PluginManage:310 - Check plugin userauth
2024-01-13 10:31:02,350 [INFO] UserAuth:113 - Init User Auth plugin
2024-01-13 10:31:02,351 [INFO] PluginManage:359 - Loaded plugin userauth (category:base,tabindex:14)
2024-01-13 10:31:02,352 [INFO] PluginManage:283 - PluginManage : Loaded plugins [17]
2024-01-13 10:31:02,729 [INFO] PinOutPanel:1499 - setPackage(No Configuration,No Configuration)
2024-01-13 10:31:02,908 [INFO] CADModel:165 - CPN selected for project level
2024-01-13 10:31:02,908 [INFO] CADModel:114 - Register for checkConnection events
2024-01-13 10:31:02,941 [INFO] IPUIPlugin:80 - create IPUIPlugin
2024-01-13 10:31:02,941 [INFO] PluginManager:220 - loadIPPluginJar : add adc
2024-01-13 10:31:02,945 [INFO] IPUIPlugin:80 - create IPUIPlugin
2024-01-13 10:31:02,945 [INFO] PluginManager:220 - loadIPPluginJar : add aes
2024-01-13 10:31:02,949 [INFO] IPUIPlugin:80 - create IPUIPlugin
2024-01-13 10:31:02,950 [INFO] PluginManager:220 - loadIPPluginJar : add can
2024-01-13 10:31:02,954 [INFO] IPUIPlugin:80 - create IPUIPlugin
2024-01-13 10:31:02,954 [INFO] PluginManager:220 - loadIPPluginJar : add comp
2024-01-13 10:31:02,960 [INFO] IPUIPlugin:80 - create IPUIPlugin
2024-01-13 10:31:02,960 [INFO] PluginManager:220 - loadIPPluginJar : add cryp
2024-01-13 10:31:02,964 [INFO] IPUIPlugin:80 - create IPUIPlugin
2024-01-13 10:31:02,964 [INFO] PluginManager:220 - loadIPPluginJar : add dfsdm
2024-01-13 10:31:02,972 [INFO] IPUIPlugin:80 - create IPUIPlugin
2024-01-13 10:31:02,972 [INFO] PluginManager:220 - loadIPPluginJar : add dma
2024-01-13 10:31:02,979 [INFO] IPUIPlugin:80 - create IPUIPlugin
2024-01-13 10:31:02,979 [INFO] PluginManager:220 - loadIPPluginJar : add dma3
2024-01-13 10:31:02,982 [INFO] IPUIPlugin:80 - create IPUIPlugin
2024-01-13 10:31:02,982 [INFO] PluginManager:220 - loadIPPluginJar : add fatfs
2024-01-13 10:31:02,990 [INFO] IPUIPlugin:80 - create IPUIPlugin
2024-01-13 10:31:02,990 [INFO] PluginManager:220 - loadIPPluginJar : add fmc
2024-01-13 10:31:03,001 [INFO] IPUIPlugin:80 - create IPUIPlugin
2024-01-13 10:31:03,001 [INFO] PluginManager:220 - loadIPPluginJar : add freertos
2024-01-13 10:31:03,004 [INFO] IPUIPlugin:80 - create IPUIPlugin
2024-01-13 10:31:03,004 [INFO] PluginManager:220 - loadIPPluginJar : add genericplugin
2024-01-13 10:31:03,010 [INFO] IPUIPlugin:80 - create IPUIPlugin
2024-01-13 10:31:03,010 [INFO] PluginManager:220 - loadIPPluginJar : add gfxmmu
2024-01-13 10:31:03,017 [INFO] IPUIPlugin:80 - create IPUIPlugin
2024-01-13 10:31:03,017 [INFO] PluginManager:220 - loadIPPluginJar : add gic
2024-01-13 10:31:03,025 [INFO] IPUIPlugin:80 - create IPUIPlugin
2024-01-13 10:31:03,026 [INFO] PluginManager:220 - loadIPPluginJar : add gpio
2024-01-13 10:31:03,032 [INFO] IPUIPlugin:80 - create IPUIPlugin
2024-01-13 10:31:03,033 [INFO] PluginManager:220 - loadIPPluginJar : add gtzc
2024-01-13 10:31:03,038 [INFO] IPUIPlugin:80 - create IPUIPlugin
2024-01-13 10:31:03,038 [INFO] PluginManager:220 - loadIPPluginJar : add hash
2024-01-13 10:31:03,043 [INFO] IPUIPlugin:80 - create IPUIPlugin
2024-01-13 10:31:03,043 [INFO] PluginManager:220 - loadIPPluginJar : add i2c
2024-01-13 10:31:03,046 [INFO] IPUIPlugin:80 - create IPUIPlugin
2024-01-13 10:31:03,047 [INFO] PluginManager:220 - loadIPPluginJar : add i2s
2024-01-13 10:31:03,051 [INFO] IPUIPlugin:80 - create IPUIPlugin
2024-01-13 10:31:03,052 [INFO] PluginManager:220 - loadIPPluginJar : add i3c
2024-01-13 10:31:03,058 [INFO] IPUIPlugin:80 - create IPUIPlugin
2024-01-13 10:31:03,058 [INFO] PluginManager:220 - loadIPPluginJar : add ipddr
2024-01-13 10:31:03,070 [INFO] IPUIPlugin:80 - create IPUIPlugin
2024-01-13 10:31:03,070 [INFO] PluginManager:220 - loadIPPluginJar : add linkedlist
2024-01-13 10:31:03,075 [INFO] IPUIPlugin:80 - create IPUIPlugin
2024-01-13 10:31:03,075 [INFO] PluginManager:220 - loadIPPluginJar : add lorawan
2024-01-13 10:31:03,079 [INFO] IPUIPlugin:80 - create IPUIPlugin
2024-01-13 10:31:03,079 [INFO] PluginManager:220 - loadIPPluginJar : add ltdc
2024-01-13 10:31:03,087 [INFO] IPUIPlugin:80 - create IPUIPlugin
2024-01-13 10:31:03,088 [INFO] PluginManager:220 - loadIPPluginJar : add mdma
2024-01-13 10:31:03,092 [INFO] IPUIPlugin:80 - create IPUIPlugin
2024-01-13 10:31:03,093 [INFO] PluginManager:220 - loadIPPluginJar : add nvic
2024-01-13 10:31:03,096 [INFO] IPUIPlugin:80 - create IPUIPlugin
2024-01-13 10:31:03,096 [INFO] PluginManager:220 - loadIPPluginJar : add opamp
2024-01-13 10:31:03,102 [INFO] IPUIPlugin:80 - create IPUIPlugin
2024-01-13 10:31:03,102 [INFO] PluginManager:220 - loadIPPluginJar : add openamp
2024-01-13 10:31:03,107 [INFO] IPUIPlugin:80 - create IPUIPlugin
2024-01-13 10:31:03,107 [INFO] PluginManager:220 - loadIPPluginJar : add pdm2pcm
2024-01-13 10:31:03,118 [INFO] IPUIPlugin:80 - create IPUIPlugin
2024-01-13 10:31:03,122 [INFO] PluginManager:220 - loadIPPluginJar : add plateformsettings
2024-01-13 10:31:03,125 [INFO] IPUIPlugin:80 - create IPUIPlugin
2024-01-13 10:31:03,126 [INFO] PluginManager:220 - loadIPPluginJar : add quadspi
2024-01-13 10:31:03,133 [INFO] IPUIPlugin:80 - create IPUIPlugin
2024-01-13 10:31:03,133 [INFO] PluginManager:220 - loadIPPluginJar : add resmgrutility
2024-01-13 10:31:03,139 [INFO] IPUIPlugin:80 - create IPUIPlugin
2024-01-13 10:31:03,139 [INFO] PluginManager:220 - loadIPPluginJar : add sai
2024-01-13 10:31:03,144 [INFO] IPUIPlugin:80 - create IPUIPlugin
2024-01-13 10:31:03,144 [INFO] PluginManager:220 - loadIPPluginJar : add spi
2024-01-13 10:31:03,152 [INFO] IPUIPlugin:80 - create IPUIPlugin
2024-01-13 10:31:03,152 [INFO] PluginManager:220 - loadIPPluginJar : add stm32_wpan
2024-01-13 10:31:03,157 [INFO] IPUIPlugin:80 - create IPUIPlugin
2024-01-13 10:31:03,158 [INFO] PluginManager:220 - loadIPPluginJar : add tim
2024-01-13 10:31:03,163 [INFO] IPUIPlugin:80 - create IPUIPlugin
2024-01-13 10:31:03,164 [INFO] PluginManager:220 - loadIPPluginJar : add touchsensing
2024-01-13 10:31:03,166 [INFO] IPUIPlugin:80 - create IPUIPlugin
2024-01-13 10:31:03,167 [INFO] PluginManager:220 - loadIPPluginJar : add tracer_emb
2024-01-13 10:31:03,171 [INFO] IPUIPlugin:80 - create IPUIPlugin
2024-01-13 10:31:03,171 [INFO] PluginManager:220 - loadIPPluginJar : add ts
2024-01-13 10:31:03,174 [INFO] IPUIPlugin:80 - create IPUIPlugin
2024-01-13 10:31:03,174 [INFO] PluginManager:220 - loadIPPluginJar : add tsc
2024-01-13 10:31:03,177 [INFO] IPUIPlugin:80 - create IPUIPlugin
2024-01-13 10:31:03,178 [INFO] PluginManager:220 - loadIPPluginJar : add ucpd
2024-01-13 10:31:03,183 [INFO] IPUIPlugin:80 - create IPUIPlugin
2024-01-13 10:31:03,184 [INFO] PluginManager:220 - loadIPPluginJar : add usart
2024-01-13 10:31:03,189 [INFO] IPUIPlugin:80 - create IPUIPlugin
2024-01-13 10:31:03,189 [INFO] PluginManager:220 - loadIPPluginJar : add usbx
2024-01-13 10:31:03,339 [INFO] CADModel:165 - CPN selected for project level
2024-01-13 10:31:03,339 [INFO] CADModel:114 - Register for checkConnection events
2024-01-13 10:31:03,340 [FATAL] Updater:308 - Updater called before beeing initialized
2024-01-13 10:31:03,340 [ERROR] CADModel:125 - Updater not yet initialized, retry later 
2024-01-13 10:31:03,548 [INFO] CADModel:165 - CPN selected for project level
2024-01-13 10:31:03,548 [INFO] CADModel:114 - Register for checkConnection events
2024-01-13 10:31:03,548 [FATAL] Updater:308 - Updater called before beeing initialized
2024-01-13 10:31:03,548 [ERROR] CADModel:125 - Updater not yet initialized, retry later 
2024-01-13 10:31:03,554 [FATAL] Updater:308 - Updater called before beeing initialized
2024-01-13 10:31:03,681 [FATAL] Updater:308 - Updater called before beeing initialized
2024-01-13 10:31:03,687 [INFO] DbMcusAds:53 - JSON generation date=Tue Mar 07 14:20:55 IST 2023 (1678179055114)
2024-01-13 10:31:03,688 [FATAL] Updater:308 - Updater called before beeing initialized
2024-01-13 10:31:03,736 [WARN] DetailPanel:346 - Failed to get advertising image, set to default
2024-01-13 10:31:03,864 [FATAL] Updater:308 - Updater called before beeing initialized
2024-01-13 10:31:03,868 [FATAL] Updater:308 - Updater called before beeing initialized
2024-01-13 10:31:03,868 [FATAL] Updater:308 - Updater called before beeing initialized
2024-01-13 10:31:03,868 [WARN] DetailPanel:346 - Failed to get advertising image, set to default
2024-01-13 10:31:03,870 [FATAL] Updater:308 - Updater called before beeing initialized
2024-01-13 10:31:03,960 [ERROR] Updater:1120 - MainUpdater not yet initialized. External WinMGr cannot be set.
2024-01-13 10:31:03,963 [INFO] Updater:1056 - Updater Version found : 6.9.0
2024-01-13 10:31:03,993 [INFO] ApplicationProperties:184 - Using Application install path: C:\ST\STM32CubeIDE_1.13.0\STM32CubeIDE\plugins\com.st.stm32cube.common.mx_6.9.0.202307051724
2024-01-13 10:31:04,415 [INFO] MainUpdater:2868 - connection check result : 10
2024-01-13 10:31:04,416 [INFO] MainUpdater:3562 - Updater definition file requires update
2024-01-13 10:31:04,418 [INFO] MainUpdater:285 - Updater Check For Update Now.
2024-01-13 10:31:04,418 [INFO] MicroXplorer:498 - Change Database Version : DB.6.0.90
2024-01-13 10:31:04,433 [INFO] McuFinderGlobals:63 - Set McuFinder mode to 2 (CubeIDE integrated)
2024-01-13 10:31:04,549 [INFO] ServerAccessManage:473 - Download File updaters.zip
2024-01-13 10:31:04,935 [INFO] FileExtend:240 - Unzip File : updaters.zip
2024-01-13 10:31:04,935 [INFO] FileExtend:255 - Standard Zip Deflate
2024-01-13 10:31:04,960 [WARN] MainUpdater:1189 - Updater busy. Cannot search thirdparties
2024-01-13 10:31:04,961 [INFO] ThirdPartyUpdaterWithRetryManager:96 - Updater plugin is busy. [1/15]
2024-01-13 10:31:05,482 [INFO] ServerAccessManage:473 - Download File PacksControlFlags.xml
2024-01-13 10:31:05,685 [INFO] ServerAccessManage:473 - Download File cubemx.pidx
2024-01-13 10:31:05,814 [INFO] LoadServerUpdatesThread:373 - End of LoadServerUpdate Thread
2024-01-13 10:31:06,024 [INFO] CheckServerUpdateThread:120 - End of CheckServer Thread
2024-01-13 10:31:08,273 [WARN] PackLoader:240 - Cannot read IP mode file for STMicroelectronics.X-CUBE-SMBUS.2.1.0
2024-01-13 10:31:08,282 [WARN] PackLoader:240 - Cannot read IP mode file for STMicroelectronics.X-CUBE-TOUCHGFX.4.23.0
2024-01-13 10:31:08,330 [WARN] PackLoader:240 - Cannot read IP mode file for STMicroelectronics.X-CUBE-AZRTOS-F7.1.1.0
2024-01-13 10:31:08,348 [WARN] PackLoader:240 - Cannot read IP mode file for STMicroelectronics.FP-SNS-MOTENV1.4.3.2
2024-01-13 10:31:08,361 [WARN] PackLoader:240 - Cannot read IP mode file for STMicroelectronics.X-CUBE-BLE1.6.2.4
2024-01-13 10:31:08,370 [WARN] PackLoader:240 - Cannot read IP mode file for STMicroelectronics.FP-SNS-FLIGHT1.5.0.2
2024-01-13 10:31:08,381 [WARN] PackLoader:240 - Cannot read IP mode file for STMicroelectronics.X-CUBE-DISPLAY.3.0.0
2024-01-13 10:31:08,397 [WARN] PackLoader:240 - Cannot read IP mode file for STMicroelectronics.X-CUBE-BLE1.7.0.0
2024-01-13 10:31:08,405 [WARN] PackLoader:240 - Cannot read IP mode file for emotas.I-CUBE-CANOPEN.1.3.0
2024-01-13 10:31:08,411 [WARN] PackLoader:240 - Cannot read IP mode file for STMicroelectronics.X-CUBE-TOUCHGFX.4.22.0
2024-01-13 10:31:08,421 [WARN] PackLoader:240 - Cannot read IP mode file for STMicroelectronics.X-CUBE-TOUCHGFX.4.22.1
2024-01-13 10:31:08,542 [WARN] PackLoader:240 - Cannot read IP mode file for STMicroelectronics.FP-SNS-SMARTAG2.1.2.0
2024-01-13 10:31:08,568 [INFO] LogOutputStream:77 - [STDOUT_REDIRECT] 1 : Invalid condition id : UX_CORESTACK_Condition cause : null
2024-01-13 10:31:08,569 [INFO] LogOutputStream:77 - [STDOUT_REDIRECT] 1 : Invalid condition id : UX_CORESTACK_Condition cause : null
2024-01-13 10:31:08,571 [INFO] LogOutputStream:77 - [STDOUT_REDIRECT] 1 : Invalid condition id : UX_CORESTACK_Condition cause : null
2024-01-13 10:31:08,572 [INFO] LogOutputStream:77 - [STDOUT_REDIRECT] 1 : Invalid condition id : UX_CORESTACK_Condition cause : null
2024-01-13 10:31:08,574 [INFO] LogOutputStream:77 - [STDOUT_REDIRECT] 1 : Invalid condition id : UX_CORESTACK_Condition cause : null
2024-01-13 10:31:08,582 [WARN] PackLoader:240 - Cannot read IP mode file for STMicroelectronics.X-CUBE-AZRTOS-WL.2.0.0
2024-01-13 10:31:08,596 [WARN] PackLoader:240 - Cannot read IP mode file for WES.I-CUBE-Cesium.1.3.0
2024-01-13 10:31:08,602 [WARN] PackLoader:240 - Cannot read IP mode file for STMicroelectronics.X-CUBE-BLE2.3.3.0
2024-01-13 10:31:08,612 [WARN] PackLoader:240 - Cannot read IP mode file for STMicroelectronics.X-CUBE-ALGOBUILD.1.3.0
2024-01-13 10:31:08,648 [WARN] PackLoader:240 - Cannot read IP mode file for STMicroelectronics.X-CUBE-AZRTOS-G0.1.1.0
2024-01-13 10:31:08,662 [WARN] PackLoader:240 - Cannot read IP mode file for STMicroelectronics.X-CUBE-NFC4.3.0.0
2024-01-13 10:31:08,679 [WARN] PackLoader:240 - Cannot read IP mode file for STMicroelectronics.X-CUBE-BLEMGR.3.0.0
2024-01-13 10:31:08,688 [WARN] PackLoader:240 - Cannot read IP mode file for STMicroelectronics.FP-ATR-SIGFOX1.3.2.0
2024-01-13 10:31:08,751 [WARN] PackLoader:240 - Cannot read IP mode file for SEGGER.I-CUBE-embOS.1.3.1
2024-01-13 10:31:08,963 [WARN] PackLoader:240 - Cannot read IP mode file for STMicroelectronics.X-CUBE-GNSS1.6.0.0
2024-01-13 10:31:08,997 [WARN] PackLoader:240 - Cannot read IP mode file for STMicroelectronics.X-CUBE-AZRTOS-F4.1.1.0
2024-01-13 10:31:09,007 [WARN] PackLoader:240 - Cannot read IP mode file for wolfSSL.I-CUBE-wolfSSL.5.6.3
2024-01-13 10:31:09,030 [WARN] PackLoader:240 - Cannot read IP mode file for STMicroelectronics.X-CUBE-AZRTOS-L5.2.0.0
2024-01-13 10:31:09,089 [WARN] PackLoader:240 - Cannot read IP mode file for STMicroelectronics.X-CUBE-MEMS1.9.6.0
2024-01-13 10:31:09,296 [WARN] PackLoader:240 - Cannot read IP mode file for STMicroelectronics.X-CUBE-EEPRMA1.4.2.0
2024-01-13 10:31:09,303 [WARN] PackLoader:240 - Cannot read IP mode file for ITTIA_DB.I-CUBE-ITTIADB.8.8.0
2024-01-13 10:31:09,310 [WARN] PackLoader:240 - Cannot read IP mode file for STMicroelectronics.X-CUBE-BLEMGR.2.0.0
2024-01-13 10:31:09,332 [WARN] ConditionMgr:438 - getConditionDescription Invalid condition id : UX DEVICE CLASS RTOS Condition cause : null
2024-01-13 10:31:09,332 [WARN] ConditionMgr:438 - getConditionDescription Invalid condition id : UX DEVICE CLASS RTOS Condition cause : null
2024-01-13 10:31:09,337 [WARN] PackLoader:240 - Cannot read IP mode file for STMicroelectronics.X-CUBE-AZRTOS-H7.3.1.0
2024-01-13 10:31:09,339 [WARN] ConditionMgr:1039 - genDependencies : Invalid condition id : UX DEVICE CLASS RTOS Condition cause : null
2024-01-13 10:31:09,339 [WARN] ConditionMgr:1039 - genDependencies : Invalid condition id : UX DEVICE CLASS RTOS Condition cause : null
2024-01-13 10:31:09,340 [WARN] ConditionMgr:1039 - genDependencies : Invalid condition id : UX DEVICE CLASS RTOS Condition cause : null
2024-01-13 10:31:09,341 [WARN] ConditionMgr:1039 - genDependencies : Invalid condition id : UX DEVICE CLASS RTOS Condition cause : null
2024-01-13 10:31:09,341 [WARN] ConditionMgr:1039 - genDependencies : Invalid condition id : UX DEVICE CLASS RTOS Condition cause : null
2024-01-13 10:31:09,350 [WARN] PackLoader:240 - Cannot read IP mode file for STMicroelectronics.X-CUBE-NFC7.1.0.1
2024-01-13 10:31:09,359 [WARN] PackLoader:240 - Cannot read IP mode file for STMicroelectronics.X-CUBE-NFC6.3.0.0
2024-01-13 10:31:09,366 [WARN] PackLoader:240 - Cannot read IP mode file for STMicroelectronics.X-CUBE-EEPRMA1.4.1.0
2024-01-13 10:31:09,371 [WARN] PackLoader:240 - Cannot read IP mode file for STMicroelectronics.X-CUBE-AI.8.1.0
2024-01-13 10:31:09,392 [WARN] ConditionMgr:438 - getConditionDescription Invalid condition id : LAN8742 Phy interface Condition cause : null
2024-01-13 10:31:09,394 [WARN] PackLoader:240 - Cannot read IP mode file for STMicroelectronics.X-CUBE-AZRTOS-L4.2.0.0
2024-01-13 10:31:09,396 [WARN] ConditionMgr:1039 - genDependencies : Invalid condition id : LAN8742 Phy interface Condition cause : null
2024-01-13 10:31:09,397 [WARN] ConditionMgr:1039 - genDependencies : Invalid condition id : LAN8742 Phy interface Condition cause : null
2024-01-13 10:31:09,397 [WARN] ConditionMgr:1039 - genDependencies : Invalid condition id : LAN8742 Phy interface Condition cause : null
2024-01-13 10:31:09,406 [WARN] PackLoader:240 - Cannot read IP mode file for STMicroelectronics.X-CUBE-SFXS2LP1.4.0.0
2024-01-13 10:31:09,412 [WARN] PackLoader:240 - Cannot read IP mode file for STMicroelectronics.X-CUBE-ISPU.1.1.0
2024-01-13 10:31:09,426 [WARN] ConditionMgr:438 - getConditionDescription Invalid condition id : UX DEVICE CLASS RTOS Condition cause : null
2024-01-13 10:31:09,427 [WARN] ConditionMgr:438 - getConditionDescription Invalid condition id : UX DEVICE CLASS RTOS Condition cause : null
2024-01-13 10:31:09,429 [WARN] PackLoader:240 - Cannot read IP mode file for STMicroelectronics.X-CUBE-AZRTOS-WB.2.0.0
2024-01-13 10:31:09,430 [WARN] ConditionMgr:1039 - genDependencies : Invalid condition id : UX DEVICE CLASS RTOS Condition cause : null
2024-01-13 10:31:09,430 [WARN] ConditionMgr:1039 - genDependencies : Invalid condition id : UX DEVICE CLASS RTOS Condition cause : null
2024-01-13 10:31:09,431 [WARN] ConditionMgr:1039 - genDependencies : Invalid condition id : UX DEVICE CLASS RTOS Condition cause : null
2024-01-13 10:31:09,431 [WARN] ConditionMgr:1039 - genDependencies : Invalid condition id : UX DEVICE CLASS RTOS Condition cause : null
2024-01-13 10:31:09,431 [WARN] ConditionMgr:1039 - genDependencies : Invalid condition id : UX DEVICE CLASS RTOS Condition cause : null
2024-01-13 10:31:09,440 [WARN] PackLoader:240 - Cannot read IP mode file for STMicroelectronics.X-CUBE-FREERTOS.1.0.1
2024-01-13 10:31:09,454 [WARN] PackLoader:240 - Cannot read IP mode file for STMicroelectronics.X-CUBE-AZRTOS-L5.1.1.0
2024-01-13 10:31:09,459 [WARN] PackLoader:240 - Cannot read IP mode file for STMicroelectronics.X-CUBE-AI.8.0.1
2024-01-13 10:31:09,465 [WARN] PackLoader:240 - Cannot read IP mode file for STMicroelectronics.X-CUBE-SUBG2.5.0.0
2024-01-13 10:31:09,478 [WARN] PackLoader:240 - Cannot read IP mode file for STMicroelectronics.X-CUBE-TOF1.3.3.1
2024-01-13 10:31:09,501 [WARN] PackLoader:240 - Cannot read IP mode file for STMicroelectronics.X-CUBE-AZRTOS-G4.2.0.0
2024-01-13 10:31:09,516 [WARN] PackLoader:240 - Cannot read IP mode file for Infineon.AIROC-Wi-Fi-Bluetooth-STM32.1.5.1
2024-01-13 10:31:09,525 [WARN] PackLoader:240 - Cannot read IP mode file for STMicroelectronics.FP-SNS-MOTENVWB1.1.3.1
2024-01-13 10:31:09,530 [WARN] PackLoader:240 - Cannot read IP mode file for STMicroelectronics.X-CUBE-ISPU.2.0.0
2024-01-13 10:31:09,584 [WARN] PackLoader:240 - Cannot read IP mode file for STMicroelectronics.X-CUBE-MEMS1.10.0.0
2024-01-13 10:31:09,704 [WARN] PackLoader:240 - Cannot read IP mode file for STMicroelectronics.X-CUBE-FREERTOS.1.1.0
2024-01-13 10:31:09,709 [WARN] PackLoader:240 - Cannot read IP mode file for portGmbH.I-Cube-SoM-uGOAL.1.1.0
2024-01-13 10:31:09,714 [WARN] PackLoader:240 - Cannot read IP mode file for STMicroelectronics.X-CUBE-ALS.1.0.1
2024-01-13 10:31:09,724 [WARN] PackLoader:240 - Cannot read IP mode file for STMicroelectronics.X-CUBE-AZRTOS-WB.1.1.0
2024-01-13 10:31:09,732 [WARN] PackLoader:240 - Cannot read IP mode file for STMicroelectronics.FP-ATR-ASTRA1.2.0.0
2024-01-13 10:31:09,741 [WARN] PackLoader:240 - Cannot read IP mode file for STMicroelectronics.X-CUBE-TOF1.3.4.0
2024-01-13 10:31:09,765 [WARN] PackLoader:240 - Cannot read IP mode file for STMicroelectronics.X-CUBE-AZRTOS-H7.3.2.0
2024-01-13 10:31:09,768 [INFO] ThirdParty:978 - Integrity check success = true
2024-01-13 10:31:09,768 [INFO] IntegrityCheckThread:100 - exiting critical section [integrity check]
2024-01-13 10:31:09,768 [INFO] IntegrityCheckThread:103 - End integrity checks thread
2024-01-13 10:31:26,454 [ERROR] LogOutputStream:75 - [STDERR_REDIRECT] SLF4J: Failed to load class "org.slf4j.impl.StaticLoggerBinder".
2024-01-13 10:31:26,454 [ERROR] LogOutputStream:75 - [STDERR_REDIRECT] SLF4J: Defaulting to no-operation (NOP) logger implementation
2024-01-13 10:31:26,456 [ERROR] LogOutputStream:75 - [STDERR_REDIRECT] SLF4J: See http://www.slf4j.org/codes.html#StaticLoggerBinder for further details.
