2023-12-11 21:31:22,944 [INFO] Activator:176 - 


2023-12-11 21:31:22,951 [INFO] Activator:177 - !SESSION log4j initialized
2023-12-11 21:31:30,797 [INFO] LogOutputStream:77 - [STDOUT_REDIRECT] 
2023-12-11 21:31:33,063 [INFO] ApplicationProperties:184 - Using Application install path: C:\ST\STM32CubeIDE_1.13.0\STM32CubeIDE\plugins\com.st.stm32cube.common.mx_6.9.0.202307051724
2023-12-11 21:31:33,094 [INFO] DbMcusXml:78 - Set database path to: C:\ST\STM32CubeIDE_1.13.0\STM32CubeIDE\plugins\com.st.stm32cube.common.mx_6.9.0.202307051724\\db\/mcu/
2023-12-11 21:31:33,095 [INFO] ApiDb:274 - Set plugin database path to: C:\ST\STM32CubeIDE_1.13.0\STM32CubeIDE\plugins\com.st.stm32cube.common.mx_6.9.0.202307051724\\db\/plugins/boardmanager/
2023-12-11 21:31:33,096 [WARN] ApiDb:259 - Overriding images path with different value:  => C:\ST\STM32CubeIDE_1.13.0\STM32CubeIDE\plugins\com.st.stm32cube.common.mx_6.9.0.202307051724\\db\/plugins/mcufinder/images/
2023-12-11 21:31:33,119 [INFO] ApiDb:250 - Set database path to: C:\Users\Amit Tayade\.stmcufinder\plugins\mcufinder//mcu/
2023-12-11 21:31:33,121 [INFO] DbMcusAds:125 - Set database path to: C:\Users\Amit Tayade\.stmcufinder\plugins\mcufinder//mcu/
2023-12-11 21:31:33,125 [INFO] CrossReferenceDbSqlite:203 - Set database path to: C:\Users\Amit Tayade\.stmcufinder\plugins\mcufinder//mcu/cs/
2023-12-11 21:31:33,443 [INFO] RulesReader:64 - Compatibility file has been processed (293 Rules)
2023-12-11 21:31:33,518 [INFO] McuFinderGlobals:63 - Set McuFinder mode to 2 (CubeIDE integrated)
2023-12-11 21:31:33,603 [INFO] DbMcusXml:78 - Set database path to: C:\ST\STM32CubeIDE_1.13.0\STM32CubeIDE\plugins\com.st.stm32cube.common.mx_6.9.0.202307051724\\db\/mcu/
2023-12-11 21:31:33,603 [INFO] ApiDb:274 - Set plugin database path to: C:\ST\STM32CubeIDE_1.13.0\STM32CubeIDE\plugins\com.st.stm32cube.common.mx_6.9.0.202307051724\\db\/plugins/boardmanager/
2023-12-11 21:31:33,604 [INFO] ApiDb:261 - Set plugin images path to: C:\ST\STM32CubeIDE_1.13.0\STM32CubeIDE\plugins\com.st.stm32cube.common.mx_6.9.0.202307051724\\db\/plugins/mcufinder/images/
2023-12-11 21:31:33,604 [WARN] DbFile:41 - Overriding database path with different value: C:\Users\Amit Tayade\.stmcufinder\plugins\mcufinder/ => C:\Users\Amit Tayade\.stmcufinder\plugins\mcufinder
2023-12-11 21:31:33,604 [INFO] ApiDb:250 - Set database path to: C:\Users\Amit Tayade\.stmcufinder\plugins\mcufinder//mcu/
2023-12-11 21:31:33,604 [WARN] DbFile:41 - Overriding database path with different value: C:\Users\Amit Tayade\.stmcufinder\plugins\mcufinder/ => C:\Users\Amit Tayade\.stmcufinder\plugins\mcufinder
2023-12-11 21:31:33,604 [INFO] DbMcusAds:125 - Set database path to: C:\Users\Amit Tayade\.stmcufinder\plugins\mcufinder//mcu/
2023-12-11 21:31:33,604 [WARN] DbFile:41 - Overriding database path with different value: C:\Users\Amit Tayade\.stmcufinder\plugins\mcufinder/ => C:\Users\Amit Tayade\.stmcufinder\plugins\mcufinder
2023-12-11 21:31:33,605 [WARN] DbFile:41 - Overriding database path with different value: C:\Users\Amit Tayade\.stmcufinder\plugins\mcufinder/ => C:\Users\Amit Tayade\.stmcufinder\plugins\mcufinder
2023-12-11 21:31:33,605 [INFO] CrossReferenceDbSqlite:203 - Set database path to: C:\Users\Amit Tayade\.stmcufinder\plugins\mcufinder//mcu/cs/
2023-12-11 21:31:33,794 [INFO] MainPanel:262 - HeapMemory: 268435456
2023-12-11 21:31:34,061 [INFO] DbMcusXml:78 - Set database path to: C:\ST\STM32CubeIDE_1.13.0\STM32CubeIDE\plugins\com.st.stm32cube.common.mx_6.9.0.202307051724\\db\/mcu/
2023-12-11 21:31:34,061 [INFO] ApiDb:274 - Set plugin database path to: C:\ST\STM32CubeIDE_1.13.0\STM32CubeIDE\plugins\com.st.stm32cube.common.mx_6.9.0.202307051724\\db\/plugins/boardmanager/
2023-12-11 21:31:34,061 [INFO] ApiDb:261 - Set plugin images path to: C:\ST\STM32CubeIDE_1.13.0\STM32CubeIDE\plugins\com.st.stm32cube.common.mx_6.9.0.202307051724\\db\/plugins/mcufinder/images/
2023-12-11 21:31:34,062 [WARN] DbFile:41 - Overriding database path with different value: C:\Users\Amit Tayade\.stmcufinder\plugins\mcufinder/ => C:\Users\Amit Tayade\.stmcufinder\plugins\mcufinder
2023-12-11 21:31:34,062 [INFO] ApiDb:250 - Set database path to: C:\Users\Amit Tayade\.stmcufinder\plugins\mcufinder//mcu/
2023-12-11 21:31:34,062 [WARN] DbFile:41 - Overriding database path with different value: C:\Users\Amit Tayade\.stmcufinder\plugins\mcufinder/ => C:\Users\Amit Tayade\.stmcufinder\plugins\mcufinder
2023-12-11 21:31:34,063 [INFO] DbMcusAds:125 - Set database path to: C:\Users\Amit Tayade\.stmcufinder\plugins\mcufinder//mcu/
2023-12-11 21:31:34,063 [WARN] DbFile:41 - Overriding database path with different value: C:\Users\Amit Tayade\.stmcufinder\plugins\mcufinder/ => C:\Users\Amit Tayade\.stmcufinder\plugins\mcufinder
2023-12-11 21:31:34,063 [WARN] DbFile:41 - Overriding database path with different value: C:\Users\Amit Tayade\.stmcufinder\plugins\mcufinder/ => C:\Users\Amit Tayade\.stmcufinder\plugins\mcufinder
2023-12-11 21:31:34,063 [INFO] CrossReferenceDbSqlite:203 - Set database path to: C:\Users\Amit Tayade\.stmcufinder\plugins\mcufinder//mcu/cs/
2023-12-11 21:31:34,106 [INFO] ApplicationProperties:184 - Using Application install path: C:\ST\STM32CubeIDE_1.13.0\STM32CubeIDE\plugins\com.st.stm32cube.common.mx_6.9.0.202307051724
2023-12-11 21:31:34,111 [INFO] PluginManage:196 - Search for loadable plugins [exclusion list=, ]
2023-12-11 21:31:34,114 [INFO] PluginManage:310 - Check plugin analytics
2023-12-11 21:31:34,445 [INFO] AnalyticsPlugin:253 - Accepted Software Licenses: 
2023-12-11 21:31:34,445 [INFO] AnalyticsPlugin:255 - Accepted CMSIS Pack Licenses: STMicroelectronics.X-CUBE-TOUCHGFX.4.22.1
2023-12-11 21:31:34,446 [INFO] AnalyticsPlugin:257 - Accepted Firmware Licenses: FW.F4.1.27.0
2023-12-11 21:31:34,449 [INFO] PluginManage:359 - Loaded plugin analytics (category:tool,tabindex:-1)
2023-12-11 21:31:34,450 [INFO] PluginManage:310 - Check plugin cadmodel
2023-12-11 21:31:34,459 [INFO] CADModel:105 - Init CAD model plugin
2023-12-11 21:31:34,460 [INFO] PluginManage:359 - Loaded plugin cadmodel (category:power,tabindex:5)
2023-12-11 21:31:34,460 [INFO] PluginManage:310 - Check plugin clock
2023-12-11 21:31:34,475 [INFO] PluginManage:359 - Loaded plugin clock (category:base,tabindex:2)
2023-12-11 21:31:34,475 [INFO] PluginManage:310 - Check plugin ddr
2023-12-11 21:31:34,479 [INFO] PluginManage:359 - Loaded plugin ddr (category:tool,tabindex:6)
2023-12-11 21:31:34,479 [INFO] PluginManage:310 - Check plugin filemanager
2023-12-11 21:31:34,708 [INFO] PluginManage:359 - Loaded plugin filemanager (category:base,tabindex:10)
2023-12-11 21:31:34,709 [INFO] PluginManage:310 - Check plugin ipmanager
2023-12-11 21:31:34,721 [INFO] PluginManage:359 - Loaded plugin ipmanager (category:base,tabindex:5)
2023-12-11 21:31:34,722 [INFO] PluginManage:310 - Check plugin lpbam
2023-12-11 21:31:34,739 [INFO] PluginManage:359 - Loaded plugin lpbam (category:base,tabindex:0)
2023-12-11 21:31:34,739 [INFO] PluginManage:310 - Check plugin memorymap
2023-12-11 21:31:34,762 [INFO] PluginManage:359 - Loaded plugin memorymap (category:base,tabindex:4)
2023-12-11 21:31:34,762 [INFO] PluginManage:310 - Check plugin pinoutandconfiguration
2023-12-11 21:31:34,777 [INFO] PluginManage:359 - Loaded plugin pinoutandconfiguration (category:base,tabindex:1)
2023-12-11 21:31:34,778 [INFO] PluginManage:310 - Check plugin pinoutconfig
2023-12-11 21:31:34,934 [WARN] SupportedApi:132 - Cannot load RTOS API schema: s4s-elt-must-match.1: The content of 'definitions' must match (annotation?, (simpleType | complexType)?, (unique | key | keyref)*)). A problem was found starting at: attribute.
2023-12-11 21:31:35,167 [INFO] PluginManage:359 - Loaded plugin pinoutconfig (category:base,tabindex:0)
2023-12-11 21:31:35,167 [INFO] PluginManage:310 - Check plugin power
2023-12-11 21:31:35,184 [INFO] PluginManage:359 - Loaded plugin power (category:power,tabindex:4)
2023-12-11 21:31:35,184 [INFO] PluginManage:310 - Check plugin projectmanager
2023-12-11 21:31:35,208 [INFO] PluginManage:359 - Loaded plugin projectmanager (category:projectmanager,tabindex:3)
2023-12-11 21:31:35,208 [INFO] PluginManage:310 - Check plugin thirdparty
2023-12-11 21:31:35,444 [WARN] IntegrityCheckThread:84 - waiting for thirdparty lock release [integrity check]
2023-12-11 21:31:35,445 [INFO] PluginManage:359 - Loaded plugin thirdparty (category:base,tabindex:-1)
2023-12-11 21:31:35,445 [INFO] IntegrityCheckThread:86 - entering critical section [integrity check]
2023-12-11 21:31:35,445 [INFO] PluginManage:310 - Check plugin tools
2023-12-11 21:31:35,446 [INFO] ThirdPartyUpdaterWithRetryManager:70 - Updater plugin not ready yet. [1/15]
2023-12-11 21:31:35,450 [INFO] PluginManage:359 - Loaded plugin tools (category:base,tabindex:7)
2023-12-11 21:31:35,450 [INFO] PluginManage:310 - Check plugin tutovideos
2023-12-11 21:31:35,787 [INFO] PluginManage:359 - Loaded plugin tutovideos (category:base,tabindex:-1)
2023-12-11 21:31:35,788 [INFO] PluginManage:310 - Check plugin updater
2023-12-11 21:31:35,805 [INFO] PluginManage:359 - Loaded plugin updater (category:base,tabindex:12)
2023-12-11 21:31:35,805 [INFO] PluginManage:310 - Check plugin userauth
2023-12-11 21:31:35,816 [INFO] UserAuth:113 - Init User Auth plugin
2023-12-11 21:31:35,816 [INFO] PluginManage:359 - Loaded plugin userauth (category:base,tabindex:14)
2023-12-11 21:31:35,818 [INFO] PluginManage:283 - PluginManage : Loaded plugins [17]
2023-12-11 21:31:36,129 [INFO] PinOutPanel:1499 - setPackage(No Configuration,No Configuration)
2023-12-11 21:31:36,260 [INFO] CADModel:165 - CPN selected for project level
2023-12-11 21:31:36,260 [INFO] CADModel:114 - Register for checkConnection events
2023-12-11 21:31:36,286 [INFO] IPUIPlugin:80 - create IPUIPlugin
2023-12-11 21:31:36,286 [INFO] PluginManager:220 - loadIPPluginJar : add adc
2023-12-11 21:31:36,290 [INFO] IPUIPlugin:80 - create IPUIPlugin
2023-12-11 21:31:36,290 [INFO] PluginManager:220 - loadIPPluginJar : add aes
2023-12-11 21:31:36,294 [INFO] IPUIPlugin:80 - create IPUIPlugin
2023-12-11 21:31:36,294 [INFO] PluginManager:220 - loadIPPluginJar : add can
2023-12-11 21:31:36,297 [INFO] IPUIPlugin:80 - create IPUIPlugin
2023-12-11 21:31:36,297 [INFO] PluginManager:220 - loadIPPluginJar : add comp
2023-12-11 21:31:36,301 [INFO] IPUIPlugin:80 - create IPUIPlugin
2023-12-11 21:31:36,301 [INFO] PluginManager:220 - loadIPPluginJar : add cryp
2023-12-11 21:31:36,304 [INFO] IPUIPlugin:80 - create IPUIPlugin
2023-12-11 21:31:36,305 [INFO] PluginManager:220 - loadIPPluginJar : add dfsdm
2023-12-11 21:31:36,312 [INFO] IPUIPlugin:80 - create IPUIPlugin
2023-12-11 21:31:36,313 [INFO] PluginManager:220 - loadIPPluginJar : add dma
2023-12-11 21:31:36,317 [INFO] IPUIPlugin:80 - create IPUIPlugin
2023-12-11 21:31:36,317 [INFO] PluginManager:220 - loadIPPluginJar : add dma3
2023-12-11 21:31:36,320 [INFO] IPUIPlugin:80 - create IPUIPlugin
2023-12-11 21:31:36,320 [INFO] PluginManager:220 - loadIPPluginJar : add fatfs
2023-12-11 21:31:36,326 [INFO] IPUIPlugin:80 - create IPUIPlugin
2023-12-11 21:31:36,326 [INFO] PluginManager:220 - loadIPPluginJar : add fmc
2023-12-11 21:31:36,334 [INFO] IPUIPlugin:80 - create IPUIPlugin
2023-12-11 21:31:36,334 [INFO] PluginManager:220 - loadIPPluginJar : add freertos
2023-12-11 21:31:36,337 [INFO] IPUIPlugin:80 - create IPUIPlugin
2023-12-11 21:31:36,337 [INFO] PluginManager:220 - loadIPPluginJar : add genericplugin
2023-12-11 21:31:36,340 [INFO] IPUIPlugin:80 - create IPUIPlugin
2023-12-11 21:31:36,341 [INFO] PluginManager:220 - loadIPPluginJar : add gfxmmu
2023-12-11 21:31:36,348 [INFO] IPUIPlugin:80 - create IPUIPlugin
2023-12-11 21:31:36,348 [INFO] PluginManager:220 - loadIPPluginJar : add gic
2023-12-11 21:31:36,355 [INFO] IPUIPlugin:80 - create IPUIPlugin
2023-12-11 21:31:36,355 [INFO] PluginManager:220 - loadIPPluginJar : add gpio
2023-12-11 21:31:36,360 [INFO] IPUIPlugin:80 - create IPUIPlugin
2023-12-11 21:31:36,360 [INFO] PluginManager:220 - loadIPPluginJar : add gtzc
2023-12-11 21:31:36,364 [INFO] IPUIPlugin:80 - create IPUIPlugin
2023-12-11 21:31:36,364 [INFO] PluginManager:220 - loadIPPluginJar : add hash
2023-12-11 21:31:36,369 [INFO] IPUIPlugin:80 - create IPUIPlugin
2023-12-11 21:31:36,369 [INFO] PluginManager:220 - loadIPPluginJar : add i2c
2023-12-11 21:31:36,373 [INFO] IPUIPlugin:80 - create IPUIPlugin
2023-12-11 21:31:36,373 [INFO] PluginManager:220 - loadIPPluginJar : add i2s
2023-12-11 21:31:36,377 [INFO] IPUIPlugin:80 - create IPUIPlugin
2023-12-11 21:31:36,377 [INFO] PluginManager:220 - loadIPPluginJar : add i3c
2023-12-11 21:31:36,381 [INFO] IPUIPlugin:80 - create IPUIPlugin
2023-12-11 21:31:36,381 [INFO] PluginManager:220 - loadIPPluginJar : add ipddr
2023-12-11 21:31:36,393 [INFO] IPUIPlugin:80 - create IPUIPlugin
2023-12-11 21:31:36,394 [INFO] PluginManager:220 - loadIPPluginJar : add linkedlist
2023-12-11 21:31:36,398 [INFO] IPUIPlugin:80 - create IPUIPlugin
2023-12-11 21:31:36,398 [INFO] PluginManager:220 - loadIPPluginJar : add lorawan
2023-12-11 21:31:36,401 [INFO] IPUIPlugin:80 - create IPUIPlugin
2023-12-11 21:31:36,401 [INFO] PluginManager:220 - loadIPPluginJar : add ltdc
2023-12-11 21:31:36,409 [INFO] IPUIPlugin:80 - create IPUIPlugin
2023-12-11 21:31:36,409 [INFO] PluginManager:220 - loadIPPluginJar : add mdma
2023-12-11 21:31:36,414 [INFO] IPUIPlugin:80 - create IPUIPlugin
2023-12-11 21:31:36,414 [INFO] PluginManager:220 - loadIPPluginJar : add nvic
2023-12-11 21:31:36,418 [INFO] IPUIPlugin:80 - create IPUIPlugin
2023-12-11 21:31:36,419 [INFO] PluginManager:220 - loadIPPluginJar : add opamp
2023-12-11 21:31:36,423 [INFO] IPUIPlugin:80 - create IPUIPlugin
2023-12-11 21:31:36,424 [INFO] PluginManager:220 - loadIPPluginJar : add openamp
2023-12-11 21:31:36,429 [INFO] IPUIPlugin:80 - create IPUIPlugin
2023-12-11 21:31:36,429 [INFO] PluginManager:220 - loadIPPluginJar : add pdm2pcm
2023-12-11 21:31:36,437 [INFO] IPUIPlugin:80 - create IPUIPlugin
2023-12-11 21:31:36,440 [INFO] PluginManager:220 - loadIPPluginJar : add plateformsettings
2023-12-11 21:31:36,442 [INFO] IPUIPlugin:80 - create IPUIPlugin
2023-12-11 21:31:36,442 [INFO] PluginManager:220 - loadIPPluginJar : add quadspi
2023-12-11 21:31:36,448 [INFO] IPUIPlugin:80 - create IPUIPlugin
2023-12-11 21:31:36,448 [INFO] PluginManager:220 - loadIPPluginJar : add resmgrutility
2023-12-11 21:31:36,452 [INFO] IPUIPlugin:80 - create IPUIPlugin
2023-12-11 21:31:36,453 [INFO] PluginManager:220 - loadIPPluginJar : add sai
2023-12-11 21:31:36,456 [INFO] IPUIPlugin:80 - create IPUIPlugin
2023-12-11 21:31:36,457 [INFO] PluginManager:220 - loadIPPluginJar : add spi
2023-12-11 21:31:36,464 [INFO] IPUIPlugin:80 - create IPUIPlugin
2023-12-11 21:31:36,464 [INFO] PluginManager:220 - loadIPPluginJar : add stm32_wpan
2023-12-11 21:31:36,467 [INFO] IPUIPlugin:80 - create IPUIPlugin
2023-12-11 21:31:36,467 [INFO] PluginManager:220 - loadIPPluginJar : add tim
2023-12-11 21:31:36,472 [INFO] IPUIPlugin:80 - create IPUIPlugin
2023-12-11 21:31:36,472 [INFO] PluginManager:220 - loadIPPluginJar : add touchsensing
2023-12-11 21:31:36,475 [INFO] IPUIPlugin:80 - create IPUIPlugin
2023-12-11 21:31:36,475 [INFO] PluginManager:220 - loadIPPluginJar : add tracer_emb
2023-12-11 21:31:36,478 [INFO] IPUIPlugin:80 - create IPUIPlugin
2023-12-11 21:31:36,478 [INFO] PluginManager:220 - loadIPPluginJar : add ts
2023-12-11 21:31:36,481 [INFO] IPUIPlugin:80 - create IPUIPlugin
2023-12-11 21:31:36,481 [INFO] PluginManager:220 - loadIPPluginJar : add tsc
2023-12-11 21:31:36,485 [INFO] IPUIPlugin:80 - create IPUIPlugin
2023-12-11 21:31:36,485 [INFO] PluginManager:220 - loadIPPluginJar : add ucpd
2023-12-11 21:31:36,489 [INFO] IPUIPlugin:80 - create IPUIPlugin
2023-12-11 21:31:36,489 [INFO] PluginManager:220 - loadIPPluginJar : add usart
2023-12-11 21:31:36,494 [INFO] IPUIPlugin:80 - create IPUIPlugin
2023-12-11 21:31:36,494 [INFO] PluginManager:220 - loadIPPluginJar : add usbx
2023-12-11 21:31:36,621 [INFO] CADModel:165 - CPN selected for project level
2023-12-11 21:31:36,621 [INFO] CADModel:114 - Register for checkConnection events
2023-12-11 21:31:36,622 [FATAL] Updater:308 - Updater called before beeing initialized
2023-12-11 21:31:36,622 [ERROR] CADModel:125 - Updater not yet initialized, retry later 
2023-12-11 21:31:36,825 [INFO] CADModel:165 - CPN selected for project level
2023-12-11 21:31:36,825 [INFO] CADModel:114 - Register for checkConnection events
2023-12-11 21:31:36,825 [FATAL] Updater:308 - Updater called before beeing initialized
2023-12-11 21:31:36,825 [ERROR] CADModel:125 - Updater not yet initialized, retry later 
2023-12-11 21:31:36,829 [FATAL] Updater:308 - Updater called before beeing initialized
2023-12-11 21:31:36,936 [FATAL] Updater:308 - Updater called before beeing initialized
2023-12-11 21:31:36,942 [INFO] DbMcusAds:53 - JSON generation date=Tue Mar 07 14:20:55 IST 2023 (1678179055114)
2023-12-11 21:31:36,942 [FATAL] Updater:308 - Updater called before beeing initialized
2023-12-11 21:31:36,989 [WARN] DetailPanel:346 - Failed to get advertising image, set to default
2023-12-11 21:31:37,086 [FATAL] Updater:308 - Updater called before beeing initialized
2023-12-11 21:31:37,088 [FATAL] Updater:308 - Updater called before beeing initialized
2023-12-11 21:31:37,089 [FATAL] Updater:308 - Updater called before beeing initialized
2023-12-11 21:31:37,089 [WARN] DetailPanel:346 - Failed to get advertising image, set to default
2023-12-11 21:31:37,090 [FATAL] Updater:308 - Updater called before beeing initialized
2023-12-11 21:31:37,137 [ERROR] Updater:1120 - MainUpdater not yet initialized. External WinMGr cannot be set.
2023-12-11 21:31:37,139 [INFO] Updater:1056 - Updater Version found : 6.9.0
2023-12-11 21:31:37,159 [INFO] ApplicationProperties:184 - Using Application install path: C:\ST\STM32CubeIDE_1.13.0\STM32CubeIDE\plugins\com.st.stm32cube.common.mx_6.9.0.202307051724
2023-12-11 21:31:37,465 [INFO] MainUpdater:2868 - connection check result : 10
2023-12-11 21:31:37,466 [INFO] MainUpdater:3562 - Updater definition file requires update
2023-12-11 21:31:37,467 [INFO] MainUpdater:285 - Updater Check For Update Now.
2023-12-11 21:31:37,468 [INFO] MicroXplorer:498 - Change Database Version : DB.6.0.90
2023-12-11 21:31:37,483 [INFO] McuFinderGlobals:63 - Set McuFinder mode to 2 (CubeIDE integrated)
2023-12-11 21:31:37,539 [INFO] ServerAccessManage:473 - Download File updaters.zip
2023-12-11 21:31:38,448 [WARN] MainUpdater:1189 - Updater busy. Cannot search thirdparties
2023-12-11 21:31:38,449 [INFO] ThirdPartyUpdaterWithRetryManager:96 - Updater plugin is busy. [1/15]
2023-12-11 21:31:39,766 [INFO] FileExtend:240 - Unzip File : updaters.zip
2023-12-11 21:31:39,766 [INFO] FileExtend:255 - Standard Zip Deflate
2023-12-11 21:31:40,197 [INFO] ServerAccessManage:473 - Download File PacksControlFlags.xml
2023-12-11 21:31:40,543 [INFO] ServerAccessManage:473 - Download File cubemx.pidx
2023-12-11 21:31:41,027 [INFO] ServerAccessManage:473 - Download File STMicroelectronics.FP-SNS-MOTENVWB1.pdsc
2023-12-11 21:31:41,450 [WARN] MainUpdater:1189 - Updater busy. Cannot search thirdparties
2023-12-11 21:31:41,450 [INFO] ThirdPartyUpdaterWithRetryManager:96 - Updater plugin is busy. [2/15]
2023-12-11 21:31:44,451 [WARN] MainUpdater:1189 - Updater busy. Cannot search thirdparties
2023-12-11 21:31:44,451 [INFO] ThirdPartyUpdaterWithRetryManager:96 - Updater plugin is busy. [3/15]
2023-12-11 21:31:47,451 [WARN] MainUpdater:1189 - Updater busy. Cannot search thirdparties
2023-12-11 21:31:47,451 [INFO] ThirdPartyUpdaterWithRetryManager:96 - Updater plugin is busy. [4/15]
2023-12-11 21:31:49,739 [INFO] ServerAccessManage:473 - Download File STMicroelectronics.X-CUBE-ISPU.pdsc
2023-12-11 21:31:50,454 [WARN] MainUpdater:1189 - Updater busy. Cannot search thirdparties
2023-12-11 21:31:50,454 [INFO] ThirdPartyUpdaterWithRetryManager:96 - Updater plugin is busy. [5/15]
2023-12-11 21:31:52,146 [INFO] ServerAccessManage:473 - Download File STMicroelectronics.X-CUBE-TOF1.pdsc
2023-12-11 21:31:53,454 [WARN] MainUpdater:1189 - Updater busy. Cannot search thirdparties
2023-12-11 21:31:53,454 [INFO] ThirdPartyUpdaterWithRetryManager:96 - Updater plugin is busy. [6/15]
2023-12-11 21:31:56,456 [WARN] MainUpdater:1189 - Updater busy. Cannot search thirdparties
2023-12-11 21:31:56,456 [INFO] ThirdPartyUpdaterWithRetryManager:96 - Updater plugin is busy. [7/15]
2023-12-11 21:31:57,532 [INFO] MainUpdater:2868 - connection check result : 10
2023-12-11 21:31:59,459 [WARN] MainUpdater:1189 - Updater busy. Cannot search thirdparties
2023-12-11 21:31:59,459 [INFO] ThirdPartyUpdaterWithRetryManager:96 - Updater plugin is busy. [8/15]
2023-12-11 21:31:59,908 [ERROR] ServerAccessManage:1089 - Problem, file not found on Server
2023-12-11 21:32:00,719 [ERROR] LogOutputStream:75 - [STDERR_REDIRECT] SLF4J: Failed to load class "org.slf4j.impl.StaticLoggerBinder".
2023-12-11 21:32:00,719 [ERROR] LogOutputStream:75 - [STDERR_REDIRECT] SLF4J: Defaulting to no-operation (NOP) logger implementation
2023-12-11 21:32:00,721 [ERROR] LogOutputStream:75 - [STDERR_REDIRECT] SLF4J: See http://www.slf4j.org/codes.html#StaticLoggerBinder for further details.
2023-12-11 21:32:02,459 [WARN] MainUpdater:1189 - Updater busy. Cannot search thirdparties
2023-12-11 21:32:02,459 [INFO] ThirdPartyUpdaterWithRetryManager:96 - Updater plugin is busy. [9/15]
2023-12-11 21:32:04,786 [INFO] ServerAccessManage:473 - Download File STMicroelectronics.X-CUBE-AZRTOS-H7.pdsc
2023-12-11 21:32:05,460 [WARN] MainUpdater:1189 - Updater busy. Cannot search thirdparties
2023-12-11 21:32:05,460 [INFO] ThirdPartyUpdaterWithRetryManager:96 - Updater plugin is busy. [10/15]
2023-12-11 21:32:08,461 [WARN] MainUpdater:1189 - Updater busy. Cannot search thirdparties
2023-12-11 21:32:08,461 [INFO] ThirdPartyUpdaterWithRetryManager:96 - Updater plugin is busy. [11/15]
2023-12-11 21:32:08,533 [ERROR] ServerAccessManage:1096 - Problem, Http access forbiden
2023-12-11 21:32:08,536 [ERROR] ServerAccessManage:651 - Problem, Http access forbiden : RoweBots.I-CUBE-UNISONRTOS.pdsc.
2023-12-11 21:32:08,724 [WARN] PackLoader:240 - Cannot read IP mode file for STMicroelectronics.FP-SNS-MOTENVWB1.1.3.1
2023-12-11 21:32:08,737 [WARN] PackLoader:240 - Cannot read IP mode file for STMicroelectronics.X-CUBE-ISPU.2.0.0
2023-12-11 21:32:08,762 [WARN] PackLoader:240 - Cannot read IP mode file for STMicroelectronics.X-CUBE-TOF1.3.4.0
2023-12-11 21:32:08,835 [WARN] PackLoader:240 - Cannot read IP mode file for STMicroelectronics.X-CUBE-AZRTOS-H7.3.2.0
2023-12-11 21:32:08,842 [INFO] PopulateThirdPartyThread:66 - Ending populate Thread
2023-12-11 21:32:08,843 [INFO] ThirdParty:1030 - CMSIS Pack Vendor :STMicroelectronics FP-SNS-MOTENVWB1 1.3.1
2023-12-11 21:32:08,844 [INFO] ThirdParty:1030 - CMSIS Pack Vendor :STMicroelectronics X-CUBE-TOF1 3.4.0
2023-12-11 21:32:08,844 [INFO] ThirdParty:1030 - CMSIS Pack Vendor :STMicroelectronics X-CUBE-AZRTOS-H7 3.2.0
2023-12-11 21:32:08,844 [INFO] ThirdParty:1030 - CMSIS Pack Vendor :STMicroelectronics X-CUBE-ISPU 2.0.0
2023-12-11 21:32:08,844 [INFO] LoadServerUpdatesThread:373 - End of LoadServerUpdate Thread
2023-12-11 21:32:08,856 [INFO] CheckServerUpdateThread:120 - End of CheckServer Thread
2023-12-11 21:32:08,965 [INFO] MainUpdater:2868 - connection check result : 10
2023-12-11 21:32:09,028 [INFO] MicroXplorer:468 - Change Database Path : 
2023-12-11 21:32:09,028 [INFO] MicroXplorer:498 - Change Database Version : DB.6.0.90
2023-12-11 21:32:09,036 [WARN] ThirdParty:871 - waiting for thirdparty lock release [close project]
2023-12-11 21:32:11,686 [WARN] PackLoader:240 - Cannot read IP mode file for STMicroelectronics.X-CUBE-SMBUS.2.1.0
2023-12-11 21:32:11,707 [WARN] PackLoader:240 - Cannot read IP mode file for STMicroelectronics.X-CUBE-AZRTOS-F7.1.1.0
2023-12-11 21:32:11,718 [WARN] PackLoader:240 - Cannot read IP mode file for STMicroelectronics.FP-SNS-MOTENV1.4.3.2
2023-12-11 21:32:11,727 [WARN] PackLoader:240 - Cannot read IP mode file for STMicroelectronics.X-CUBE-BLE1.6.2.4
2023-12-11 21:32:11,733 [WARN] PackLoader:240 - Cannot read IP mode file for STMicroelectronics.FP-SNS-FLIGHT1.5.0.2
2023-12-11 21:32:11,743 [WARN] PackLoader:240 - Cannot read IP mode file for STMicroelectronics.X-CUBE-DISPLAY.3.0.0
2023-12-11 21:32:11,754 [WARN] PackLoader:240 - Cannot read IP mode file for STMicroelectronics.X-CUBE-BLE1.7.0.0
2023-12-11 21:32:11,759 [WARN] PackLoader:240 - Cannot read IP mode file for emotas.I-CUBE-CANOPEN.1.3.0
2023-12-11 21:32:11,765 [WARN] PackLoader:240 - Cannot read IP mode file for STMicroelectronics.X-CUBE-TOUCHGFX.4.22.0
2023-12-11 21:32:11,772 [WARN] PackLoader:240 - Cannot read IP mode file for STMicroelectronics.X-CUBE-TOUCHGFX.4.22.1
2023-12-11 21:32:11,829 [WARN] PackLoader:240 - Cannot read IP mode file for STMicroelectronics.FP-SNS-SMARTAG2.1.2.0
2023-12-11 21:32:11,852 [INFO] LogOutputStream:77 - [STDOUT_REDIRECT] 1 : Invalid condition id : UX_CORESTACK_Condition cause : null
2023-12-11 21:32:11,854 [INFO] LogOutputStream:77 - [STDOUT_REDIRECT] 1 : Invalid condition id : UX_CORESTACK_Condition cause : null
2023-12-11 21:32:11,855 [INFO] LogOutputStream:77 - [STDOUT_REDIRECT] 1 : Invalid condition id : UX_CORESTACK_Condition cause : null
2023-12-11 21:32:11,857 [INFO] LogOutputStream:77 - [STDOUT_REDIRECT] 1 : Invalid condition id : UX_CORESTACK_Condition cause : null
2023-12-11 21:32:11,858 [INFO] LogOutputStream:77 - [STDOUT_REDIRECT] 1 : Invalid condition id : UX_CORESTACK_Condition cause : null
2023-12-11 21:32:11,862 [WARN] PackLoader:240 - Cannot read IP mode file for STMicroelectronics.X-CUBE-AZRTOS-WL.2.0.0
2023-12-11 21:32:11,871 [WARN] PackLoader:240 - Cannot read IP mode file for WES.I-CUBE-Cesium.1.3.0
2023-12-11 21:32:11,876 [WARN] PackLoader:240 - Cannot read IP mode file for STMicroelectronics.X-CUBE-BLE2.3.3.0
2023-12-11 21:32:11,882 [WARN] PackLoader:240 - Cannot read IP mode file for STMicroelectronics.X-CUBE-ALGOBUILD.1.3.0
2023-12-11 21:32:11,903 [WARN] PackLoader:240 - Cannot read IP mode file for STMicroelectronics.X-CUBE-AZRTOS-G0.1.1.0
2023-12-11 21:32:11,913 [WARN] PackLoader:240 - Cannot read IP mode file for STMicroelectronics.X-CUBE-NFC4.3.0.0
2023-12-11 21:32:11,927 [WARN] PackLoader:240 - Cannot read IP mode file for STMicroelectronics.X-CUBE-BLEMGR.3.0.0
2023-12-11 21:32:11,934 [WARN] PackLoader:240 - Cannot read IP mode file for STMicroelectronics.FP-ATR-SIGFOX1.3.2.0
2023-12-11 21:32:11,967 [WARN] PackLoader:240 - Cannot read IP mode file for SEGGER.I-CUBE-embOS.1.3.1
2023-12-11 21:32:12,050 [WARN] PackLoader:240 - Cannot read IP mode file for STMicroelectronics.X-CUBE-GNSS1.6.0.0
2023-12-11 21:32:12,073 [WARN] PackLoader:240 - Cannot read IP mode file for STMicroelectronics.X-CUBE-AZRTOS-F4.1.1.0
2023-12-11 21:32:12,081 [WARN] PackLoader:240 - Cannot read IP mode file for wolfSSL.I-CUBE-wolfSSL.5.6.3
2023-12-11 21:32:12,102 [WARN] PackLoader:240 - Cannot read IP mode file for STMicroelectronics.X-CUBE-AZRTOS-L5.2.0.0
2023-12-11 21:32:12,152 [WARN] PackLoader:240 - Cannot read IP mode file for STMicroelectronics.X-CUBE-MEMS1.9.6.0
2023-12-11 21:32:12,322 [WARN] PackLoader:240 - Cannot read IP mode file for STMicroelectronics.X-CUBE-EEPRMA1.4.2.0
2023-12-11 21:32:12,330 [WARN] PackLoader:240 - Cannot read IP mode file for ITTIA_DB.I-CUBE-ITTIADB.8.8.0
2023-12-11 21:32:12,340 [WARN] PackLoader:240 - Cannot read IP mode file for STMicroelectronics.X-CUBE-BLEMGR.2.0.0
2023-12-11 21:32:12,362 [WARN] ConditionMgr:438 - getConditionDescription Invalid condition id : UX DEVICE CLASS RTOS Condition cause : null
2023-12-11 21:32:12,363 [WARN] ConditionMgr:438 - getConditionDescription Invalid condition id : UX DEVICE CLASS RTOS Condition cause : null
2023-12-11 21:32:12,367 [WARN] PackLoader:240 - Cannot read IP mode file for STMicroelectronics.X-CUBE-AZRTOS-H7.3.1.0
2023-12-11 21:32:12,369 [WARN] ConditionMgr:1039 - genDependencies : Invalid condition id : UX DEVICE CLASS RTOS Condition cause : null
2023-12-11 21:32:12,370 [WARN] ConditionMgr:1039 - genDependencies : Invalid condition id : UX DEVICE CLASS RTOS Condition cause : null
2023-12-11 21:32:12,371 [WARN] ConditionMgr:1039 - genDependencies : Invalid condition id : UX DEVICE CLASS RTOS Condition cause : null
2023-12-11 21:32:12,371 [WARN] ConditionMgr:1039 - genDependencies : Invalid condition id : UX DEVICE CLASS RTOS Condition cause : null
2023-12-11 21:32:12,371 [WARN] ConditionMgr:1039 - genDependencies : Invalid condition id : UX DEVICE CLASS RTOS Condition cause : null
2023-12-11 21:32:12,379 [WARN] PackLoader:240 - Cannot read IP mode file for STMicroelectronics.X-CUBE-NFC7.1.0.1
2023-12-11 21:32:12,388 [WARN] PackLoader:240 - Cannot read IP mode file for STMicroelectronics.X-CUBE-NFC6.3.0.0
2023-12-11 21:32:12,395 [WARN] PackLoader:240 - Cannot read IP mode file for STMicroelectronics.X-CUBE-EEPRMA1.4.1.0
2023-12-11 21:32:12,400 [WARN] PackLoader:240 - Cannot read IP mode file for STMicroelectronics.X-CUBE-AI.8.1.0
2023-12-11 21:32:12,414 [WARN] ConditionMgr:438 - getConditionDescription Invalid condition id : LAN8742 Phy interface Condition cause : null
2023-12-11 21:32:12,414 [WARN] PackLoader:240 - Cannot read IP mode file for STMicroelectronics.X-CUBE-AZRTOS-L4.2.0.0
2023-12-11 21:32:12,415 [WARN] ConditionMgr:1039 - genDependencies : Invalid condition id : LAN8742 Phy interface Condition cause : null
2023-12-11 21:32:12,415 [WARN] ConditionMgr:1039 - genDependencies : Invalid condition id : LAN8742 Phy interface Condition cause : null
2023-12-11 21:32:12,416 [WARN] ConditionMgr:1039 - genDependencies : Invalid condition id : LAN8742 Phy interface Condition cause : null
2023-12-11 21:32:12,422 [WARN] PackLoader:240 - Cannot read IP mode file for STMicroelectronics.X-CUBE-SFXS2LP1.4.0.0
2023-12-11 21:32:12,427 [WARN] PackLoader:240 - Cannot read IP mode file for STMicroelectronics.X-CUBE-ISPU.1.1.0
2023-12-11 21:32:12,440 [WARN] ConditionMgr:438 - getConditionDescription Invalid condition id : UX DEVICE CLASS RTOS Condition cause : null
2023-12-11 21:32:12,441 [WARN] ConditionMgr:438 - getConditionDescription Invalid condition id : UX DEVICE CLASS RTOS Condition cause : null
2023-12-11 21:32:12,443 [WARN] PackLoader:240 - Cannot read IP mode file for STMicroelectronics.X-CUBE-AZRTOS-WB.2.0.0
2023-12-11 21:32:12,444 [WARN] ConditionMgr:1039 - genDependencies : Invalid condition id : UX DEVICE CLASS RTOS Condition cause : null
2023-12-11 21:32:12,444 [WARN] ConditionMgr:1039 - genDependencies : Invalid condition id : UX DEVICE CLASS RTOS Condition cause : null
2023-12-11 21:32:12,444 [WARN] ConditionMgr:1039 - genDependencies : Invalid condition id : UX DEVICE CLASS RTOS Condition cause : null
2023-12-11 21:32:12,445 [WARN] ConditionMgr:1039 - genDependencies : Invalid condition id : UX DEVICE CLASS RTOS Condition cause : null
2023-12-11 21:32:12,445 [WARN] ConditionMgr:1039 - genDependencies : Invalid condition id : UX DEVICE CLASS RTOS Condition cause : null
2023-12-11 21:32:12,450 [WARN] PackLoader:240 - Cannot read IP mode file for STMicroelectronics.X-CUBE-FREERTOS.1.0.1
2023-12-11 21:32:12,464 [WARN] PackLoader:240 - Cannot read IP mode file for STMicroelectronics.X-CUBE-AZRTOS-L5.1.1.0
2023-12-11 21:32:12,470 [WARN] PackLoader:240 - Cannot read IP mode file for STMicroelectronics.X-CUBE-AI.8.0.1
2023-12-11 21:32:12,480 [WARN] PackLoader:240 - Cannot read IP mode file for STMicroelectronics.X-CUBE-SUBG2.5.0.0
2023-12-11 21:32:12,493 [WARN] PackLoader:240 - Cannot read IP mode file for STMicroelectronics.X-CUBE-TOF1.3.3.1
2023-12-11 21:32:12,517 [WARN] PackLoader:240 - Cannot read IP mode file for STMicroelectronics.X-CUBE-AZRTOS-G4.2.0.0
2023-12-11 21:32:12,532 [WARN] PackLoader:240 - Cannot read IP mode file for Infineon.AIROC-Wi-Fi-Bluetooth-STM32.1.5.1
2023-12-11 21:32:12,540 [WARN] PackLoader:240 - Cannot read IP mode file for STMicroelectronics.FP-SNS-MOTENVWB1.1.3.1
2023-12-11 21:32:12,545 [WARN] PackLoader:240 - Cannot read IP mode file for STMicroelectronics.X-CUBE-ISPU.2.0.0
2023-12-11 21:32:12,582 [WARN] PackLoader:240 - Cannot read IP mode file for STMicroelectronics.X-CUBE-MEMS1.10.0.0
2023-12-11 21:32:12,707 [WARN] PackLoader:240 - Cannot read IP mode file for STMicroelectronics.X-CUBE-FREERTOS.1.1.0
2023-12-11 21:32:12,714 [WARN] PackLoader:240 - Cannot read IP mode file for portGmbH.I-Cube-SoM-uGOAL.1.1.0
2023-12-11 21:32:12,720 [WARN] PackLoader:240 - Cannot read IP mode file for STMicroelectronics.X-CUBE-ALS.1.0.1
2023-12-11 21:32:12,732 [WARN] PackLoader:240 - Cannot read IP mode file for STMicroelectronics.X-CUBE-AZRTOS-WB.1.1.0
2023-12-11 21:32:12,738 [WARN] PackLoader:240 - Cannot read IP mode file for STMicroelectronics.FP-ATR-ASTRA1.2.0.0
2023-12-11 21:32:12,747 [WARN] PackLoader:240 - Cannot read IP mode file for STMicroelectronics.X-CUBE-TOF1.3.4.0
2023-12-11 21:32:12,775 [WARN] PackLoader:240 - Cannot read IP mode file for STMicroelectronics.X-CUBE-AZRTOS-H7.3.2.0
2023-12-11 21:32:12,778 [INFO] ThirdParty:978 - Integrity check success = true
2023-12-11 21:32:12,778 [INFO] IntegrityCheckThread:100 - exiting critical section [integrity check]
2023-12-11 21:32:12,778 [INFO] IntegrityCheckThread:103 - End integrity checks thread
2023-12-11 21:32:12,778 [INFO] ThirdParty:873 - entering critical section [close project]
2023-12-11 21:32:12,779 [INFO] ThirdParty:883 - exiting critical section [close project]
2023-12-11 21:32:12,782 [INFO] PinOutPanel:1499 - setPackage(No Configuration,No Configuration)
2023-12-11 21:32:12,789 [INFO] UtilMem:75 - Begin LoadConfig() Used Memory: 487667712 Bytes (721420288)
2023-12-11 21:32:12,791 [INFO] MicroXplorer:468 - Change Database Path : 
2023-12-11 21:32:12,791 [INFO] MicroXplorer:498 - Change Database Version : DB.6.0.90
2023-12-11 21:32:12,791 [INFO] OpenFileManager:308 - Change cursor
2023-12-11 21:32:12,828 [INFO] Mcu:1946 - Initializing MCU STM32F446R(C-E)Tx STM32F446RETx STM32F446RET6
2023-12-11 21:32:14,660 [INFO] Context:659 - Trying to add GPIOservice into a context  which must be forbidden
2023-12-11 21:32:15,338 [INFO] RtosManager:555 - Registered RTOS mode: class=CMSIS, group=RTOS, mode=CMSIS_V1, owner=FREERTOS
2023-12-11 21:32:15,339 [INFO] RtosManager:555 - Registered RTOS mode: class=CMSIS, group=RTOS2, mode=CMSIS_V2, owner=FREERTOS
2023-12-11 21:32:15,339 [INFO] RtosManager:555 - Registered RTOS mode: class=RTOS, group=Core, mode=CMSIS_V1, owner=FREERTOS
2023-12-11 21:32:15,339 [INFO] RtosManager:555 - Registered RTOS mode: class=RTOS, group=Core, mode=CMSIS_V2, owner=FREERTOS
2023-12-11 21:32:15,339 [WARN] ModelIntegratedComponent:184 - Missing modes for component STMicroelectronics:FreeRTOS:0.0.1:STMicroelectronics:RTOS:FreeRTOS:Core:::10.2.0:
2023-12-11 21:32:15,356 [WARN] ModelIntegratedComponent:63 - No mode defined for component null
2023-12-11 21:32:15,356 [WARN] ModelIntegratedComponent:63 - No mode defined for component null
2023-12-11 21:32:15,356 [WARN] ModelIntegratedComponent:63 - No mode defined for component null
2023-12-11 21:32:15,356 [WARN] ModelIntegratedComponent:63 - No mode defined for component null
2023-12-11 21:32:15,356 [WARN] ModelIntegratedComponent:63 - No mode defined for component null
2023-12-11 21:32:15,356 [WARN] ModelIntegratedComponent:63 - No mode defined for component null
2023-12-11 21:32:15,356 [WARN] ModelIntegratedComponent:63 - No mode defined for component null
2023-12-11 21:32:15,356 [WARN] ModelIntegratedComponent:63 - No mode defined for component null
2023-12-11 21:32:15,356 [WARN] ModelIntegratedComponent:63 - No mode defined for component null
2023-12-11 21:32:15,356 [WARN] ModelIntegratedComponent:63 - No mode defined for component null
2023-12-11 21:32:15,357 [WARN] ModelIntegratedComponent:63 - No mode defined for component null
2023-12-11 21:32:15,357 [WARN] ModelIntegratedComponent:63 - No mode defined for component null
2023-12-11 21:32:15,357 [WARN] ModelIntegratedComponent:63 - No mode defined for component null
2023-12-11 21:32:15,357 [WARN] ModelIntegratedComponent:63 - No mode defined for component null
2023-12-11 21:32:15,357 [WARN] ModelIntegratedComponent:63 - No mode defined for component null
2023-12-11 21:32:15,357 [WARN] ModelIntegratedComponent:63 - No mode defined for component null
2023-12-11 21:32:15,357 [WARN] ModelIntegratedComponent:63 - No mode defined for component null
2023-12-11 21:32:15,357 [WARN] ModelIntegratedComponent:63 - No mode defined for component null
2023-12-11 21:32:15,357 [WARN] ModelIntegratedComponent:63 - No mode defined for component null
2023-12-11 21:32:15,357 [WARN] ModelIntegratedComponent:63 - No mode defined for component null
2023-12-11 21:32:15,357 [WARN] ModelIntegratedComponent:63 - No mode defined for component null
2023-12-11 21:32:15,357 [WARN] ModelIntegratedComponent:63 - No mode defined for component null
2023-12-11 21:32:15,357 [WARN] ModelIntegratedComponent:63 - No mode defined for component null
2023-12-11 21:32:15,357 [WARN] ModelIntegratedComponent:63 - No mode defined for component null
2023-12-11 21:32:15,357 [WARN] ModelIntegratedComponent:63 - No mode defined for component null
2023-12-11 21:32:15,357 [WARN] ModelIntegratedComponent:63 - No mode defined for component null
2023-12-11 21:32:15,358 [WARN] ModelIntegratedComponent:63 - No mode defined for component null
2023-12-11 21:32:15,358 [WARN] ModelIntegratedComponent:63 - No mode defined for component null
2023-12-11 21:32:15,358 [WARN] ModelIntegratedComponent:63 - No mode defined for component null
2023-12-11 21:32:15,358 [WARN] ModelIntegratedComponent:63 - No mode defined for component null
2023-12-11 21:32:15,358 [WARN] ModelIntegratedComponent:63 - No mode defined for component null
2023-12-11 21:32:15,358 [WARN] ModelIntegratedComponent:63 - No mode defined for component null
2023-12-11 21:32:15,358 [WARN] ModelIntegratedComponent:63 - No mode defined for component null
2023-12-11 21:32:15,465 [INFO] ThirdPartyModel:298 - Start build external matchings
2023-12-11 21:32:16,253 [INFO] ThirdPartyModel:316 - End build external matchings
2023-12-11 21:32:16,711 [INFO] UtilMem:75 - End LoadConfig() Used Memory: 610847528 Bytes (721420288)
2023-12-11 21:32:16,991 [INFO] ApiDb:581 - Connected to CubeFinder SQLite database (C:\Users\Amit Tayade\.stmcufinder\plugins\mcufinder\mcu\cube-finder-db.db)
2023-12-11 21:32:17,108 [INFO] ApiDb:668 - CubeFinder database Data Model version=2.1
2023-12-11 21:32:17,109 [INFO] ApiDb:669 - CubeFinder database Configuration version=3.0.37
2023-12-11 21:32:17,109 [INFO] ApiDb:670 - CubeFinder database generation date=2023-10-13 (1697197505)
2023-12-11 21:32:17,109 [INFO] ApiDb:671 - CubeFinder database FW Pack versions=[FP-ATR-ASTRA1_V2.0.0, FP-SNS-FLIGHT1_V5.0.1, FP-SNS-FLIGHT1_V5.0.2, FP-SNS-MOTENV1_V4.3.1, FP-SNS-MOTENV1_V4.3.2, FP-SNS-SMARTAG2_V1.2.0, I-CUBE-ITTIADB_V8.6.3-1, STM32Cube_FW_C0_V1.1.0, STM32Cube_FW_F4_V1.27.1, STM32Cube_FW_F7_V1.17.0, STM32Cube_FW_G0_V1.6.1, STM32Cube_FW_G4_V1.5.1, STM32Cube_FW_H5_V0.5.1, STM32Cube_FW_H5_V1.1.1, STM32Cube_FW_H7_V1.11.0, STM32Cube_FW_L0_V1.12.2, STM32Cube_FW_L5_V1.5.0, STM32Cube_FW_U5_V1.3.0, STM32Cube_FW_U5_V1.3.0RC4, STM32Cube_FW_WBA_V1.0.0RC1, STM32Cube_FW_WBA_V1.1.0RC1, STM32Cube_FW_WBA_V1.1.1, STM32Cube_FW_WB_V1.15.0RC1, STM32Cube_FW_WB_V1.16.0, STM32Cube_FW_WB_V1.16.0RC2, STM32Cube_FW_WB_V1.17.3, STM32Cube_FW_WL_V1.3.0, X-CUBE-ALGOBUILD_V1.3.0, X-CUBE-ALS_V1.0.1, X-CUBE-AZRTOS-F4_V1.1.0, X-CUBE-AZRTOS-F7_V1.1.0, X-CUBE-AZRTOS-G0_V1.1.0, X-CUBE-AZRTOS-G4_V2.0.0, X-CUBE-AZRTOS-H7_V3.1.0, X-CUBE-AZRTOS-L4_V1.0.0, X-CUBE-AZRTOS-L4_V2.0.0, X-CUBE-AZRTOS-L5_V1.1.0, X-CUBE-AZRTOS-WB_V2.0.0, X-CUBE-AZRTOS-WL_V2.0.0, X-CUBE-BLE1_V7.0.0, X-CUBE-BLE2_V3.3.0, X-CUBE-BLEMGR_V2.0.0, X-CUBE-EEPRMA1_V4.1.0, X-CUBE-FREERTOS_V1.1.0, X-CUBE-GNSS1_V6.0.0, X-CUBE-MEMS1_V10.0.0, X-CUBE-MEMS1_V9.1.0, X-CUBE-MEMS1_V9.4.0, X-CUBE-MEMS1_V9.6.0, X-CUBE-NFC4_V3.0.0, X-CUBE-NFC7_V1.0.1, X-CUBE-SFXS2LP1_V4.0.0, X-CUBE-SUBG2_V5.0.0, X-CUBE-TOF1_V3.3.1]
2023-12-11 21:32:20,175 [INFO] ApiDb:240 - Found 323 in-development CPN: [B-G473E-ZEST1S, B-WB1M-WPAN1, B-WL5M-SUBG1, NUCLEO-C031C6, NUCLEO-H503RB, NUCLEO-H563ZI, NUCLEO-U545RE-Q, NUCLEO-U5A5ZJ-Q, NUCLEO-WBA52CG, STEVAL-PROTEUS1, STEVAL-SMARTAG2, STEVAL-STWINBX1, STM320518-EVAL, STM32C0116-DK, STM32C011D6Y3TR, STM32C011D6Y6TR, STM32C011F4P3, STM32C011F4P6, STM32C011F4U3, STM32C011F4U6TR, STM32C011F6P3, STM32C011F6P6, STM32C011F6U3, STM32C011F6U6TR, STM32C011J4M3, STM32C011J4M6, STM32C011J6M3, STM32C011J6M6, STM32C0316-DK, STM32C031C4T3, STM32C031C4T6, STM32C031C4U3, STM32C031C4U6, STM32C031C6T3, STM32C031C6T6, STM32C031C6U3, STM32C031C6U6, STM32C031F4P3, STM32C031F4P6, STM32C031F6P3, STM32C031F6P6, STM32C031G4U3, STM32C031G4U6, STM32C031G6U3, STM32C031G6U6, STM32C031K4T3, STM32C031K4T6, STM32C031K4U3, STM32C031K4U6, STM32C031K6T3, STM32C031K6T6, STM32C031K6U3, STM32C031K6U6, STM32G071K8TXN, STM32G071K8UXN, STM32G081GBU6N, STM32G081KBT6N, STM32G081KBUXN, STM32G0B1CCT6N, STM32G0B1KCT6, STM32G0B1NEY6TR, STM32G0B1RCT6N, STM32G0C1CCT6, STM32G0C1CCT6N, STM32G0C1CCU6N, STM32G0C1CET6N, STM32G0C1CEU6N, STM32G0C1KCT6, STM32G0C1NEY6TR, STM32G0C1RCI6N, STM32G0C1RCT6N, STM32G0C1REI6N, STM32G0C1RET6N, STM32G0C1VCI6, STM32G0C1VEI6, STM32G471CCT6, STM32G471CCU6, STM32G471CET3, STM32G471CET6, STM32G471CEU3, STM32G471CEU6, STM32G471MCT6, STM32G471MET3, STM32G471MET6, STM32G471MEY6TR, STM32G471QCT6, STM32G471QET3, STM32G471RCT6, STM32G471RET3, STM32G471RET6, STM32G471VCH6, STM32G471VCI6, STM32G471VCT6, STM32G471VEH3, STM32G471VEH6, STM32G471VEI3, STM32G471VEI6, STM32G471VET3, STM32G471VET6, STM32G474CCT6, STM32H503CBT6, STM32H503CBU6, STM32H503EBY6TR, STM32H503KBU6, STM32H503RBT6, STM32H562AGI6, STM32H562AII6, STM32H562IGK6, STM32H562IGT6, STM32H562IIK6, STM32H562IIT6, STM32H562RGT6, STM32H562RGV6, STM32H562RIT6, STM32H562RIV6, STM32H562VGT6, STM32H562VIT6, STM32H562ZGT6, STM32H562ZIT6, STM32H563AGI6, STM32H563AII3Q, STM32H563AII6, STM32H563IGK6, STM32H563IGT6, STM32H563IIK3Q, STM32H563IIK6, STM32H563IIT3Q, STM32H563IIT6, STM32H563MIY3QTR, STM32H563RGT6, STM32H563RGV6, STM32H563RIT6, STM32H563RIV6, STM32H563VGT6, STM32H563VIT3Q, STM32H563VIT6, STM32H563ZGT6, STM32H563ZIT3Q, STM32H563ZIT6, STM32H573AII3Q, STM32H573AII6, STM32H573I-DK, STM32H573IIK3Q, STM32H573IIK6, STM32H573IIT3Q, STM32H573IIT6, STM32H573MIY3QTR, STM32H573RIT6, STM32H573RIV6, STM32H573VIT3Q, STM32H573VIT6, STM32H573ZIT3Q, STM32H573ZIT6, STM32L4R5QGI6STR, STM32MP131AAE3, STM32MP131AAF3, STM32MP131AAG3, STM32MP131CAE3, STM32MP131CAF3, STM32MP131CAG3, STM32MP131DAE7, STM32MP131DAF7, STM32MP131DAG7, STM32MP131FAE7, STM32MP131FAF7, STM32MP131FAG7, STM32MP133AAE3, STM32MP133AAF3, STM32MP133AAG3, STM32MP133CAE3, STM32MP133CAF3, STM32MP133CAG3, STM32MP133DAE7, STM32MP133DAF7, STM32MP133DAG7, STM32MP133FAE7, STM32MP133FAF7, STM32MP133FAG7, STM32MP135AAE3, STM32MP135AAF3, STM32MP135AAG3, STM32MP135CAE3, STM32MP135CAF3, STM32MP135CAG3, STM32MP135DAE7, STM32MP135DAF7, STM32MP135DAG7, STM32MP135F-DK, STM32MP135FAE7, STM32MP135FAF7, STM32MP135FAF7T, STM32MP135FAF7U, STM32MP135FAG7, STM32U535CBT6, STM32U535CBT6Q, STM32U535CBU6, STM32U535CBU6Q, STM32U535CCT6, STM32U535CCT6Q, STM32U535CCU6, STM32U535CCU6Q, STM32U535CET6, STM32U535CET6Q, STM32U535CEU6, STM32U535CEU6Q, STM32U535JEY6QTR, STM32U535NCY6QTR, STM32U535NEY6QTR, STM32U535RBI6, STM32U535RBI6Q, STM32U535RBT6, STM32U535RBT6Q, STM32U535RCI6, STM32U535RCI6Q, STM32U535RCT6, STM32U535RCT6Q, STM32U535REI6, STM32U535REI6Q, STM32U535RET6, STM32U535RET6Q, STM32U535VCI6, STM32U535VCI6Q, STM32U535VCT6, STM32U535VCT6Q, STM32U535VEI6, STM32U535VEI6Q, STM32U535VET6, STM32U535VET6Q, STM32U545CET6, STM32U545CET6Q, STM32U545CEU6, STM32U545CEU6Q, STM32U545JEY6QTR, STM32U545NEY6QTR, STM32U545REI6, STM32U545REI6Q, STM32U545RET6, STM32U545RET6Q, STM32U545VEI6, STM32U545VEI6Q, STM32U545VET6, STM32U545VET6Q, STM32U595AIH6, STM32U595AIH6Q, STM32U595AJH6, STM32U595AJH6Q, STM32U595QII6, STM32U595QII6Q, STM32U595QJI6, STM32U595QJI6Q, STM32U595RIT6, STM32U595RIT6Q, STM32U595RJT6, STM32U595RJT6Q, STM32U595VIT6, STM32U595VIT6Q, STM32U595VJT6, STM32U595VJT6Q, STM32U595ZIT6, STM32U595ZIT6Q, STM32U595ZIY6QTR, STM32U595ZJT6, STM32U595ZJT6Q, STM32U595ZJY6QTR, STM32U599BJY6QTR, STM32U599NIH6Q, STM32U599NJH6Q, STM32U599VIT6Q, STM32U599VJT6, STM32U599VJT6Q, STM32U599ZIT6Q, STM32U599ZIY6QTR, STM32U599ZJT6Q, STM32U599ZJY6QTR, STM32U5A5AJH6, STM32U5A5AJH6Q, STM32U5A5QJI6, STM32U5A5QJI6Q, STM32U5A5RJT6, STM32U5A5RJT6Q, STM32U5A5VJT6, STM32U5A5VJT6Q, STM32U5A5ZJT6, STM32U5A5ZJT6Q, STM32U5A5ZJY6QTR, STM32U5A9BJY6QTR, STM32U5A9J-DK, STM32U5A9NJH6Q, STM32U5A9VJT6Q, STM32U5A9ZJT6Q, STM32U5A9ZJY6QTR, STM32U5F7VIT6, STM32U5F7VIT6Q, STM32U5F7VJT6, STM32U5F7VJT6Q, STM32U5F9BJY6QTR, STM32U5F9NJH6Q, STM32U5F9VIT6Q, STM32U5F9VJT6Q, STM32U5F9ZIJ6QTR, STM32U5F9ZIT6Q, STM32U5F9ZJJ6QTR, STM32U5F9ZJT6Q, STM32U5G7VJT6, STM32U5G7VJT6Q, STM32U5G9BJY6QTR, STM32U5G9J-DK1, STM32U5G9J-DK2, STM32U5G9NJH6Q, STM32U5G9VJT6Q, STM32U5G9ZJJ6QTR, STM32U5G9ZJT6Q, STM32WB1MMCH6, STM32WBA52CEU6, STM32WBA52CEU6T, STM32WBA52CGU6, STM32WBA52CGU6T, STM32WBA52KEU6, STM32WBA52KEU6T, STM32WBA52KGU6, STM32WBA52KGU6T, STM32WL5MOCH6, STM32WL5MOCH6TR]
2023-12-11 21:32:20,181 [INFO] DbMcus:217 - Found 3848 MCUs, 3848 are supported
2023-12-11 21:32:20,183 [INFO] ApiDb:423 - Load user favorites file C:\Users\Amit Tayade/.stm32cubeide/favorites.mcus.txt: 0 item(s)
2023-12-11 21:32:20,183 [INFO] ApiDb:427 - User favorites MCUs=[]
2023-12-11 21:32:20,183 [INFO] DbMcus:223 - Set 0 / 0 favorites MCUs
2023-12-11 21:32:20,582 [WARN] ThirdParty:833 - waiting for thirdparty lock release [change project]
2023-12-11 21:32:20,582 [INFO] ThirdParty:835 - entering critical section [change project]
2023-12-11 21:32:20,582 [INFO] ThirdParty:1030 - CMSIS Pack Vendor :STMicroelectronics X-CUBE-ISPU 1.1.0
2023-12-11 21:32:20,582 [INFO] ThirdParty:1030 - CMSIS Pack Vendor :STMicroelectronics USBPD 4.1
2023-12-11 21:32:20,582 [INFO] ThirdParty:1030 - CMSIS Pack Vendor :STMicroelectronics X-CUBE-GNSS1 6.0.0
2023-12-11 21:32:20,582 [INFO] ThirdParty:1030 - CMSIS Pack Vendor :STMicroelectronics USB_HOST 2.0.0
2023-12-11 21:32:20,582 [INFO] ThirdParty:1030 - CMSIS Pack Vendor :STMicroelectronics X-CUBE-AZRTOS-F4 1.1.0
2023-12-11 21:32:20,582 [INFO] ThirdParty:1030 - CMSIS Pack Vendor :STMicroelectronics LIBJPEG 8.0.0
2023-12-11 21:32:20,582 [INFO] ThirdParty:1030 - CMSIS Pack Vendor :wolfSSL I-CUBE-wolfSSL 5.6.3
2023-12-11 21:32:20,582 [INFO] ThirdParty:1030 - CMSIS Pack Vendor :STMicroelectronics X-CUBE-SMBUS 2.1.0
2023-12-11 21:32:20,582 [INFO] ThirdParty:1030 - CMSIS Pack Vendor :STMicroelectronics USB_DEVICE 3.0.0
2023-12-11 21:32:20,582 [INFO] ThirdParty:1030 - CMSIS Pack Vendor :STMicroelectronics X-CUBE-AZRTOS-WB 2.0.0
2023-12-11 21:32:20,582 [INFO] ThirdParty:1030 - CMSIS Pack Vendor :STMicroelectronics X-CUBE-FREERTOS 1.0.1
2023-12-11 21:32:20,582 [INFO] ThirdParty:1030 - CMSIS Pack Vendor :STMicroelectronics X-CUBE-AZRTOS-F7 1.1.0
2023-12-11 21:32:20,582 [INFO] ThirdParty:1030 - CMSIS Pack Vendor :STMicroelectronics X-CUBE-AZRTOS-L5 2.0.0
2023-12-11 21:32:20,583 [INFO] ThirdParty:1030 - CMSIS Pack Vendor :STMicroelectronics USB_DEVICE 2.0.0
2023-12-11 21:32:20,583 [INFO] ThirdParty:1030 - CMSIS Pack Vendor :STMicroelectronics X-CUBE-MEMS1 9.6.0
2023-12-11 21:32:20,583 [INFO] ThirdParty:1030 - CMSIS Pack Vendor :STMicroelectronics X-CUBE-EEPRMA1 4.2.0
2023-12-11 21:32:20,583 [INFO] ThirdParty:1030 - CMSIS Pack Vendor :ITTIA_DB I-CUBE-ITTIADB 8.8.0
2023-12-11 21:32:20,583 [INFO] ThirdParty:1030 - CMSIS Pack Vendor :STMicroelectronics FP-SNS-MOTENV1 4.3.2
2023-12-11 21:32:20,583 [INFO] ThirdParty:1030 - CMSIS Pack Vendor :STMicroelectronics X-CUBE-ALGOBUILD 1.3.0
2023-12-11 21:32:20,583 [INFO] ThirdParty:1030 - CMSIS Pack Vendor :STMicroelectronics X-CUBE-BLE1 6.2.4
2023-12-11 21:32:20,583 [INFO] ThirdParty:1030 - CMSIS Pack Vendor :STMicroelectronics X-CUBE-AZRTOS-L5 1.1.0
2023-12-11 21:32:20,583 [INFO] ThirdParty:1030 - CMSIS Pack Vendor :STMicroelectronics FreeRTOS 0.0.1
2023-12-11 21:32:20,583 [INFO] ThirdParty:1030 - CMSIS Pack Vendor :STMicroelectronics X-CUBE-AZRTOS-G0 1.1.0
2023-12-11 21:32:20,583 [INFO] ThirdParty:1030 - CMSIS Pack Vendor :STMicroelectronics X-CUBE-BLEMGR 2.0.0
2023-12-11 21:32:20,583 [INFO] ThirdParty:1030 - CMSIS Pack Vendor :STMicroelectronics X-CUBE-AI 8.0.1
2023-12-11 21:32:20,583 [INFO] ThirdParty:1030 - CMSIS Pack Vendor :STMicroelectronics X-CUBE-NFC4 3.0.0
2023-12-11 21:32:20,583 [INFO] ThirdParty:1030 - CMSIS Pack Vendor :STMicroelectronics X-CUBE-SUBG2 5.0.0
2023-12-11 21:32:20,583 [INFO] ThirdParty:1030 - CMSIS Pack Vendor :STMicroelectronics STM32_WPAN 1.0.0
2023-12-11 21:32:20,583 [INFO] ThirdParty:1030 - CMSIS Pack Vendor :STMicroelectronics lwIP 2.0.3
2023-12-11 21:32:20,583 [INFO] ThirdParty:1030 - CMSIS Pack Vendor :STMicroelectronics FP-SNS-FLIGHT1 5.0.2
2023-12-11 21:32:20,584 [INFO] ThirdParty:1030 - CMSIS Pack Vendor :STMicroelectronics USB_HOST 1.0.0
2023-12-11 21:32:20,584 [INFO] ThirdParty:1030 - CMSIS Pack Vendor :STMicroelectronics X-CUBE-TOF1 3.3.1
2023-12-11 21:32:20,584 [INFO] ThirdParty:1030 - CMSIS Pack Vendor :STMicroelectronics X-CUBE-AZRTOS-G4 2.0.0
2023-12-11 21:32:20,584 [INFO] ThirdParty:1030 - CMSIS Pack Vendor :STMicroelectronics PDM2PCM 3.1.0
2023-12-11 21:32:20,584 [INFO] ThirdParty:1030 - CMSIS Pack Vendor :STMicroelectronics X-CUBE-AZRTOS-H7 3.1.0
2023-12-11 21:32:20,584 [INFO] ThirdParty:1030 - CMSIS Pack Vendor :Infineon AIROC-Wi-Fi-Bluetooth-STM32 1.5.1
2023-12-11 21:32:20,584 [INFO] ThirdParty:1030 - CMSIS Pack Vendor :STMicroelectronics X-CUBE-BLEMGR 3.0.0
2023-12-11 21:32:20,584 [INFO] ThirdParty:1030 - CMSIS Pack Vendor :STMicroelectronics PDM2PCM 3.3.0
2023-12-11 21:32:20,584 [INFO] ThirdParty:1030 - CMSIS Pack Vendor :STMicroelectronics X-CUBE-DISPLAY 3.0.0
2023-12-11 21:32:20,584 [INFO] ThirdParty:1030 - CMSIS Pack Vendor :STMicroelectronics FP-SNS-MOTENVWB1 1.3.1
2023-12-11 21:32:20,584 [INFO] ThirdParty:1030 - CMSIS Pack Vendor :STMicroelectronics X-CUBE-BLE1 7.0.0
2023-12-11 21:32:20,584 [INFO] ThirdParty:1030 - CMSIS Pack Vendor :STMicroelectronics FP-ATR-SIGFOX1 3.2.0
2023-12-11 21:32:20,584 [INFO] ThirdParty:1030 - CMSIS Pack Vendor :STMicroelectronics X-CUBE-ISPU 2.0.0
2023-12-11 21:32:20,584 [INFO] ThirdParty:1030 - CMSIS Pack Vendor :STMicroelectronics HAL Drivers 0.0.0
2023-12-11 21:32:20,584 [INFO] ThirdParty:1030 - CMSIS Pack Vendor :STMicroelectronics MBEDTLS 2.16.2
2023-12-11 21:32:20,584 [INFO] ThirdParty:1030 - CMSIS Pack Vendor :emotas I-CUBE-CANOPEN 1.3.0
2023-12-11 21:32:20,584 [INFO] ThirdParty:1030 - CMSIS Pack Vendor :STMicroelectronics X-CUBE-MEMS1 10.0.0
2023-12-11 21:32:20,584 [INFO] ThirdParty:1030 - CMSIS Pack Vendor :STMicroelectronics X-CUBE-FREERTOS 1.1.0
2023-12-11 21:32:20,585 [INFO] ThirdParty:1030 - CMSIS Pack Vendor :STMicroelectronics X-CUBE-TOUCHGFX 4.22.0
2023-12-11 21:32:20,585 [INFO] ThirdParty:1030 - CMSIS Pack Vendor :STMicroelectronics X-CUBE-NFC7 1.0.1
2023-12-11 21:32:20,585 [INFO] ThirdParty:1030 - CMSIS Pack Vendor :STMicroelectronics MBEDTLS 2.14.1
2023-12-11 21:32:20,585 [INFO] ThirdParty:1030 - CMSIS Pack Vendor :STMicroelectronics X-CUBE-TOUCHGFX 4.22.1
2023-12-11 21:32:20,585 [INFO] ThirdParty:1030 - CMSIS Pack Vendor :STMicroelectronics X-CUBE-NFC6 3.0.0
2023-12-11 21:32:20,585 [INFO] ThirdParty:1030 - CMSIS Pack Vendor :STMicroelectronics X-CUBE-EEPRMA1 4.1.0
2023-12-11 21:32:20,585 [INFO] ThirdParty:1030 - CMSIS Pack Vendor :portGmbH I-Cube-SoM-uGOAL 1.1.0
2023-12-11 21:32:20,585 [INFO] ThirdParty:1030 - CMSIS Pack Vendor :STMicroelectronics X-CUBE-ALS 1.0.1
2023-12-11 21:32:20,585 [INFO] ThirdParty:1030 - CMSIS Pack Vendor :STMicroelectronics ThreadX 1.0.0
2023-12-11 21:32:20,585 [INFO] ThirdParty:1030 - CMSIS Pack Vendor :STMicroelectronics FP-SNS-SMARTAG2 1.2.0
2023-12-11 21:32:20,585 [INFO] ThirdParty:1030 - CMSIS Pack Vendor :STMicroelectronics X-CUBE-AZRTOS-WB 1.1.0
2023-12-11 21:32:20,585 [INFO] ThirdParty:1030 - CMSIS Pack Vendor :STMicroelectronics X-CUBE-AZRTOS-WL 2.0.0
2023-12-11 21:32:20,585 [INFO] ThirdParty:1030 - CMSIS Pack Vendor :SEGGER I-CUBE-embOS 1.3.1
2023-12-11 21:32:20,585 [INFO] ThirdParty:1030 - CMSIS Pack Vendor :STMicroelectronics USB_DEVICE 1.0.0
2023-12-11 21:32:20,585 [INFO] ThirdParty:1030 - CMSIS Pack Vendor :STMicroelectronics X-CUBE-AI 8.1.0
2023-12-11 21:32:20,585 [INFO] ThirdParty:1030 - CMSIS Pack Vendor :STMicroelectronics X-CUBE-AZRTOS-L4 2.0.0
2023-12-11 21:32:20,585 [INFO] ThirdParty:1030 - CMSIS Pack Vendor :STMicroelectronics ThreadX 0.0.2
2023-12-11 21:32:20,585 [INFO] ThirdParty:1030 - CMSIS Pack Vendor :WES I-CUBE-Cesium 1.3.0
2023-12-11 21:32:20,585 [INFO] ThirdParty:1030 - CMSIS Pack Vendor :STMicroelectronics FP-ATR-ASTRA1 2.0.0
2023-12-11 21:32:20,585 [INFO] ThirdParty:1030 - CMSIS Pack Vendor :STMicroelectronics lwIP 2.1.2
2023-12-11 21:32:20,585 [INFO] ThirdParty:1030 - CMSIS Pack Vendor :STMicroelectronics X-CUBE-SFXS2LP1 4.0.0
2023-12-11 21:32:20,585 [INFO] ThirdParty:1030 - CMSIS Pack Vendor :STMicroelectronics X-CUBE-BLE2 3.3.0
2023-12-11 21:32:20,585 [INFO] ThirdParty:1030 - CMSIS Pack Vendor :STMicroelectronics X-CUBE-TOF1 3.4.0
2023-12-11 21:32:20,585 [INFO] ThirdParty:1030 - CMSIS Pack Vendor :STMicroelectronics X-CUBE-AZRTOS-H7 3.2.0
2023-12-11 21:32:20,585 [INFO] ThirdParty:1030 - CMSIS Pack Vendor :STMicroelectronics PDM2PCM 3.2.0
2023-12-11 21:32:20,586 [INFO] ThirdParty:841 - exiting critical section [change project]
2023-12-11 21:32:21,122 [INFO] PinOutPanel:1499 - setPackage(No Configuration,No Configuration)
2023-12-11 21:32:21,123 [INFO] PinOutPanel:1499 - setPackage(STM32F446RETx,LQFP64)
2023-12-11 21:32:21,793 [INFO] UtilMem:75 - Before build in PCC Used Memory: 601394072 Bytes (721420288)
2023-12-11 21:32:22,945 [INFO] UtilMem:75 - After build in PCC Used Memory: 393892792 Bytes (721420288)
2023-12-11 21:32:22,993 [INFO] IPUIPlugin:80 - create IPUIPlugin
2023-12-11 21:32:22,994 [INFO] IPUIPlugin:80 - create IPUIPlugin
2023-12-11 21:32:22,994 [INFO] IPUIPlugin:80 - create IPUIPlugin
2023-12-11 21:32:22,994 [INFO] IPUIPlugin:80 - create IPUIPlugin
2023-12-11 21:32:22,994 [INFO] IPUIPlugin:80 - create IPUIPlugin
2023-12-11 21:32:22,994 [INFO] IPUIPlugin:80 - create IPUIPlugin
2023-12-11 21:32:22,994 [INFO] IPUIPlugin:80 - create IPUIPlugin
2023-12-11 21:32:22,995 [INFO] IPUIPlugin:80 - create IPUIPlugin
2023-12-11 21:32:22,995 [INFO] IPUIPlugin:80 - create IPUIPlugin
2023-12-11 21:32:22,995 [INFO] IPUIPlugin:80 - create IPUIPlugin
2023-12-11 21:32:22,995 [INFO] IPUIPlugin:80 - create IPUIPlugin
2023-12-11 21:32:22,995 [INFO] IPUIPlugin:80 - create IPUIPlugin
2023-12-11 21:32:22,996 [INFO] IPUIPlugin:80 - create IPUIPlugin
2023-12-11 21:32:22,996 [INFO] IPUIPlugin:80 - create IPUIPlugin
2023-12-11 21:32:22,996 [INFO] IPUIPlugin:80 - create IPUIPlugin
2023-12-11 21:32:22,996 [INFO] IPUIPlugin:80 - create IPUIPlugin
2023-12-11 21:32:22,996 [INFO] IPUIPlugin:80 - create IPUIPlugin
2023-12-11 21:32:22,997 [INFO] IPUIPlugin:80 - create IPUIPlugin
2023-12-11 21:32:22,997 [INFO] IPUIPlugin:80 - create IPUIPlugin
2023-12-11 21:32:22,997 [INFO] IPUIPlugin:80 - create IPUIPlugin
2023-12-11 21:32:22,997 [INFO] IPUIPlugin:80 - create IPUIPlugin
2023-12-11 21:32:22,998 [INFO] IPUIPlugin:80 - create IPUIPlugin
2023-12-11 21:32:22,998 [INFO] IPUIPlugin:80 - create IPUIPlugin
2023-12-11 21:32:22,998 [INFO] IPUIPlugin:80 - create IPUIPlugin
2023-12-11 21:32:22,999 [INFO] IPUIPlugin:80 - create IPUIPlugin
2023-12-11 21:32:22,999 [INFO] IPUIPlugin:80 - create IPUIPlugin
2023-12-11 21:32:22,999 [INFO] IPUIPlugin:80 - create IPUIPlugin
2023-12-11 21:32:23,000 [INFO] IPUIPlugin:80 - create IPUIPlugin
2023-12-11 21:32:23,000 [INFO] IPUIPlugin:80 - create IPUIPlugin
2023-12-11 21:32:23,000 [INFO] IPUIPlugin:80 - create IPUIPlugin
2023-12-11 21:32:23,001 [INFO] IPUIPlugin:80 - create IPUIPlugin
2023-12-11 21:32:23,001 [INFO] IPUIPlugin:80 - create IPUIPlugin
2023-12-11 21:32:23,001 [INFO] IPUIPlugin:80 - create IPUIPlugin
2023-12-11 21:32:23,002 [INFO] IPUIPlugin:80 - create IPUIPlugin
2023-12-11 21:32:23,002 [INFO] IPUIPlugin:80 - create IPUIPlugin
2023-12-11 21:32:23,003 [INFO] IPUIPlugin:80 - create IPUIPlugin
2023-12-11 21:32:23,003 [INFO] IPUIPlugin:80 - create IPUIPlugin
2023-12-11 21:32:23,003 [INFO] IPUIPlugin:80 - create IPUIPlugin
2023-12-11 21:32:23,003 [INFO] IPUIPlugin:80 - create IPUIPlugin
2023-12-11 21:32:23,004 [INFO] IPUIPlugin:80 - create IPUIPlugin
2023-12-11 21:32:23,004 [INFO] IPUIPlugin:80 - create IPUIPlugin
2023-12-11 21:32:23,004 [INFO] IPUIPlugin:80 - create IPUIPlugin
2023-12-11 21:32:23,004 [INFO] IPUIPlugin:80 - create IPUIPlugin
2023-12-11 21:32:23,004 [INFO] IPUIPlugin:80 - create IPUIPlugin
2023-12-11 21:32:23,005 [INFO] IPUIPlugin:80 - create IPUIPlugin
2023-12-11 21:32:23,005 [INFO] IPUIPlugin:80 - create IPUIPlugin
2023-12-11 21:32:23,005 [INFO] IPUIPlugin:80 - create IPUIPlugin
2023-12-11 21:32:23,005 [INFO] IPUIPlugin:80 - create IPUIPlugin
2023-12-11 21:32:23,006 [INFO] IPUIPlugin:80 - create IPUIPlugin
2023-12-11 21:32:23,006 [INFO] IPUIPlugin:80 - create IPUIPlugin
2023-12-11 21:32:23,006 [INFO] IPUIPlugin:80 - create IPUIPlugin
2023-12-11 21:32:23,006 [INFO] IPUIPlugin:80 - create IPUIPlugin
2023-12-11 21:32:23,007 [INFO] IPUIPlugin:80 - create IPUIPlugin
2023-12-11 21:32:23,007 [INFO] IPUIPlugin:80 - create IPUIPlugin
2023-12-11 21:32:23,007 [INFO] IPUIPlugin:80 - create IPUIPlugin
2023-12-11 21:32:23,008 [INFO] IPUIPlugin:80 - create IPUIPlugin
2023-12-11 21:32:23,008 [INFO] IPUIPlugin:80 - create IPUIPlugin
2023-12-11 21:32:23,009 [INFO] IPUIPlugin:80 - create IPUIPlugin
2023-12-11 21:32:23,010 [INFO] IPUIPlugin:80 - create IPUIPlugin
2023-12-11 21:32:23,010 [INFO] IPUIPlugin:80 - create IPUIPlugin
2023-12-11 21:32:23,126 [INFO] ApiDbMcu:507 - Load IP Config File for PDM2PCM
2023-12-11 21:32:23,141 [INFO] Can:71 - Can Add PropertyChangeListener com.st.microxplorer.plugins.ip.can.Can@18bd6418
2023-12-11 21:32:23,417 [INFO] CADModel:165 - CPN selected for project levelSTM32F446RET6
2023-12-11 21:32:23,418 [INFO] CADModel:114 - Register for checkConnection events
2023-12-11 21:32:23,492 [INFO] OpenFileManager:328 - Restore cursor
