2023-10-18 06:48:08,686 [INFO] Activator:176 - 


2023-10-18 06:48:08,691 [INFO] Activator:177 - !SESSION log4j initialized
2023-10-18 06:48:11,392 [INFO] LogOutputStream:77 - [STDOUT_REDIRECT] 
2023-10-18 06:48:13,367 [INFO] ApplicationProperties:184 - Using Application install path: C:\ST\STM32CubeIDE_1.13.0\STM32CubeIDE\plugins\com.st.stm32cube.common.mx_6.9.0.202307051724
2023-10-18 06:48:13,391 [INFO] DbMcusXml:78 - Set database path to: C:\ST\STM32CubeIDE_1.13.0\STM32CubeIDE\plugins\com.st.stm32cube.common.mx_6.9.0.202307051724\\db\/mcu/
2023-10-18 06:48:13,391 [INFO] ApiDb:274 - Set plugin database path to: C:\ST\STM32CubeIDE_1.13.0\STM32CubeIDE\plugins\com.st.stm32cube.common.mx_6.9.0.202307051724\\db\/plugins/boardmanager/
2023-10-18 06:48:13,402 [WARN] ApiDb:259 - Overriding images path with different value:  => C:\ST\STM32CubeIDE_1.13.0\STM32CubeIDE\plugins\com.st.stm32cube.common.mx_6.9.0.202307051724\\db\/plugins/mcufinder/images/
2023-10-18 06:48:13,414 [INFO] ApiDb:250 - Set database path to: C:\Users\Amit Tayade\.stmcufinder\plugins\mcufinder//mcu/
2023-10-18 06:48:13,416 [INFO] DbMcusAds:125 - Set database path to: C:\Users\Amit Tayade\.stmcufinder\plugins\mcufinder//mcu/
2023-10-18 06:48:13,418 [INFO] CrossReferenceDbSqlite:203 - Set database path to: C:\Users\Amit Tayade\.stmcufinder\plugins\mcufinder//mcu/cs/
2023-10-18 06:48:13,535 [INFO] RulesReader:64 - Compatibility file has been processed (293 Rules)
2023-10-18 06:48:13,613 [INFO] DbMcusXml:78 - Set database path to: C:\ST\STM32CubeIDE_1.13.0\STM32CubeIDE\plugins\com.st.stm32cube.common.mx_6.9.0.202307051724\\db\/mcu/
2023-10-18 06:48:13,613 [INFO] ApiDb:274 - Set plugin database path to: C:\ST\STM32CubeIDE_1.13.0\STM32CubeIDE\plugins\com.st.stm32cube.common.mx_6.9.0.202307051724\\db\/plugins/boardmanager/
2023-10-18 06:48:13,613 [INFO] ApiDb:261 - Set plugin images path to: C:\ST\STM32CubeIDE_1.13.0\STM32CubeIDE\plugins\com.st.stm32cube.common.mx_6.9.0.202307051724\\db\/plugins/mcufinder/images/
2023-10-18 06:48:13,614 [WARN] DbFile:41 - Overriding database path with different value: C:\Users\Amit Tayade\.stmcufinder\plugins\mcufinder/ => C:\Users\Amit Tayade\.stmcufinder\plugins\mcufinder
2023-10-18 06:48:13,614 [INFO] ApiDb:250 - Set database path to: C:\Users\Amit Tayade\.stmcufinder\plugins\mcufinder//mcu/
2023-10-18 06:48:13,614 [WARN] DbFile:41 - Overriding database path with different value: C:\Users\Amit Tayade\.stmcufinder\plugins\mcufinder/ => C:\Users\Amit Tayade\.stmcufinder\plugins\mcufinder
2023-10-18 06:48:13,614 [INFO] DbMcusAds:125 - Set database path to: C:\Users\Amit Tayade\.stmcufinder\plugins\mcufinder//mcu/
2023-10-18 06:48:13,614 [WARN] DbFile:41 - Overriding database path with different value: C:\Users\Amit Tayade\.stmcufinder\plugins\mcufinder/ => C:\Users\Amit Tayade\.stmcufinder\plugins\mcufinder
2023-10-18 06:48:13,614 [WARN] DbFile:41 - Overriding database path with different value: C:\Users\Amit Tayade\.stmcufinder\plugins\mcufinder/ => C:\Users\Amit Tayade\.stmcufinder\plugins\mcufinder
2023-10-18 06:48:13,614 [INFO] CrossReferenceDbSqlite:203 - Set database path to: C:\Users\Amit Tayade\.stmcufinder\plugins\mcufinder//mcu/cs/
2023-10-18 06:48:13,692 [INFO] MainPanel:262 - HeapMemory: 268435456
2023-10-18 06:48:13,765 [INFO] DbMcusXml:78 - Set database path to: C:\ST\STM32CubeIDE_1.13.0\STM32CubeIDE\plugins\com.st.stm32cube.common.mx_6.9.0.202307051724\\db\/mcu/
2023-10-18 06:48:13,765 [INFO] ApiDb:274 - Set plugin database path to: C:\ST\STM32CubeIDE_1.13.0\STM32CubeIDE\plugins\com.st.stm32cube.common.mx_6.9.0.202307051724\\db\/plugins/boardmanager/
2023-10-18 06:48:13,765 [INFO] ApiDb:261 - Set plugin images path to: C:\ST\STM32CubeIDE_1.13.0\STM32CubeIDE\plugins\com.st.stm32cube.common.mx_6.9.0.202307051724\\db\/plugins/mcufinder/images/
2023-10-18 06:48:13,765 [WARN] DbFile:41 - Overriding database path with different value: C:\Users\Amit Tayade\.stmcufinder\plugins\mcufinder/ => C:\Users\Amit Tayade\.stmcufinder\plugins\mcufinder
2023-10-18 06:48:13,765 [INFO] ApiDb:250 - Set database path to: C:\Users\Amit Tayade\.stmcufinder\plugins\mcufinder//mcu/
2023-10-18 06:48:13,765 [WARN] DbFile:41 - Overriding database path with different value: C:\Users\Amit Tayade\.stmcufinder\plugins\mcufinder/ => C:\Users\Amit Tayade\.stmcufinder\plugins\mcufinder
2023-10-18 06:48:13,766 [INFO] DbMcusAds:125 - Set database path to: C:\Users\Amit Tayade\.stmcufinder\plugins\mcufinder//mcu/
2023-10-18 06:48:13,766 [WARN] DbFile:41 - Overriding database path with different value: C:\Users\Amit Tayade\.stmcufinder\plugins\mcufinder/ => C:\Users\Amit Tayade\.stmcufinder\plugins\mcufinder
2023-10-18 06:48:13,766 [WARN] DbFile:41 - Overriding database path with different value: C:\Users\Amit Tayade\.stmcufinder\plugins\mcufinder/ => C:\Users\Amit Tayade\.stmcufinder\plugins\mcufinder
2023-10-18 06:48:13,766 [INFO] CrossReferenceDbSqlite:203 - Set database path to: C:\Users\Amit Tayade\.stmcufinder\plugins\mcufinder//mcu/cs/
2023-10-18 06:48:13,784 [INFO] ApplicationProperties:184 - Using Application install path: C:\ST\STM32CubeIDE_1.13.0\STM32CubeIDE\plugins\com.st.stm32cube.common.mx_6.9.0.202307051724
2023-10-18 06:48:13,786 [INFO] PluginManage:196 - Search for loadable plugins [exclusion list=, ]
2023-10-18 06:48:13,787 [INFO] PluginManage:310 - Check plugin analytics
2023-10-18 06:48:13,992 [INFO] AnalyticsPlugin:253 - Accepted Software Licenses: 
2023-10-18 06:48:13,993 [INFO] AnalyticsPlugin:255 - Accepted CMSIS Pack Licenses: 
2023-10-18 06:48:13,993 [INFO] AnalyticsPlugin:257 - Accepted Firmware Licenses: FW.F4.1.27.0
2023-10-18 06:48:13,997 [INFO] PluginManage:359 - Loaded plugin analytics (category:tool,tabindex:-1)
2023-10-18 06:48:13,998 [INFO] PluginManage:310 - Check plugin cadmodel
2023-10-18 06:48:14,003 [INFO] CADModel:105 - Init CAD model plugin
2023-10-18 06:48:14,003 [INFO] PluginManage:359 - Loaded plugin cadmodel (category:power,tabindex:5)
2023-10-18 06:48:14,003 [INFO] PluginManage:310 - Check plugin clock
2023-10-18 06:48:14,012 [INFO] PluginManage:359 - Loaded plugin clock (category:base,tabindex:2)
2023-10-18 06:48:14,012 [INFO] PluginManage:310 - Check plugin ddr
2023-10-18 06:48:14,014 [INFO] PluginManage:359 - Loaded plugin ddr (category:tool,tabindex:6)
2023-10-18 06:48:14,014 [INFO] PluginManage:310 - Check plugin filemanager
2023-10-18 06:48:14,177 [INFO] PluginManage:359 - Loaded plugin filemanager (category:base,tabindex:10)
2023-10-18 06:48:14,177 [INFO] PluginManage:310 - Check plugin ipmanager
2023-10-18 06:48:14,183 [INFO] PluginManage:359 - Loaded plugin ipmanager (category:base,tabindex:5)
2023-10-18 06:48:14,184 [INFO] PluginManage:310 - Check plugin lpbam
2023-10-18 06:48:14,194 [INFO] PluginManage:359 - Loaded plugin lpbam (category:base,tabindex:0)
2023-10-18 06:48:14,194 [INFO] PluginManage:310 - Check plugin memorymap
2023-10-18 06:48:14,206 [INFO] PluginManage:359 - Loaded plugin memorymap (category:base,tabindex:4)
2023-10-18 06:48:14,206 [INFO] PluginManage:310 - Check plugin pinoutandconfiguration
2023-10-18 06:48:14,213 [INFO] PluginManage:359 - Loaded plugin pinoutandconfiguration (category:base,tabindex:1)
2023-10-18 06:48:14,213 [INFO] PluginManage:310 - Check plugin pinoutconfig
2023-10-18 06:48:14,313 [WARN] SupportedApi:132 - Cannot load RTOS API schema: s4s-elt-must-match.1: The content of 'definitions' must match (annotation?, (simpleType | complexType)?, (unique | key | keyref)*)). A problem was found starting at: attribute.
2023-10-18 06:48:14,500 [INFO] PluginManage:359 - Loaded plugin pinoutconfig (category:base,tabindex:0)
2023-10-18 06:48:14,500 [INFO] PluginManage:310 - Check plugin power
2023-10-18 06:48:14,510 [INFO] PluginManage:359 - Loaded plugin power (category:power,tabindex:4)
2023-10-18 06:48:14,511 [INFO] PluginManage:310 - Check plugin projectmanager
2023-10-18 06:48:14,526 [INFO] PluginManage:359 - Loaded plugin projectmanager (category:projectmanager,tabindex:3)
2023-10-18 06:48:14,526 [INFO] PluginManage:310 - Check plugin thirdparty
2023-10-18 06:48:14,666 [INFO] PluginManage:359 - Loaded plugin thirdparty (category:base,tabindex:-1)
2023-10-18 06:48:14,666 [WARN] IntegrityCheckThread:84 - waiting for thirdparty lock release [integrity check]
2023-10-18 06:48:14,666 [INFO] IntegrityCheckThread:86 - entering critical section [integrity check]
2023-10-18 06:48:14,666 [INFO] PluginManage:310 - Check plugin tools
2023-10-18 06:48:14,667 [INFO] ThirdPartyUpdaterWithRetryManager:70 - Updater plugin not ready yet. [1/15]
2023-10-18 06:48:14,670 [INFO] PluginManage:359 - Loaded plugin tools (category:base,tabindex:7)
2023-10-18 06:48:14,670 [INFO] PluginManage:310 - Check plugin tutovideos
2023-10-18 06:48:14,895 [INFO] PluginManage:359 - Loaded plugin tutovideos (category:base,tabindex:-1)
2023-10-18 06:48:14,895 [INFO] PluginManage:310 - Check plugin updater
2023-10-18 06:48:14,906 [INFO] PluginManage:359 - Loaded plugin updater (category:base,tabindex:12)
2023-10-18 06:48:14,906 [INFO] PluginManage:310 - Check plugin userauth
2023-10-18 06:48:14,913 [INFO] UserAuth:113 - Init User Auth plugin
2023-10-18 06:48:14,913 [INFO] PluginManage:359 - Loaded plugin userauth (category:base,tabindex:14)
2023-10-18 06:48:14,913 [INFO] PluginManage:283 - PluginManage : Loaded plugins [17]
2023-10-18 06:48:15,164 [INFO] PinOutPanel:1499 - setPackage(No Configuration,No Configuration)
2023-10-18 06:48:15,277 [INFO] CADModel:165 - CPN selected for project level
2023-10-18 06:48:15,277 [INFO] CADModel:114 - Register for checkConnection events
2023-10-18 06:48:15,297 [INFO] IPUIPlugin:80 - create IPUIPlugin
2023-10-18 06:48:15,298 [INFO] PluginManager:220 - loadIPPluginJar : add adc
2023-10-18 06:48:15,300 [INFO] IPUIPlugin:80 - create IPUIPlugin
2023-10-18 06:48:15,300 [INFO] PluginManager:220 - loadIPPluginJar : add aes
2023-10-18 06:48:15,303 [INFO] IPUIPlugin:80 - create IPUIPlugin
2023-10-18 06:48:15,303 [INFO] PluginManager:220 - loadIPPluginJar : add can
2023-10-18 06:48:15,304 [INFO] IPUIPlugin:80 - create IPUIPlugin
2023-10-18 06:48:15,304 [INFO] PluginManager:220 - loadIPPluginJar : add comp
2023-10-18 06:48:15,306 [INFO] IPUIPlugin:80 - create IPUIPlugin
2023-10-18 06:48:15,306 [INFO] PluginManager:220 - loadIPPluginJar : add cryp
2023-10-18 06:48:15,308 [INFO] IPUIPlugin:80 - create IPUIPlugin
2023-10-18 06:48:15,308 [INFO] PluginManager:220 - loadIPPluginJar : add dfsdm
2023-10-18 06:48:15,314 [INFO] IPUIPlugin:80 - create IPUIPlugin
2023-10-18 06:48:15,315 [INFO] PluginManager:220 - loadIPPluginJar : add dma
2023-10-18 06:48:15,317 [INFO] IPUIPlugin:80 - create IPUIPlugin
2023-10-18 06:48:15,317 [INFO] PluginManager:220 - loadIPPluginJar : add dma3
2023-10-18 06:48:15,318 [INFO] IPUIPlugin:80 - create IPUIPlugin
2023-10-18 06:48:15,318 [INFO] PluginManager:220 - loadIPPluginJar : add fatfs
2023-10-18 06:48:15,323 [INFO] IPUIPlugin:80 - create IPUIPlugin
2023-10-18 06:48:15,323 [INFO] PluginManager:220 - loadIPPluginJar : add fmc
2023-10-18 06:48:15,329 [INFO] IPUIPlugin:80 - create IPUIPlugin
2023-10-18 06:48:15,329 [INFO] PluginManager:220 - loadIPPluginJar : add freertos
2023-10-18 06:48:15,331 [INFO] IPUIPlugin:80 - create IPUIPlugin
2023-10-18 06:48:15,331 [INFO] PluginManager:220 - loadIPPluginJar : add genericplugin
2023-10-18 06:48:15,333 [INFO] IPUIPlugin:80 - create IPUIPlugin
2023-10-18 06:48:15,333 [INFO] PluginManager:220 - loadIPPluginJar : add gfxmmu
2023-10-18 06:48:15,338 [INFO] IPUIPlugin:80 - create IPUIPlugin
2023-10-18 06:48:15,339 [INFO] PluginManager:220 - loadIPPluginJar : add gic
2023-10-18 06:48:15,344 [INFO] IPUIPlugin:80 - create IPUIPlugin
2023-10-18 06:48:15,344 [INFO] PluginManager:220 - loadIPPluginJar : add gpio
2023-10-18 06:48:15,347 [INFO] IPUIPlugin:80 - create IPUIPlugin
2023-10-18 06:48:15,347 [INFO] PluginManager:220 - loadIPPluginJar : add gtzc
2023-10-18 06:48:15,349 [INFO] IPUIPlugin:80 - create IPUIPlugin
2023-10-18 06:48:15,349 [INFO] PluginManager:220 - loadIPPluginJar : add hash
2023-10-18 06:48:15,351 [INFO] IPUIPlugin:80 - create IPUIPlugin
2023-10-18 06:48:15,351 [INFO] PluginManager:220 - loadIPPluginJar : add i2c
2023-10-18 06:48:15,353 [INFO] IPUIPlugin:80 - create IPUIPlugin
2023-10-18 06:48:15,353 [INFO] PluginManager:220 - loadIPPluginJar : add i2s
2023-10-18 06:48:15,356 [INFO] IPUIPlugin:80 - create IPUIPlugin
2023-10-18 06:48:15,356 [INFO] PluginManager:220 - loadIPPluginJar : add i3c
2023-10-18 06:48:15,358 [INFO] IPUIPlugin:80 - create IPUIPlugin
2023-10-18 06:48:15,359 [INFO] PluginManager:220 - loadIPPluginJar : add ipddr
2023-10-18 06:48:15,366 [INFO] IPUIPlugin:80 - create IPUIPlugin
2023-10-18 06:48:15,367 [INFO] PluginManager:220 - loadIPPluginJar : add linkedlist
2023-10-18 06:48:15,369 [INFO] IPUIPlugin:80 - create IPUIPlugin
2023-10-18 06:48:15,369 [INFO] PluginManager:220 - loadIPPluginJar : add lorawan
2023-10-18 06:48:15,371 [INFO] IPUIPlugin:80 - create IPUIPlugin
2023-10-18 06:48:15,371 [INFO] PluginManager:220 - loadIPPluginJar : add ltdc
2023-10-18 06:48:15,377 [INFO] IPUIPlugin:80 - create IPUIPlugin
2023-10-18 06:48:15,377 [INFO] PluginManager:220 - loadIPPluginJar : add mdma
2023-10-18 06:48:15,382 [INFO] IPUIPlugin:80 - create IPUIPlugin
2023-10-18 06:48:15,383 [INFO] PluginManager:220 - loadIPPluginJar : add nvic
2023-10-18 06:48:15,386 [INFO] IPUIPlugin:80 - create IPUIPlugin
2023-10-18 06:48:15,386 [INFO] PluginManager:220 - loadIPPluginJar : add opamp
2023-10-18 06:48:15,389 [INFO] IPUIPlugin:80 - create IPUIPlugin
2023-10-18 06:48:15,390 [INFO] PluginManager:220 - loadIPPluginJar : add openamp
2023-10-18 06:48:15,393 [INFO] IPUIPlugin:80 - create IPUIPlugin
2023-10-18 06:48:15,393 [INFO] PluginManager:220 - loadIPPluginJar : add pdm2pcm
2023-10-18 06:48:15,401 [INFO] IPUIPlugin:80 - create IPUIPlugin
2023-10-18 06:48:15,404 [INFO] PluginManager:220 - loadIPPluginJar : add plateformsettings
2023-10-18 06:48:15,406 [INFO] IPUIPlugin:80 - create IPUIPlugin
2023-10-18 06:48:15,406 [INFO] PluginManager:220 - loadIPPluginJar : add quadspi
2023-10-18 06:48:15,410 [INFO] IPUIPlugin:80 - create IPUIPlugin
2023-10-18 06:48:15,411 [INFO] PluginManager:220 - loadIPPluginJar : add resmgrutility
2023-10-18 06:48:15,414 [INFO] IPUIPlugin:80 - create IPUIPlugin
2023-10-18 06:48:15,415 [INFO] PluginManager:220 - loadIPPluginJar : add sai
2023-10-18 06:48:15,417 [INFO] IPUIPlugin:80 - create IPUIPlugin
2023-10-18 06:48:15,417 [INFO] PluginManager:220 - loadIPPluginJar : add spi
2023-10-18 06:48:15,424 [INFO] IPUIPlugin:80 - create IPUIPlugin
2023-10-18 06:48:15,424 [INFO] PluginManager:220 - loadIPPluginJar : add stm32_wpan
2023-10-18 06:48:15,427 [INFO] IPUIPlugin:80 - create IPUIPlugin
2023-10-18 06:48:15,427 [INFO] PluginManager:220 - loadIPPluginJar : add tim
2023-10-18 06:48:15,431 [INFO] IPUIPlugin:80 - create IPUIPlugin
2023-10-18 06:48:15,431 [INFO] PluginManager:220 - loadIPPluginJar : add touchsensing
2023-10-18 06:48:15,433 [INFO] IPUIPlugin:80 - create IPUIPlugin
2023-10-18 06:48:15,434 [INFO] PluginManager:220 - loadIPPluginJar : add tracer_emb
2023-10-18 06:48:15,435 [INFO] IPUIPlugin:80 - create IPUIPlugin
2023-10-18 06:48:15,436 [INFO] PluginManager:220 - loadIPPluginJar : add ts
2023-10-18 06:48:15,437 [INFO] IPUIPlugin:80 - create IPUIPlugin
2023-10-18 06:48:15,437 [INFO] PluginManager:220 - loadIPPluginJar : add tsc
2023-10-18 06:48:15,439 [INFO] IPUIPlugin:80 - create IPUIPlugin
2023-10-18 06:48:15,439 [INFO] PluginManager:220 - loadIPPluginJar : add ucpd
2023-10-18 06:48:15,443 [INFO] IPUIPlugin:80 - create IPUIPlugin
2023-10-18 06:48:15,444 [INFO] PluginManager:220 - loadIPPluginJar : add usart
2023-10-18 06:48:15,447 [INFO] IPUIPlugin:80 - create IPUIPlugin
2023-10-18 06:48:15,448 [INFO] PluginManager:220 - loadIPPluginJar : add usbx
2023-10-18 06:48:15,577 [INFO] CADModel:165 - CPN selected for project level
2023-10-18 06:48:15,577 [INFO] CADModel:114 - Register for checkConnection events
2023-10-18 06:48:15,578 [FATAL] Updater:308 - Updater called before beeing initialized
2023-10-18 06:48:15,578 [ERROR] CADModel:125 - Updater not yet initialized, retry later 
2023-10-18 06:48:15,753 [INFO] CADModel:165 - CPN selected for project level
2023-10-18 06:48:15,753 [INFO] CADModel:114 - Register for checkConnection events
2023-10-18 06:48:15,753 [FATAL] Updater:308 - Updater called before beeing initialized
2023-10-18 06:48:15,753 [ERROR] CADModel:125 - Updater not yet initialized, retry later 
2023-10-18 06:48:15,757 [FATAL] Updater:308 - Updater called before beeing initialized
2023-10-18 06:48:15,853 [FATAL] Updater:308 - Updater called before beeing initialized
2023-10-18 06:48:15,858 [INFO] DbMcusAds:53 - JSON generation date=Tue Mar 07 14:20:55 IST 2023 (1678179055114)
2023-10-18 06:48:15,858 [FATAL] Updater:308 - Updater called before beeing initialized
2023-10-18 06:48:15,901 [WARN] DetailPanel:346 - Failed to get advertising image, set to default
2023-10-18 06:48:16,001 [FATAL] Updater:308 - Updater called before beeing initialized
2023-10-18 06:48:16,003 [FATAL] Updater:308 - Updater called before beeing initialized
2023-10-18 06:48:16,003 [FATAL] Updater:308 - Updater called before beeing initialized
2023-10-18 06:48:16,003 [WARN] DetailPanel:346 - Failed to get advertising image, set to default
2023-10-18 06:48:16,004 [FATAL] Updater:308 - Updater called before beeing initialized
2023-10-18 06:48:16,051 [ERROR] Updater:1120 - MainUpdater not yet initialized. External WinMGr cannot be set.
2023-10-18 06:48:16,052 [INFO] Updater:1056 - Updater Version found : 6.9.0
2023-10-18 06:48:16,075 [INFO] ApplicationProperties:184 - Using Application install path: C:\ST\STM32CubeIDE_1.13.0\STM32CubeIDE\plugins\com.st.stm32cube.common.mx_6.9.0.202307051724
2023-10-18 06:48:16,208 [INFO] MainUpdater:2868 - connection check result : 10
2023-10-18 06:48:16,209 [INFO] MainUpdater:285 - Updater Check For Update Now.
2023-10-18 06:48:16,209 [INFO] MicroXplorer:498 - Change Database Version : DB.6.0.90
2023-10-18 06:48:16,219 [INFO] McuFinderGlobals:63 - Set McuFinder mode to 2 (CubeIDE integrated)
2023-10-18 06:48:16,411 [INFO] CheckServerUpdateThread:120 - End of CheckServer Thread
2023-10-18 06:48:17,860 [WARN] PackLoader:240 - Cannot read IP mode file for STMicroelectronics.X-CUBE-SMBUS.2.1.0
2023-10-18 06:48:17,922 [WARN] PackLoader:240 - Cannot read IP mode file for STMicroelectronics.X-CUBE-AZRTOS-F7.1.1.0
2023-10-18 06:48:17,939 [WARN] PackLoader:240 - Cannot read IP mode file for STMicroelectronics.FP-SNS-MOTENV1.4.3.2
2023-10-18 06:48:17,952 [WARN] PackLoader:240 - Cannot read IP mode file for STMicroelectronics.X-CUBE-BLE1.6.2.4
2023-10-18 06:48:17,958 [WARN] PackLoader:240 - Cannot read IP mode file for STMicroelectronics.FP-SNS-FLIGHT1.5.0.2
2023-10-18 06:48:17,967 [WARN] PackLoader:240 - Cannot read IP mode file for STMicroelectronics.X-CUBE-DISPLAY.3.0.0
2023-10-18 06:48:17,981 [WARN] PackLoader:240 - Cannot read IP mode file for STMicroelectronics.X-CUBE-BLE1.7.0.0
2023-10-18 06:48:17,989 [WARN] PackLoader:240 - Cannot read IP mode file for emotas.I-CUBE-CANOPEN.1.3.0
2023-10-18 06:48:17,994 [WARN] PackLoader:240 - Cannot read IP mode file for STMicroelectronics.X-CUBE-TOUCHGFX.4.22.0
2023-10-18 06:48:17,997 [WARN] PackLoader:240 - Cannot read IP mode file for STMicroelectronics.X-CUBE-TOUCHGFX.4.22.1
2023-10-18 06:48:18,001 [WARN] PackLoader:240 - Cannot read IP mode file for STMicroelectronics.FP-SNS-SMARTAG2.1.2.0
2023-10-18 06:48:18,017 [INFO] LogOutputStream:77 - [STDOUT_REDIRECT] 1 : Invalid condition id : UX_CORESTACK_Condition cause : null
2023-10-18 06:48:18,018 [INFO] LogOutputStream:77 - [STDOUT_REDIRECT] 1 : Invalid condition id : UX_CORESTACK_Condition cause : null
2023-10-18 06:48:18,019 [INFO] LogOutputStream:77 - [STDOUT_REDIRECT] 1 : Invalid condition id : UX_CORESTACK_Condition cause : null
2023-10-18 06:48:18,020 [INFO] LogOutputStream:77 - [STDOUT_REDIRECT] 1 : Invalid condition id : UX_CORESTACK_Condition cause : null
2023-10-18 06:48:18,021 [INFO] LogOutputStream:77 - [STDOUT_REDIRECT] 1 : Invalid condition id : UX_CORESTACK_Condition cause : null
2023-10-18 06:48:18,027 [WARN] PackLoader:240 - Cannot read IP mode file for STMicroelectronics.X-CUBE-AZRTOS-WL.2.0.0
2023-10-18 06:48:18,039 [WARN] PackLoader:240 - Cannot read IP mode file for WES.I-CUBE-Cesium.1.3.0
2023-10-18 06:48:18,044 [WARN] PackLoader:240 - Cannot read IP mode file for STMicroelectronics.X-CUBE-BLE2.3.3.0
2023-10-18 06:48:18,054 [WARN] PackLoader:240 - Cannot read IP mode file for STMicroelectronics.X-CUBE-ALGOBUILD.1.3.0
2023-10-18 06:48:18,074 [WARN] PackLoader:240 - Cannot read IP mode file for STMicroelectronics.X-CUBE-AZRTOS-G0.1.1.0
2023-10-18 06:48:18,081 [WARN] PackLoader:240 - Cannot read IP mode file for STMicroelectronics.X-CUBE-NFC4.3.0.0
2023-10-18 06:48:18,086 [WARN] PackLoader:240 - Cannot read IP mode file for STMicroelectronics.FP-ATR-SIGFOX1.3.2.0
2023-10-18 06:48:18,131 [WARN] PackLoader:240 - Cannot read IP mode file for SEGGER.I-CUBE-embOS.1.3.1
2023-10-18 06:48:18,183 [WARN] PackLoader:240 - Cannot read IP mode file for STMicroelectronics.X-CUBE-GNSS1.6.0.0
2023-10-18 06:48:18,205 [WARN] PackLoader:240 - Cannot read IP mode file for STMicroelectronics.X-CUBE-AZRTOS-F4.1.1.0
2023-10-18 06:48:18,215 [WARN] PackLoader:240 - Cannot read IP mode file for wolfSSL.I-CUBE-wolfSSL.5.6.3
2023-10-18 06:48:18,242 [WARN] PackLoader:240 - Cannot read IP mode file for STMicroelectronics.X-CUBE-AZRTOS-L5.2.0.0
2023-10-18 06:48:18,309 [WARN] PackLoader:240 - Cannot read IP mode file for STMicroelectronics.X-CUBE-MEMS1.9.6.0
2023-10-18 06:48:18,510 [WARN] PackLoader:240 - Cannot read IP mode file for ITTIA_DB.I-CUBE-ITTIADB.8.8.0
2023-10-18 06:48:18,521 [WARN] PackLoader:240 - Cannot read IP mode file for STMicroelectronics.X-CUBE-BLEMGR.2.0.0
2023-10-18 06:48:18,543 [WARN] ConditionMgr:438 - getConditionDescription Invalid condition id : UX DEVICE CLASS RTOS Condition cause : null
2023-10-18 06:48:18,544 [WARN] ConditionMgr:438 - getConditionDescription Invalid condition id : UX DEVICE CLASS RTOS Condition cause : null
2023-10-18 06:48:18,548 [WARN] PackLoader:240 - Cannot read IP mode file for STMicroelectronics.X-CUBE-AZRTOS-H7.3.1.0
2023-10-18 06:48:18,549 [WARN] ConditionMgr:1039 - genDependencies : Invalid condition id : UX DEVICE CLASS RTOS Condition cause : null
2023-10-18 06:48:18,549 [WARN] ConditionMgr:1039 - genDependencies : Invalid condition id : UX DEVICE CLASS RTOS Condition cause : null
2023-10-18 06:48:18,550 [WARN] ConditionMgr:1039 - genDependencies : Invalid condition id : UX DEVICE CLASS RTOS Condition cause : null
2023-10-18 06:48:18,551 [WARN] ConditionMgr:1039 - genDependencies : Invalid condition id : UX DEVICE CLASS RTOS Condition cause : null
2023-10-18 06:48:18,551 [WARN] ConditionMgr:1039 - genDependencies : Invalid condition id : UX DEVICE CLASS RTOS Condition cause : null
2023-10-18 06:48:18,561 [WARN] PackLoader:240 - Cannot read IP mode file for STMicroelectronics.X-CUBE-NFC7.1.0.1
2023-10-18 06:48:18,574 [WARN] PackLoader:240 - Cannot read IP mode file for STMicroelectronics.X-CUBE-NFC6.3.0.0
2023-10-18 06:48:18,581 [WARN] PackLoader:240 - Cannot read IP mode file for STMicroelectronics.X-CUBE-EEPRMA1.4.1.0
2023-10-18 06:48:18,586 [WARN] PackLoader:240 - Cannot read IP mode file for STMicroelectronics.X-CUBE-AI.8.1.0
2023-10-18 06:48:18,604 [WARN] ConditionMgr:438 - getConditionDescription Invalid condition id : LAN8742 Phy interface Condition cause : null
2023-10-18 06:48:18,605 [WARN] PackLoader:240 - Cannot read IP mode file for STMicroelectronics.X-CUBE-AZRTOS-L4.2.0.0
2023-10-18 06:48:18,607 [WARN] ConditionMgr:1039 - genDependencies : Invalid condition id : LAN8742 Phy interface Condition cause : null
2023-10-18 06:48:18,607 [WARN] ConditionMgr:1039 - genDependencies : Invalid condition id : LAN8742 Phy interface Condition cause : null
2023-10-18 06:48:18,608 [WARN] ConditionMgr:1039 - genDependencies : Invalid condition id : LAN8742 Phy interface Condition cause : null
2023-10-18 06:48:18,615 [WARN] PackLoader:240 - Cannot read IP mode file for STMicroelectronics.X-CUBE-SFXS2LP1.4.0.0
2023-10-18 06:48:18,620 [WARN] PackLoader:240 - Cannot read IP mode file for STMicroelectronics.X-CUBE-ISPU.1.1.0
2023-10-18 06:48:18,631 [WARN] ConditionMgr:438 - getConditionDescription Invalid condition id : UX DEVICE CLASS RTOS Condition cause : null
2023-10-18 06:48:18,632 [WARN] ConditionMgr:438 - getConditionDescription Invalid condition id : UX DEVICE CLASS RTOS Condition cause : null
2023-10-18 06:48:18,634 [WARN] PackLoader:240 - Cannot read IP mode file for STMicroelectronics.X-CUBE-AZRTOS-WB.2.0.0
2023-10-18 06:48:18,635 [WARN] ConditionMgr:1039 - genDependencies : Invalid condition id : UX DEVICE CLASS RTOS Condition cause : null
2023-10-18 06:48:18,635 [WARN] ConditionMgr:1039 - genDependencies : Invalid condition id : UX DEVICE CLASS RTOS Condition cause : null
2023-10-18 06:48:18,636 [WARN] ConditionMgr:1039 - genDependencies : Invalid condition id : UX DEVICE CLASS RTOS Condition cause : null
2023-10-18 06:48:18,636 [WARN] ConditionMgr:1039 - genDependencies : Invalid condition id : UX DEVICE CLASS RTOS Condition cause : null
2023-10-18 06:48:18,637 [WARN] ConditionMgr:1039 - genDependencies : Invalid condition id : UX DEVICE CLASS RTOS Condition cause : null
2023-10-18 06:48:18,641 [WARN] PackLoader:240 - Cannot read IP mode file for STMicroelectronics.X-CUBE-FREERTOS.1.0.1
2023-10-18 06:48:18,652 [WARN] PackLoader:240 - Cannot read IP mode file for STMicroelectronics.X-CUBE-AZRTOS-L5.1.1.0
2023-10-18 06:48:18,656 [WARN] PackLoader:240 - Cannot read IP mode file for STMicroelectronics.X-CUBE-AI.8.0.1
2023-10-18 06:48:18,678 [WARN] PackLoader:240 - Cannot read IP mode file for STMicroelectronics.X-CUBE-SUBG2.5.0.0
2023-10-18 06:48:18,690 [WARN] PackLoader:240 - Cannot read IP mode file for STMicroelectronics.X-CUBE-TOF1.3.3.1
2023-10-18 06:48:18,714 [WARN] PackLoader:240 - Cannot read IP mode file for STMicroelectronics.X-CUBE-AZRTOS-G4.2.0.0
2023-10-18 06:48:18,729 [WARN] PackLoader:240 - Cannot read IP mode file for Infineon.AIROC-Wi-Fi-Bluetooth-STM32.1.5.1
2023-10-18 06:48:18,737 [WARN] PackLoader:240 - Cannot read IP mode file for STMicroelectronics.X-CUBE-FREERTOS.1.1.0
2023-10-18 06:48:18,747 [WARN] PackLoader:240 - Cannot read IP mode file for portGmbH.I-Cube-SoM-uGOAL.1.1.0
2023-10-18 06:48:18,752 [WARN] PackLoader:240 - Cannot read IP mode file for STMicroelectronics.X-CUBE-ALS.1.0.1
2023-10-18 06:48:18,768 [WARN] PackLoader:240 - Cannot read IP mode file for STMicroelectronics.X-CUBE-AZRTOS-WB.1.1.0
2023-10-18 06:48:18,775 [WARN] PackLoader:240 - Cannot read IP mode file for STMicroelectronics.FP-ATR-ASTRA1.2.0.0
2023-10-18 06:48:18,776 [INFO] ThirdParty:978 - Integrity check success = true
2023-10-18 06:48:18,776 [INFO] IntegrityCheckThread:100 - exiting critical section [integrity check]
2023-10-18 06:48:18,777 [INFO] IntegrityCheckThread:103 - End integrity checks thread
2023-10-18 06:48:37,368 [ERROR] LogOutputStream:75 - [STDERR_REDIRECT] SLF4J: Failed to load class "org.slf4j.impl.StaticLoggerBinder".
2023-10-18 06:48:37,369 [ERROR] LogOutputStream:75 - [STDERR_REDIRECT] SLF4J: Defaulting to no-operation (NOP) logger implementation
2023-10-18 06:48:37,370 [ERROR] LogOutputStream:75 - [STDERR_REDIRECT] SLF4J: See http://www.slf4j.org/codes.html#StaticLoggerBinder for further details.
2023-10-18 07:12:34,772 [INFO] Activator:176 - 


2023-10-18 07:12:34,784 [INFO] Activator:177 - !SESSION log4j initialized
2023-10-18 07:12:37,999 [INFO] LogOutputStream:77 - [STDOUT_REDIRECT] 
2023-10-18 07:12:39,998 [INFO] ApplicationProperties:184 - Using Application install path: C:\ST\STM32CubeIDE_1.13.0\STM32CubeIDE\plugins\com.st.stm32cube.common.mx_6.9.0.202307051724
2023-10-18 07:12:40,029 [INFO] DbMcusXml:78 - Set database path to: C:\ST\STM32CubeIDE_1.13.0\STM32CubeIDE\plugins\com.st.stm32cube.common.mx_6.9.0.202307051724\\db\/mcu/
2023-10-18 07:12:40,030 [INFO] ApiDb:274 - Set plugin database path to: C:\ST\STM32CubeIDE_1.13.0\STM32CubeIDE\plugins\com.st.stm32cube.common.mx_6.9.0.202307051724\\db\/plugins/boardmanager/
2023-10-18 07:12:40,030 [WARN] ApiDb:259 - Overriding images path with different value:  => C:\ST\STM32CubeIDE_1.13.0\STM32CubeIDE\plugins\com.st.stm32cube.common.mx_6.9.0.202307051724\\db\/plugins/mcufinder/images/
2023-10-18 07:12:40,039 [INFO] ApiDb:250 - Set database path to: C:\Users\Amit Tayade\.stmcufinder\plugins\mcufinder//mcu/
2023-10-18 07:12:40,041 [INFO] DbMcusAds:125 - Set database path to: C:\Users\Amit Tayade\.stmcufinder\plugins\mcufinder//mcu/
2023-10-18 07:12:40,043 [INFO] CrossReferenceDbSqlite:203 - Set database path to: C:\Users\Amit Tayade\.stmcufinder\plugins\mcufinder//mcu/cs/
2023-10-18 07:12:40,165 [INFO] RulesReader:64 - Compatibility file has been processed (293 Rules)
2023-10-18 07:12:40,249 [INFO] DbMcusXml:78 - Set database path to: C:\ST\STM32CubeIDE_1.13.0\STM32CubeIDE\plugins\com.st.stm32cube.common.mx_6.9.0.202307051724\\db\/mcu/
2023-10-18 07:12:40,249 [INFO] ApiDb:274 - Set plugin database path to: C:\ST\STM32CubeIDE_1.13.0\STM32CubeIDE\plugins\com.st.stm32cube.common.mx_6.9.0.202307051724\\db\/plugins/boardmanager/
2023-10-18 07:12:40,249 [INFO] ApiDb:261 - Set plugin images path to: C:\ST\STM32CubeIDE_1.13.0\STM32CubeIDE\plugins\com.st.stm32cube.common.mx_6.9.0.202307051724\\db\/plugins/mcufinder/images/
2023-10-18 07:12:40,249 [WARN] DbFile:41 - Overriding database path with different value: C:\Users\Amit Tayade\.stmcufinder\plugins\mcufinder/ => C:\Users\Amit Tayade\.stmcufinder\plugins\mcufinder
2023-10-18 07:12:40,250 [INFO] ApiDb:250 - Set database path to: C:\Users\Amit Tayade\.stmcufinder\plugins\mcufinder//mcu/
2023-10-18 07:12:40,250 [WARN] DbFile:41 - Overriding database path with different value: C:\Users\Amit Tayade\.stmcufinder\plugins\mcufinder/ => C:\Users\Amit Tayade\.stmcufinder\plugins\mcufinder
2023-10-18 07:12:40,250 [INFO] DbMcusAds:125 - Set database path to: C:\Users\Amit Tayade\.stmcufinder\plugins\mcufinder//mcu/
2023-10-18 07:12:40,250 [WARN] DbFile:41 - Overriding database path with different value: C:\Users\Amit Tayade\.stmcufinder\plugins\mcufinder/ => C:\Users\Amit Tayade\.stmcufinder\plugins\mcufinder
2023-10-18 07:12:40,250 [WARN] DbFile:41 - Overriding database path with different value: C:\Users\Amit Tayade\.stmcufinder\plugins\mcufinder/ => C:\Users\Amit Tayade\.stmcufinder\plugins\mcufinder
2023-10-18 07:12:40,250 [INFO] CrossReferenceDbSqlite:203 - Set database path to: C:\Users\Amit Tayade\.stmcufinder\plugins\mcufinder//mcu/cs/
2023-10-18 07:12:40,330 [INFO] MainPanel:262 - HeapMemory: 268435456
2023-10-18 07:12:40,395 [INFO] DbMcusXml:78 - Set database path to: C:\ST\STM32CubeIDE_1.13.0\STM32CubeIDE\plugins\com.st.stm32cube.common.mx_6.9.0.202307051724\\db\/mcu/
2023-10-18 07:12:40,395 [INFO] ApiDb:274 - Set plugin database path to: C:\ST\STM32CubeIDE_1.13.0\STM32CubeIDE\plugins\com.st.stm32cube.common.mx_6.9.0.202307051724\\db\/plugins/boardmanager/
2023-10-18 07:12:40,396 [INFO] ApiDb:261 - Set plugin images path to: C:\ST\STM32CubeIDE_1.13.0\STM32CubeIDE\plugins\com.st.stm32cube.common.mx_6.9.0.202307051724\\db\/plugins/mcufinder/images/
2023-10-18 07:12:40,396 [WARN] DbFile:41 - Overriding database path with different value: C:\Users\Amit Tayade\.stmcufinder\plugins\mcufinder/ => C:\Users\Amit Tayade\.stmcufinder\plugins\mcufinder
2023-10-18 07:12:40,396 [INFO] ApiDb:250 - Set database path to: C:\Users\Amit Tayade\.stmcufinder\plugins\mcufinder//mcu/
2023-10-18 07:12:40,396 [WARN] DbFile:41 - Overriding database path with different value: C:\Users\Amit Tayade\.stmcufinder\plugins\mcufinder/ => C:\Users\Amit Tayade\.stmcufinder\plugins\mcufinder
2023-10-18 07:12:40,396 [INFO] DbMcusAds:125 - Set database path to: C:\Users\Amit Tayade\.stmcufinder\plugins\mcufinder//mcu/
2023-10-18 07:12:40,396 [WARN] DbFile:41 - Overriding database path with different value: C:\Users\Amit Tayade\.stmcufinder\plugins\mcufinder/ => C:\Users\Amit Tayade\.stmcufinder\plugins\mcufinder
2023-10-18 07:12:40,396 [WARN] DbFile:41 - Overriding database path with different value: C:\Users\Amit Tayade\.stmcufinder\plugins\mcufinder/ => C:\Users\Amit Tayade\.stmcufinder\plugins\mcufinder
2023-10-18 07:12:40,396 [INFO] CrossReferenceDbSqlite:203 - Set database path to: C:\Users\Amit Tayade\.stmcufinder\plugins\mcufinder//mcu/cs/
2023-10-18 07:12:40,424 [INFO] ApplicationProperties:184 - Using Application install path: C:\ST\STM32CubeIDE_1.13.0\STM32CubeIDE\plugins\com.st.stm32cube.common.mx_6.9.0.202307051724
2023-10-18 07:12:40,425 [INFO] PluginManage:196 - Search for loadable plugins [exclusion list=, ]
2023-10-18 07:12:40,426 [INFO] PluginManage:310 - Check plugin analytics
2023-10-18 07:12:40,607 [INFO] AnalyticsPlugin:253 - Accepted Software Licenses: 
2023-10-18 07:12:40,607 [INFO] AnalyticsPlugin:255 - Accepted CMSIS Pack Licenses: 
2023-10-18 07:12:40,607 [INFO] AnalyticsPlugin:257 - Accepted Firmware Licenses: FW.F4.1.27.0
2023-10-18 07:12:40,610 [INFO] PluginManage:359 - Loaded plugin analytics (category:tool,tabindex:-1)
2023-10-18 07:12:40,611 [INFO] PluginManage:310 - Check plugin cadmodel
2023-10-18 07:12:40,618 [INFO] CADModel:105 - Init CAD model plugin
2023-10-18 07:12:40,618 [INFO] PluginManage:359 - Loaded plugin cadmodel (category:power,tabindex:5)
2023-10-18 07:12:40,618 [INFO] PluginManage:310 - Check plugin clock
2023-10-18 07:12:40,628 [INFO] PluginManage:359 - Loaded plugin clock (category:base,tabindex:2)
2023-10-18 07:12:40,628 [INFO] PluginManage:310 - Check plugin ddr
2023-10-18 07:12:40,630 [INFO] PluginManage:359 - Loaded plugin ddr (category:tool,tabindex:6)
2023-10-18 07:12:40,631 [INFO] PluginManage:310 - Check plugin filemanager
2023-10-18 07:12:40,760 [INFO] PluginManage:359 - Loaded plugin filemanager (category:base,tabindex:10)
2023-10-18 07:12:40,760 [INFO] PluginManage:310 - Check plugin ipmanager
2023-10-18 07:12:40,767 [INFO] PluginManage:359 - Loaded plugin ipmanager (category:base,tabindex:5)
2023-10-18 07:12:40,768 [INFO] PluginManage:310 - Check plugin lpbam
2023-10-18 07:12:40,778 [INFO] PluginManage:359 - Loaded plugin lpbam (category:base,tabindex:0)
2023-10-18 07:12:40,778 [INFO] PluginManage:310 - Check plugin memorymap
2023-10-18 07:12:40,813 [INFO] PluginManage:359 - Loaded plugin memorymap (category:base,tabindex:4)
2023-10-18 07:12:40,813 [INFO] PluginManage:310 - Check plugin pinoutandconfiguration
2023-10-18 07:12:40,824 [INFO] PluginManage:359 - Loaded plugin pinoutandconfiguration (category:base,tabindex:1)
2023-10-18 07:12:40,825 [INFO] PluginManage:310 - Check plugin pinoutconfig
2023-10-18 07:12:40,927 [WARN] SupportedApi:132 - Cannot load RTOS API schema: s4s-elt-must-match.1: The content of 'definitions' must match (annotation?, (simpleType | complexType)?, (unique | key | keyref)*)). A problem was found starting at: attribute.
2023-10-18 07:12:41,051 [INFO] PluginManage:359 - Loaded plugin pinoutconfig (category:base,tabindex:0)
2023-10-18 07:12:41,051 [INFO] PluginManage:310 - Check plugin power
2023-10-18 07:12:41,061 [INFO] PluginManage:359 - Loaded plugin power (category:power,tabindex:4)
2023-10-18 07:12:41,061 [INFO] PluginManage:310 - Check plugin projectmanager
2023-10-18 07:12:41,080 [INFO] PluginManage:359 - Loaded plugin projectmanager (category:projectmanager,tabindex:3)
2023-10-18 07:12:41,080 [INFO] PluginManage:310 - Check plugin thirdparty
2023-10-18 07:12:41,236 [WARN] IntegrityCheckThread:84 - waiting for thirdparty lock release [integrity check]
2023-10-18 07:12:41,236 [INFO] IntegrityCheckThread:86 - entering critical section [integrity check]
2023-10-18 07:12:41,236 [INFO] PluginManage:359 - Loaded plugin thirdparty (category:base,tabindex:-1)
2023-10-18 07:12:41,236 [INFO] PluginManage:310 - Check plugin tools
2023-10-18 07:12:41,236 [INFO] ThirdPartyUpdaterWithRetryManager:70 - Updater plugin not ready yet. [1/15]
2023-10-18 07:12:41,239 [INFO] PluginManage:359 - Loaded plugin tools (category:base,tabindex:7)
2023-10-18 07:12:41,240 [INFO] PluginManage:310 - Check plugin tutovideos
2023-10-18 07:12:41,451 [INFO] PluginManage:359 - Loaded plugin tutovideos (category:base,tabindex:-1)
2023-10-18 07:12:41,451 [INFO] PluginManage:310 - Check plugin updater
2023-10-18 07:12:41,463 [INFO] PluginManage:359 - Loaded plugin updater (category:base,tabindex:12)
2023-10-18 07:12:41,463 [INFO] PluginManage:310 - Check plugin userauth
2023-10-18 07:12:41,469 [INFO] UserAuth:113 - Init User Auth plugin
2023-10-18 07:12:41,469 [INFO] PluginManage:359 - Loaded plugin userauth (category:base,tabindex:14)
2023-10-18 07:12:41,470 [INFO] PluginManage:283 - PluginManage : Loaded plugins [17]
2023-10-18 07:12:41,685 [INFO] PinOutPanel:1499 - setPackage(No Configuration,No Configuration)
2023-10-18 07:12:41,790 [INFO] CADModel:165 - CPN selected for project level
2023-10-18 07:12:41,790 [INFO] CADModel:114 - Register for checkConnection events
2023-10-18 07:12:41,806 [INFO] IPUIPlugin:80 - create IPUIPlugin
2023-10-18 07:12:41,807 [INFO] PluginManager:220 - loadIPPluginJar : add adc
2023-10-18 07:12:41,810 [INFO] IPUIPlugin:80 - create IPUIPlugin
2023-10-18 07:12:41,810 [INFO] PluginManager:220 - loadIPPluginJar : add aes
2023-10-18 07:12:41,813 [INFO] IPUIPlugin:80 - create IPUIPlugin
2023-10-18 07:12:41,813 [INFO] PluginManager:220 - loadIPPluginJar : add can
2023-10-18 07:12:41,815 [INFO] IPUIPlugin:80 - create IPUIPlugin
2023-10-18 07:12:41,815 [INFO] PluginManager:220 - loadIPPluginJar : add comp
2023-10-18 07:12:41,817 [INFO] IPUIPlugin:80 - create IPUIPlugin
2023-10-18 07:12:41,817 [INFO] PluginManager:220 - loadIPPluginJar : add cryp
2023-10-18 07:12:41,819 [INFO] IPUIPlugin:80 - create IPUIPlugin
2023-10-18 07:12:41,820 [INFO] PluginManager:220 - loadIPPluginJar : add dfsdm
2023-10-18 07:12:41,826 [INFO] IPUIPlugin:80 - create IPUIPlugin
2023-10-18 07:12:41,827 [INFO] PluginManager:220 - loadIPPluginJar : add dma
2023-10-18 07:12:41,830 [INFO] IPUIPlugin:80 - create IPUIPlugin
2023-10-18 07:12:41,830 [INFO] PluginManager:220 - loadIPPluginJar : add dma3
2023-10-18 07:12:41,831 [INFO] IPUIPlugin:80 - create IPUIPlugin
2023-10-18 07:12:41,832 [INFO] PluginManager:220 - loadIPPluginJar : add fatfs
2023-10-18 07:12:41,835 [INFO] IPUIPlugin:80 - create IPUIPlugin
2023-10-18 07:12:41,836 [INFO] PluginManager:220 - loadIPPluginJar : add fmc
2023-10-18 07:12:41,841 [INFO] IPUIPlugin:80 - create IPUIPlugin
2023-10-18 07:12:41,841 [INFO] PluginManager:220 - loadIPPluginJar : add freertos
2023-10-18 07:12:41,843 [INFO] IPUIPlugin:80 - create IPUIPlugin
2023-10-18 07:12:41,843 [INFO] PluginManager:220 - loadIPPluginJar : add genericplugin
2023-10-18 07:12:41,846 [INFO] IPUIPlugin:80 - create IPUIPlugin
2023-10-18 07:12:41,846 [INFO] PluginManager:220 - loadIPPluginJar : add gfxmmu
2023-10-18 07:12:41,851 [INFO] IPUIPlugin:80 - create IPUIPlugin
2023-10-18 07:12:41,852 [INFO] PluginManager:220 - loadIPPluginJar : add gic
2023-10-18 07:12:41,856 [INFO] IPUIPlugin:80 - create IPUIPlugin
2023-10-18 07:12:41,856 [INFO] PluginManager:220 - loadIPPluginJar : add gpio
2023-10-18 07:12:41,860 [INFO] IPUIPlugin:80 - create IPUIPlugin
2023-10-18 07:12:41,860 [INFO] PluginManager:220 - loadIPPluginJar : add gtzc
2023-10-18 07:12:41,863 [INFO] IPUIPlugin:80 - create IPUIPlugin
2023-10-18 07:12:41,864 [INFO] PluginManager:220 - loadIPPluginJar : add hash
2023-10-18 07:12:41,866 [INFO] IPUIPlugin:80 - create IPUIPlugin
2023-10-18 07:12:41,866 [INFO] PluginManager:220 - loadIPPluginJar : add i2c
2023-10-18 07:12:41,869 [INFO] IPUIPlugin:80 - create IPUIPlugin
2023-10-18 07:12:41,869 [INFO] PluginManager:220 - loadIPPluginJar : add i2s
2023-10-18 07:12:41,872 [INFO] IPUIPlugin:80 - create IPUIPlugin
2023-10-18 07:12:41,872 [INFO] PluginManager:220 - loadIPPluginJar : add i3c
2023-10-18 07:12:41,875 [INFO] IPUIPlugin:80 - create IPUIPlugin
2023-10-18 07:12:41,875 [INFO] PluginManager:220 - loadIPPluginJar : add ipddr
2023-10-18 07:12:41,884 [INFO] IPUIPlugin:80 - create IPUIPlugin
2023-10-18 07:12:41,884 [INFO] PluginManager:220 - loadIPPluginJar : add linkedlist
2023-10-18 07:12:41,887 [INFO] IPUIPlugin:80 - create IPUIPlugin
2023-10-18 07:12:41,887 [INFO] PluginManager:220 - loadIPPluginJar : add lorawan
2023-10-18 07:12:41,889 [INFO] IPUIPlugin:80 - create IPUIPlugin
2023-10-18 07:12:41,889 [INFO] PluginManager:220 - loadIPPluginJar : add ltdc
2023-10-18 07:12:41,895 [INFO] IPUIPlugin:80 - create IPUIPlugin
2023-10-18 07:12:41,896 [INFO] PluginManager:220 - loadIPPluginJar : add mdma
2023-10-18 07:12:41,901 [INFO] IPUIPlugin:80 - create IPUIPlugin
2023-10-18 07:12:41,901 [INFO] PluginManager:220 - loadIPPluginJar : add nvic
2023-10-18 07:12:41,904 [INFO] IPUIPlugin:80 - create IPUIPlugin
2023-10-18 07:12:41,904 [INFO] PluginManager:220 - loadIPPluginJar : add opamp
2023-10-18 07:12:41,908 [INFO] IPUIPlugin:80 - create IPUIPlugin
2023-10-18 07:12:41,908 [INFO] PluginManager:220 - loadIPPluginJar : add openamp
2023-10-18 07:12:41,913 [INFO] IPUIPlugin:80 - create IPUIPlugin
2023-10-18 07:12:41,914 [INFO] PluginManager:220 - loadIPPluginJar : add pdm2pcm
2023-10-18 07:12:41,923 [INFO] IPUIPlugin:80 - create IPUIPlugin
2023-10-18 07:12:41,925 [INFO] PluginManager:220 - loadIPPluginJar : add plateformsettings
2023-10-18 07:12:41,928 [INFO] IPUIPlugin:80 - create IPUIPlugin
2023-10-18 07:12:41,929 [INFO] PluginManager:220 - loadIPPluginJar : add quadspi
2023-10-18 07:12:41,941 [INFO] IPUIPlugin:80 - create IPUIPlugin
2023-10-18 07:12:41,942 [INFO] PluginManager:220 - loadIPPluginJar : add resmgrutility
2023-10-18 07:12:41,956 [INFO] IPUIPlugin:80 - create IPUIPlugin
2023-10-18 07:12:41,956 [INFO] PluginManager:220 - loadIPPluginJar : add sai
2023-10-18 07:12:41,959 [INFO] IPUIPlugin:80 - create IPUIPlugin
2023-10-18 07:12:41,960 [INFO] PluginManager:220 - loadIPPluginJar : add spi
2023-10-18 07:12:41,967 [INFO] IPUIPlugin:80 - create IPUIPlugin
2023-10-18 07:12:41,967 [INFO] PluginManager:220 - loadIPPluginJar : add stm32_wpan
2023-10-18 07:12:41,970 [INFO] IPUIPlugin:80 - create IPUIPlugin
2023-10-18 07:12:41,970 [INFO] PluginManager:220 - loadIPPluginJar : add tim
2023-10-18 07:12:41,974 [INFO] IPUIPlugin:80 - create IPUIPlugin
2023-10-18 07:12:41,974 [INFO] PluginManager:220 - loadIPPluginJar : add touchsensing
2023-10-18 07:12:41,976 [INFO] IPUIPlugin:80 - create IPUIPlugin
2023-10-18 07:12:41,976 [INFO] PluginManager:220 - loadIPPluginJar : add tracer_emb
2023-10-18 07:12:41,979 [INFO] IPUIPlugin:80 - create IPUIPlugin
2023-10-18 07:12:41,980 [INFO] PluginManager:220 - loadIPPluginJar : add ts
2023-10-18 07:12:41,982 [INFO] IPUIPlugin:80 - create IPUIPlugin
2023-10-18 07:12:41,982 [INFO] PluginManager:220 - loadIPPluginJar : add tsc
2023-10-18 07:12:41,984 [INFO] IPUIPlugin:80 - create IPUIPlugin
2023-10-18 07:12:41,984 [INFO] PluginManager:220 - loadIPPluginJar : add ucpd
2023-10-18 07:12:41,988 [INFO] IPUIPlugin:80 - create IPUIPlugin
2023-10-18 07:12:41,988 [INFO] PluginManager:220 - loadIPPluginJar : add usart
2023-10-18 07:12:41,992 [INFO] IPUIPlugin:80 - create IPUIPlugin
2023-10-18 07:12:41,992 [INFO] PluginManager:220 - loadIPPluginJar : add usbx
2023-10-18 07:12:42,129 [INFO] CADModel:165 - CPN selected for project level
2023-10-18 07:12:42,130 [INFO] CADModel:114 - Register for checkConnection events
2023-10-18 07:12:42,130 [FATAL] Updater:308 - Updater called before beeing initialized
2023-10-18 07:12:42,130 [ERROR] CADModel:125 - Updater not yet initialized, retry later 
2023-10-18 07:12:42,354 [INFO] CADModel:165 - CPN selected for project level
2023-10-18 07:12:42,354 [INFO] CADModel:114 - Register for checkConnection events
2023-10-18 07:12:42,354 [FATAL] Updater:308 - Updater called before beeing initialized
2023-10-18 07:12:42,354 [ERROR] CADModel:125 - Updater not yet initialized, retry later 
2023-10-18 07:12:42,357 [FATAL] Updater:308 - Updater called before beeing initialized
2023-10-18 07:12:42,465 [FATAL] Updater:308 - Updater called before beeing initialized
2023-10-18 07:12:42,471 [INFO] DbMcusAds:53 - JSON generation date=Tue Mar 07 14:20:55 IST 2023 (1678179055114)
2023-10-18 07:12:42,471 [FATAL] Updater:308 - Updater called before beeing initialized
2023-10-18 07:12:42,520 [WARN] DetailPanel:346 - Failed to get advertising image, set to default
2023-10-18 07:12:42,729 [FATAL] Updater:308 - Updater called before beeing initialized
2023-10-18 07:12:42,732 [FATAL] Updater:308 - Updater called before beeing initialized
2023-10-18 07:12:42,732 [FATAL] Updater:308 - Updater called before beeing initialized
2023-10-18 07:12:42,733 [WARN] DetailPanel:346 - Failed to get advertising image, set to default
2023-10-18 07:12:42,734 [FATAL] Updater:308 - Updater called before beeing initialized
2023-10-18 07:12:42,813 [ERROR] Updater:1120 - MainUpdater not yet initialized. External WinMGr cannot be set.
2023-10-18 07:12:42,815 [INFO] Updater:1056 - Updater Version found : 6.9.0
2023-10-18 07:12:42,839 [INFO] ApplicationProperties:184 - Using Application install path: C:\ST\STM32CubeIDE_1.13.0\STM32CubeIDE\plugins\com.st.stm32cube.common.mx_6.9.0.202307051724
2023-10-18 07:12:43,095 [INFO] MainUpdater:2868 - connection check result : 10
2023-10-18 07:12:43,096 [INFO] MainUpdater:285 - Updater Check For Update Now.
2023-10-18 07:12:43,096 [INFO] MicroXplorer:498 - Change Database Version : DB.6.0.90
2023-10-18 07:12:43,104 [INFO] McuFinderGlobals:63 - Set McuFinder mode to 2 (CubeIDE integrated)
2023-10-18 07:12:43,314 [INFO] CheckServerUpdateThread:120 - End of CheckServer Thread
2023-10-18 07:12:44,384 [WARN] PackLoader:240 - Cannot read IP mode file for STMicroelectronics.X-CUBE-SMBUS.2.1.0
2023-10-18 07:12:44,435 [WARN] PackLoader:240 - Cannot read IP mode file for STMicroelectronics.X-CUBE-AZRTOS-F7.1.1.0
2023-10-18 07:12:44,452 [WARN] PackLoader:240 - Cannot read IP mode file for STMicroelectronics.FP-SNS-MOTENV1.4.3.2
2023-10-18 07:12:44,470 [WARN] PackLoader:240 - Cannot read IP mode file for STMicroelectronics.X-CUBE-BLE1.6.2.4
2023-10-18 07:12:44,478 [WARN] PackLoader:240 - Cannot read IP mode file for STMicroelectronics.FP-SNS-FLIGHT1.5.0.2
2023-10-18 07:12:44,490 [WARN] PackLoader:240 - Cannot read IP mode file for STMicroelectronics.X-CUBE-DISPLAY.3.0.0
2023-10-18 07:12:44,506 [WARN] PackLoader:240 - Cannot read IP mode file for STMicroelectronics.X-CUBE-BLE1.7.0.0
2023-10-18 07:12:44,516 [WARN] PackLoader:240 - Cannot read IP mode file for emotas.I-CUBE-CANOPEN.1.3.0
2023-10-18 07:12:44,523 [WARN] PackLoader:240 - Cannot read IP mode file for STMicroelectronics.X-CUBE-TOUCHGFX.4.22.0
2023-10-18 07:12:44,528 [WARN] PackLoader:240 - Cannot read IP mode file for STMicroelectronics.X-CUBE-TOUCHGFX.4.22.1
2023-10-18 07:12:44,535 [WARN] PackLoader:240 - Cannot read IP mode file for STMicroelectronics.FP-SNS-SMARTAG2.1.2.0
2023-10-18 07:12:44,551 [INFO] LogOutputStream:77 - [STDOUT_REDIRECT] 1 : Invalid condition id : UX_CORESTACK_Condition cause : null
2023-10-18 07:12:44,552 [INFO] LogOutputStream:77 - [STDOUT_REDIRECT] 1 : Invalid condition id : UX_CORESTACK_Condition cause : null
2023-10-18 07:12:44,553 [INFO] LogOutputStream:77 - [STDOUT_REDIRECT] 1 : Invalid condition id : UX_CORESTACK_Condition cause : null
2023-10-18 07:12:44,555 [INFO] LogOutputStream:77 - [STDOUT_REDIRECT] 1 : Invalid condition id : UX_CORESTACK_Condition cause : null
2023-10-18 07:12:44,556 [INFO] LogOutputStream:77 - [STDOUT_REDIRECT] 1 : Invalid condition id : UX_CORESTACK_Condition cause : null
2023-10-18 07:12:44,562 [WARN] PackLoader:240 - Cannot read IP mode file for STMicroelectronics.X-CUBE-AZRTOS-WL.2.0.0
2023-10-18 07:12:44,577 [WARN] PackLoader:240 - Cannot read IP mode file for WES.I-CUBE-Cesium.1.3.0
2023-10-18 07:12:44,584 [WARN] PackLoader:240 - Cannot read IP mode file for STMicroelectronics.X-CUBE-BLE2.3.3.0
2023-10-18 07:12:44,592 [WARN] PackLoader:240 - Cannot read IP mode file for STMicroelectronics.X-CUBE-ALGOBUILD.1.3.0
2023-10-18 07:12:44,615 [WARN] PackLoader:240 - Cannot read IP mode file for STMicroelectronics.X-CUBE-AZRTOS-G0.1.1.0
2023-10-18 07:12:44,624 [WARN] PackLoader:240 - Cannot read IP mode file for STMicroelectronics.X-CUBE-NFC4.3.0.0
2023-10-18 07:12:44,631 [WARN] PackLoader:240 - Cannot read IP mode file for STMicroelectronics.FP-ATR-SIGFOX1.3.2.0
2023-10-18 07:12:44,682 [WARN] PackLoader:240 - Cannot read IP mode file for SEGGER.I-CUBE-embOS.1.3.1
2023-10-18 07:12:44,770 [WARN] PackLoader:240 - Cannot read IP mode file for STMicroelectronics.X-CUBE-GNSS1.6.0.0
2023-10-18 07:12:44,795 [WARN] PackLoader:240 - Cannot read IP mode file for STMicroelectronics.X-CUBE-AZRTOS-F4.1.1.0
2023-10-18 07:12:44,817 [WARN] PackLoader:240 - Cannot read IP mode file for wolfSSL.I-CUBE-wolfSSL.5.6.3
2023-10-18 07:12:44,840 [WARN] PackLoader:240 - Cannot read IP mode file for STMicroelectronics.X-CUBE-AZRTOS-L5.2.0.0
2023-10-18 07:12:44,889 [WARN] PackLoader:240 - Cannot read IP mode file for STMicroelectronics.X-CUBE-MEMS1.9.6.0
2023-10-18 07:12:45,065 [WARN] PackLoader:240 - Cannot read IP mode file for ITTIA_DB.I-CUBE-ITTIADB.8.8.0
2023-10-18 07:12:45,074 [WARN] PackLoader:240 - Cannot read IP mode file for STMicroelectronics.X-CUBE-BLEMGR.2.0.0
2023-10-18 07:12:45,094 [WARN] ConditionMgr:438 - getConditionDescription Invalid condition id : UX DEVICE CLASS RTOS Condition cause : null
2023-10-18 07:12:45,094 [WARN] ConditionMgr:438 - getConditionDescription Invalid condition id : UX DEVICE CLASS RTOS Condition cause : null
2023-10-18 07:12:45,098 [WARN] PackLoader:240 - Cannot read IP mode file for STMicroelectronics.X-CUBE-AZRTOS-H7.3.1.0
2023-10-18 07:12:45,100 [WARN] ConditionMgr:1039 - genDependencies : Invalid condition id : UX DEVICE CLASS RTOS Condition cause : null
2023-10-18 07:12:45,101 [WARN] ConditionMgr:1039 - genDependencies : Invalid condition id : UX DEVICE CLASS RTOS Condition cause : null
2023-10-18 07:12:45,102 [WARN] ConditionMgr:1039 - genDependencies : Invalid condition id : UX DEVICE CLASS RTOS Condition cause : null
2023-10-18 07:12:45,102 [WARN] ConditionMgr:1039 - genDependencies : Invalid condition id : UX DEVICE CLASS RTOS Condition cause : null
2023-10-18 07:12:45,102 [WARN] ConditionMgr:1039 - genDependencies : Invalid condition id : UX DEVICE CLASS RTOS Condition cause : null
2023-10-18 07:12:45,112 [WARN] PackLoader:240 - Cannot read IP mode file for STMicroelectronics.X-CUBE-NFC7.1.0.1
2023-10-18 07:12:45,123 [WARN] PackLoader:240 - Cannot read IP mode file for STMicroelectronics.X-CUBE-NFC6.3.0.0
2023-10-18 07:12:45,133 [WARN] PackLoader:240 - Cannot read IP mode file for STMicroelectronics.X-CUBE-EEPRMA1.4.1.0
2023-10-18 07:12:45,138 [WARN] PackLoader:240 - Cannot read IP mode file for STMicroelectronics.X-CUBE-AI.8.1.0
2023-10-18 07:12:45,152 [WARN] ConditionMgr:438 - getConditionDescription Invalid condition id : LAN8742 Phy interface Condition cause : null
2023-10-18 07:12:45,153 [WARN] PackLoader:240 - Cannot read IP mode file for STMicroelectronics.X-CUBE-AZRTOS-L4.2.0.0
2023-10-18 07:12:45,155 [WARN] ConditionMgr:1039 - genDependencies : Invalid condition id : LAN8742 Phy interface Condition cause : null
2023-10-18 07:12:45,155 [WARN] ConditionMgr:1039 - genDependencies : Invalid condition id : LAN8742 Phy interface Condition cause : null
2023-10-18 07:12:45,155 [WARN] ConditionMgr:1039 - genDependencies : Invalid condition id : LAN8742 Phy interface Condition cause : null
2023-10-18 07:12:45,163 [WARN] PackLoader:240 - Cannot read IP mode file for STMicroelectronics.X-CUBE-SFXS2LP1.4.0.0
2023-10-18 07:12:45,170 [WARN] PackLoader:240 - Cannot read IP mode file for STMicroelectronics.X-CUBE-ISPU.1.1.0
2023-10-18 07:12:45,181 [WARN] ConditionMgr:438 - getConditionDescription Invalid condition id : UX DEVICE CLASS RTOS Condition cause : null
2023-10-18 07:12:45,181 [WARN] ConditionMgr:438 - getConditionDescription Invalid condition id : UX DEVICE CLASS RTOS Condition cause : null
2023-10-18 07:12:45,183 [WARN] PackLoader:240 - Cannot read IP mode file for STMicroelectronics.X-CUBE-AZRTOS-WB.2.0.0
2023-10-18 07:12:45,183 [WARN] ConditionMgr:1039 - genDependencies : Invalid condition id : UX DEVICE CLASS RTOS Condition cause : null
2023-10-18 07:12:45,183 [WARN] ConditionMgr:1039 - genDependencies : Invalid condition id : UX DEVICE CLASS RTOS Condition cause : null
2023-10-18 07:12:45,190 [WARN] ConditionMgr:1039 - genDependencies : Invalid condition id : UX DEVICE CLASS RTOS Condition cause : null
2023-10-18 07:12:45,190 [WARN] ConditionMgr:1039 - genDependencies : Invalid condition id : UX DEVICE CLASS RTOS Condition cause : null
2023-10-18 07:12:45,190 [WARN] ConditionMgr:1039 - genDependencies : Invalid condition id : UX DEVICE CLASS RTOS Condition cause : null
2023-10-18 07:12:45,194 [WARN] PackLoader:240 - Cannot read IP mode file for STMicroelectronics.X-CUBE-FREERTOS.1.0.1
2023-10-18 07:12:45,207 [WARN] PackLoader:240 - Cannot read IP mode file for STMicroelectronics.X-CUBE-AZRTOS-L5.1.1.0
2023-10-18 07:12:45,213 [WARN] PackLoader:240 - Cannot read IP mode file for STMicroelectronics.X-CUBE-AI.8.0.1
2023-10-18 07:12:45,223 [WARN] PackLoader:240 - Cannot read IP mode file for STMicroelectronics.X-CUBE-SUBG2.5.0.0
2023-10-18 07:12:45,235 [WARN] PackLoader:240 - Cannot read IP mode file for STMicroelectronics.X-CUBE-TOF1.3.3.1
2023-10-18 07:12:45,260 [WARN] PackLoader:240 - Cannot read IP mode file for STMicroelectronics.X-CUBE-AZRTOS-G4.2.0.0
2023-10-18 07:12:45,270 [WARN] PackLoader:240 - Cannot read IP mode file for Infineon.AIROC-Wi-Fi-Bluetooth-STM32.1.5.1
2023-10-18 07:12:45,277 [WARN] PackLoader:240 - Cannot read IP mode file for STMicroelectronics.X-CUBE-FREERTOS.1.1.0
2023-10-18 07:12:45,282 [WARN] PackLoader:240 - Cannot read IP mode file for portGmbH.I-Cube-SoM-uGOAL.1.1.0
2023-10-18 07:12:45,286 [WARN] PackLoader:240 - Cannot read IP mode file for STMicroelectronics.X-CUBE-ALS.1.0.1
2023-10-18 07:12:45,299 [WARN] PackLoader:240 - Cannot read IP mode file for STMicroelectronics.X-CUBE-AZRTOS-WB.1.1.0
2023-10-18 07:12:45,306 [WARN] PackLoader:240 - Cannot read IP mode file for STMicroelectronics.FP-ATR-ASTRA1.2.0.0
2023-10-18 07:12:45,307 [INFO] ThirdParty:978 - Integrity check success = true
2023-10-18 07:12:45,308 [INFO] IntegrityCheckThread:100 - exiting critical section [integrity check]
2023-10-18 07:12:45,308 [INFO] IntegrityCheckThread:103 - End integrity checks thread
2023-10-18 07:13:04,200 [ERROR] LogOutputStream:75 - [STDERR_REDIRECT] SLF4J: Failed to load class "org.slf4j.impl.StaticLoggerBinder".
2023-10-18 07:13:04,200 [ERROR] LogOutputStream:75 - [STDERR_REDIRECT] SLF4J: Defaulting to no-operation (NOP) logger implementation
2023-10-18 07:13:04,203 [ERROR] LogOutputStream:75 - [STDERR_REDIRECT] SLF4J: See http://www.slf4j.org/codes.html#StaticLoggerBinder for further details.
2023-10-18 07:16:42,400 [INFO] Activator:176 - 


2023-10-18 07:16:42,402 [INFO] Activator:177 - !SESSION log4j initialized
2023-10-18 07:16:46,921 [INFO] LogOutputStream:77 - [STDOUT_REDIRECT] 
2023-10-18 07:16:47,982 [INFO] ApplicationProperties:184 - Using Application install path: C:\ST\STM32CubeIDE_1.13.0\STM32CubeIDE\plugins\com.st.stm32cube.common.mx_6.9.0.202307051724
2023-10-18 07:16:48,003 [INFO] DbMcusXml:78 - Set database path to: C:\ST\STM32CubeIDE_1.13.0\STM32CubeIDE\plugins\com.st.stm32cube.common.mx_6.9.0.202307051724\\db\/mcu/
2023-10-18 07:16:48,004 [INFO] ApiDb:274 - Set plugin database path to: C:\ST\STM32CubeIDE_1.13.0\STM32CubeIDE\plugins\com.st.stm32cube.common.mx_6.9.0.202307051724\\db\/plugins/boardmanager/
2023-10-18 07:16:48,004 [WARN] ApiDb:259 - Overriding images path with different value:  => C:\ST\STM32CubeIDE_1.13.0\STM32CubeIDE\plugins\com.st.stm32cube.common.mx_6.9.0.202307051724\\db\/plugins/mcufinder/images/
2023-10-18 07:16:48,012 [INFO] ApiDb:250 - Set database path to: C:\Users\Amit Tayade\.stmcufinder\plugins\mcufinder//mcu/
2023-10-18 07:16:48,013 [INFO] DbMcusAds:125 - Set database path to: C:\Users\Amit Tayade\.stmcufinder\plugins\mcufinder//mcu/
2023-10-18 07:16:48,015 [INFO] CrossReferenceDbSqlite:203 - Set database path to: C:\Users\Amit Tayade\.stmcufinder\plugins\mcufinder//mcu/cs/
2023-10-18 07:16:48,131 [INFO] RulesReader:64 - Compatibility file has been processed (293 Rules)
2023-10-18 07:16:48,207 [INFO] DbMcusXml:78 - Set database path to: C:\ST\STM32CubeIDE_1.13.0\STM32CubeIDE\plugins\com.st.stm32cube.common.mx_6.9.0.202307051724\\db\/mcu/
2023-10-18 07:16:48,207 [INFO] ApiDb:274 - Set plugin database path to: C:\ST\STM32CubeIDE_1.13.0\STM32CubeIDE\plugins\com.st.stm32cube.common.mx_6.9.0.202307051724\\db\/plugins/boardmanager/
2023-10-18 07:16:48,207 [INFO] ApiDb:261 - Set plugin images path to: C:\ST\STM32CubeIDE_1.13.0\STM32CubeIDE\plugins\com.st.stm32cube.common.mx_6.9.0.202307051724\\db\/plugins/mcufinder/images/
2023-10-18 07:16:48,208 [WARN] DbFile:41 - Overriding database path with different value: C:\Users\Amit Tayade\.stmcufinder\plugins\mcufinder/ => C:\Users\Amit Tayade\.stmcufinder\plugins\mcufinder
2023-10-18 07:16:48,208 [INFO] ApiDb:250 - Set database path to: C:\Users\Amit Tayade\.stmcufinder\plugins\mcufinder//mcu/
2023-10-18 07:16:48,208 [WARN] DbFile:41 - Overriding database path with different value: C:\Users\Amit Tayade\.stmcufinder\plugins\mcufinder/ => C:\Users\Amit Tayade\.stmcufinder\plugins\mcufinder
2023-10-18 07:16:48,208 [INFO] DbMcusAds:125 - Set database path to: C:\Users\Amit Tayade\.stmcufinder\plugins\mcufinder//mcu/
2023-10-18 07:16:48,208 [WARN] DbFile:41 - Overriding database path with different value: C:\Users\Amit Tayade\.stmcufinder\plugins\mcufinder/ => C:\Users\Amit Tayade\.stmcufinder\plugins\mcufinder
2023-10-18 07:16:48,209 [WARN] DbFile:41 - Overriding database path with different value: C:\Users\Amit Tayade\.stmcufinder\plugins\mcufinder/ => C:\Users\Amit Tayade\.stmcufinder\plugins\mcufinder
2023-10-18 07:16:48,209 [INFO] CrossReferenceDbSqlite:203 - Set database path to: C:\Users\Amit Tayade\.stmcufinder\plugins\mcufinder//mcu/cs/
2023-10-18 07:16:48,284 [INFO] MainPanel:262 - HeapMemory: 268435456
2023-10-18 07:16:48,355 [INFO] DbMcusXml:78 - Set database path to: C:\ST\STM32CubeIDE_1.13.0\STM32CubeIDE\plugins\com.st.stm32cube.common.mx_6.9.0.202307051724\\db\/mcu/
2023-10-18 07:16:48,355 [INFO] ApiDb:274 - Set plugin database path to: C:\ST\STM32CubeIDE_1.13.0\STM32CubeIDE\plugins\com.st.stm32cube.common.mx_6.9.0.202307051724\\db\/plugins/boardmanager/
2023-10-18 07:16:48,355 [INFO] ApiDb:261 - Set plugin images path to: C:\ST\STM32CubeIDE_1.13.0\STM32CubeIDE\plugins\com.st.stm32cube.common.mx_6.9.0.202307051724\\db\/plugins/mcufinder/images/
2023-10-18 07:16:48,356 [WARN] DbFile:41 - Overriding database path with different value: C:\Users\Amit Tayade\.stmcufinder\plugins\mcufinder/ => C:\Users\Amit Tayade\.stmcufinder\plugins\mcufinder
2023-10-18 07:16:48,356 [INFO] ApiDb:250 - Set database path to: C:\Users\Amit Tayade\.stmcufinder\plugins\mcufinder//mcu/
2023-10-18 07:16:48,356 [WARN] DbFile:41 - Overriding database path with different value: C:\Users\Amit Tayade\.stmcufinder\plugins\mcufinder/ => C:\Users\Amit Tayade\.stmcufinder\plugins\mcufinder
2023-10-18 07:16:48,356 [INFO] DbMcusAds:125 - Set database path to: C:\Users\Amit Tayade\.stmcufinder\plugins\mcufinder//mcu/
2023-10-18 07:16:48,356 [WARN] DbFile:41 - Overriding database path with different value: C:\Users\Amit Tayade\.stmcufinder\plugins\mcufinder/ => C:\Users\Amit Tayade\.stmcufinder\plugins\mcufinder
2023-10-18 07:16:48,356 [WARN] DbFile:41 - Overriding database path with different value: C:\Users\Amit Tayade\.stmcufinder\plugins\mcufinder/ => C:\Users\Amit Tayade\.stmcufinder\plugins\mcufinder
2023-10-18 07:16:48,357 [INFO] CrossReferenceDbSqlite:203 - Set database path to: C:\Users\Amit Tayade\.stmcufinder\plugins\mcufinder//mcu/cs/
2023-10-18 07:16:48,383 [INFO] ApplicationProperties:184 - Using Application install path: C:\ST\STM32CubeIDE_1.13.0\STM32CubeIDE\plugins\com.st.stm32cube.common.mx_6.9.0.202307051724
2023-10-18 07:16:48,385 [INFO] PluginManage:196 - Search for loadable plugins [exclusion list=, ]
2023-10-18 07:16:48,386 [INFO] PluginManage:310 - Check plugin analytics
2023-10-18 07:16:48,604 [INFO] AnalyticsPlugin:253 - Accepted Software Licenses: 
2023-10-18 07:16:48,604 [INFO] AnalyticsPlugin:255 - Accepted CMSIS Pack Licenses: 
2023-10-18 07:16:48,605 [INFO] AnalyticsPlugin:257 - Accepted Firmware Licenses: FW.F4.1.27.0
2023-10-18 07:16:48,608 [INFO] PluginManage:359 - Loaded plugin analytics (category:tool,tabindex:-1)
2023-10-18 07:16:48,608 [INFO] PluginManage:310 - Check plugin cadmodel
2023-10-18 07:16:48,612 [INFO] CADModel:105 - Init CAD model plugin
2023-10-18 07:16:48,612 [INFO] PluginManage:359 - Loaded plugin cadmodel (category:power,tabindex:5)
2023-10-18 07:16:48,612 [INFO] PluginManage:310 - Check plugin clock
2023-10-18 07:16:48,622 [INFO] PluginManage:359 - Loaded plugin clock (category:base,tabindex:2)
2023-10-18 07:16:48,623 [INFO] PluginManage:310 - Check plugin ddr
2023-10-18 07:16:48,626 [INFO] PluginManage:359 - Loaded plugin ddr (category:tool,tabindex:6)
2023-10-18 07:16:48,626 [INFO] PluginManage:310 - Check plugin filemanager
2023-10-18 07:16:48,825 [INFO] PluginManage:359 - Loaded plugin filemanager (category:base,tabindex:10)
2023-10-18 07:16:48,825 [INFO] PluginManage:310 - Check plugin ipmanager
2023-10-18 07:16:48,835 [INFO] PluginManage:359 - Loaded plugin ipmanager (category:base,tabindex:5)
2023-10-18 07:16:48,835 [INFO] PluginManage:310 - Check plugin lpbam
2023-10-18 07:16:48,843 [INFO] PluginManage:359 - Loaded plugin lpbam (category:base,tabindex:0)
2023-10-18 07:16:48,843 [INFO] PluginManage:310 - Check plugin memorymap
2023-10-18 07:16:48,853 [INFO] PluginManage:359 - Loaded plugin memorymap (category:base,tabindex:4)
2023-10-18 07:16:48,853 [INFO] PluginManage:310 - Check plugin pinoutandconfiguration
2023-10-18 07:16:48,860 [INFO] PluginManage:359 - Loaded plugin pinoutandconfiguration (category:base,tabindex:1)
2023-10-18 07:16:48,860 [INFO] PluginManage:310 - Check plugin pinoutconfig
2023-10-18 07:16:48,950 [WARN] SupportedApi:132 - Cannot load RTOS API schema: s4s-elt-must-match.1: The content of 'definitions' must match (annotation?, (simpleType | complexType)?, (unique | key | keyref)*)). A problem was found starting at: attribute.
2023-10-18 07:16:49,091 [INFO] PluginManage:359 - Loaded plugin pinoutconfig (category:base,tabindex:0)
2023-10-18 07:16:49,092 [INFO] PluginManage:310 - Check plugin power
2023-10-18 07:16:49,106 [INFO] PluginManage:359 - Loaded plugin power (category:power,tabindex:4)
2023-10-18 07:16:49,106 [INFO] PluginManage:310 - Check plugin projectmanager
2023-10-18 07:16:49,120 [INFO] PluginManage:359 - Loaded plugin projectmanager (category:projectmanager,tabindex:3)
2023-10-18 07:16:49,120 [INFO] PluginManage:310 - Check plugin thirdparty
2023-10-18 07:16:49,250 [WARN] IntegrityCheckThread:84 - waiting for thirdparty lock release [integrity check]
2023-10-18 07:16:49,250 [INFO] PluginManage:359 - Loaded plugin thirdparty (category:base,tabindex:-1)
2023-10-18 07:16:49,250 [INFO] IntegrityCheckThread:86 - entering critical section [integrity check]
2023-10-18 07:16:49,250 [INFO] PluginManage:310 - Check plugin tools
2023-10-18 07:16:49,251 [INFO] ThirdPartyUpdaterWithRetryManager:70 - Updater plugin not ready yet. [1/15]
2023-10-18 07:16:49,253 [INFO] PluginManage:359 - Loaded plugin tools (category:base,tabindex:7)
2023-10-18 07:16:49,253 [INFO] PluginManage:310 - Check plugin tutovideos
2023-10-18 07:16:49,407 [INFO] PluginManage:359 - Loaded plugin tutovideos (category:base,tabindex:-1)
2023-10-18 07:16:49,407 [INFO] PluginManage:310 - Check plugin updater
2023-10-18 07:16:49,418 [INFO] PluginManage:359 - Loaded plugin updater (category:base,tabindex:12)
2023-10-18 07:16:49,418 [INFO] PluginManage:310 - Check plugin userauth
2023-10-18 07:16:49,423 [INFO] UserAuth:113 - Init User Auth plugin
2023-10-18 07:16:49,423 [INFO] PluginManage:359 - Loaded plugin userauth (category:base,tabindex:14)
2023-10-18 07:16:49,424 [INFO] PluginManage:283 - PluginManage : Loaded plugins [17]
2023-10-18 07:16:49,640 [INFO] PinOutPanel:1499 - setPackage(No Configuration,No Configuration)
2023-10-18 07:16:49,756 [INFO] CADModel:165 - CPN selected for project level
2023-10-18 07:16:49,756 [INFO] CADModel:114 - Register for checkConnection events
2023-10-18 07:16:49,771 [INFO] IPUIPlugin:80 - create IPUIPlugin
2023-10-18 07:16:49,771 [INFO] PluginManager:220 - loadIPPluginJar : add adc
2023-10-18 07:16:49,774 [INFO] IPUIPlugin:80 - create IPUIPlugin
2023-10-18 07:16:49,774 [INFO] PluginManager:220 - loadIPPluginJar : add aes
2023-10-18 07:16:49,777 [INFO] IPUIPlugin:80 - create IPUIPlugin
2023-10-18 07:16:49,777 [INFO] PluginManager:220 - loadIPPluginJar : add can
2023-10-18 07:16:49,779 [INFO] IPUIPlugin:80 - create IPUIPlugin
2023-10-18 07:16:49,779 [INFO] PluginManager:220 - loadIPPluginJar : add comp
2023-10-18 07:16:49,782 [INFO] IPUIPlugin:80 - create IPUIPlugin
2023-10-18 07:16:49,782 [INFO] PluginManager:220 - loadIPPluginJar : add cryp
2023-10-18 07:16:49,786 [INFO] IPUIPlugin:80 - create IPUIPlugin
2023-10-18 07:16:49,786 [INFO] PluginManager:220 - loadIPPluginJar : add dfsdm
2023-10-18 07:16:49,795 [INFO] IPUIPlugin:80 - create IPUIPlugin
2023-10-18 07:16:49,795 [INFO] PluginManager:220 - loadIPPluginJar : add dma
2023-10-18 07:16:49,798 [INFO] IPUIPlugin:80 - create IPUIPlugin
2023-10-18 07:16:49,799 [INFO] PluginManager:220 - loadIPPluginJar : add dma3
2023-10-18 07:16:49,800 [INFO] IPUIPlugin:80 - create IPUIPlugin
2023-10-18 07:16:49,800 [INFO] PluginManager:220 - loadIPPluginJar : add fatfs
2023-10-18 07:16:49,805 [INFO] IPUIPlugin:80 - create IPUIPlugin
2023-10-18 07:16:49,805 [INFO] PluginManager:220 - loadIPPluginJar : add fmc
2023-10-18 07:16:49,809 [INFO] IPUIPlugin:80 - create IPUIPlugin
2023-10-18 07:16:49,809 [INFO] PluginManager:220 - loadIPPluginJar : add freertos
2023-10-18 07:16:49,811 [INFO] IPUIPlugin:80 - create IPUIPlugin
2023-10-18 07:16:49,811 [INFO] PluginManager:220 - loadIPPluginJar : add genericplugin
2023-10-18 07:16:49,812 [INFO] IPUIPlugin:80 - create IPUIPlugin
2023-10-18 07:16:49,813 [INFO] PluginManager:220 - loadIPPluginJar : add gfxmmu
2023-10-18 07:16:49,817 [INFO] IPUIPlugin:80 - create IPUIPlugin
2023-10-18 07:16:49,817 [INFO] PluginManager:220 - loadIPPluginJar : add gic
2023-10-18 07:16:49,821 [INFO] IPUIPlugin:80 - create IPUIPlugin
2023-10-18 07:16:49,821 [INFO] PluginManager:220 - loadIPPluginJar : add gpio
2023-10-18 07:16:49,824 [INFO] IPUIPlugin:80 - create IPUIPlugin
2023-10-18 07:16:49,824 [INFO] PluginManager:220 - loadIPPluginJar : add gtzc
2023-10-18 07:16:49,826 [INFO] IPUIPlugin:80 - create IPUIPlugin
2023-10-18 07:16:49,826 [INFO] PluginManager:220 - loadIPPluginJar : add hash
2023-10-18 07:16:49,828 [INFO] IPUIPlugin:80 - create IPUIPlugin
2023-10-18 07:16:49,829 [INFO] PluginManager:220 - loadIPPluginJar : add i2c
2023-10-18 07:16:49,831 [INFO] IPUIPlugin:80 - create IPUIPlugin
2023-10-18 07:16:49,831 [INFO] PluginManager:220 - loadIPPluginJar : add i2s
2023-10-18 07:16:49,834 [INFO] IPUIPlugin:80 - create IPUIPlugin
2023-10-18 07:16:49,834 [INFO] PluginManager:220 - loadIPPluginJar : add i3c
2023-10-18 07:16:49,837 [INFO] IPUIPlugin:80 - create IPUIPlugin
2023-10-18 07:16:49,837 [INFO] PluginManager:220 - loadIPPluginJar : add ipddr
2023-10-18 07:16:49,844 [INFO] IPUIPlugin:80 - create IPUIPlugin
2023-10-18 07:16:49,844 [INFO] PluginManager:220 - loadIPPluginJar : add linkedlist
2023-10-18 07:16:49,846 [INFO] IPUIPlugin:80 - create IPUIPlugin
2023-10-18 07:16:49,846 [INFO] PluginManager:220 - loadIPPluginJar : add lorawan
2023-10-18 07:16:49,847 [INFO] IPUIPlugin:80 - create IPUIPlugin
2023-10-18 07:16:49,847 [INFO] PluginManager:220 - loadIPPluginJar : add ltdc
2023-10-18 07:16:49,852 [INFO] IPUIPlugin:80 - create IPUIPlugin
2023-10-18 07:16:49,853 [INFO] PluginManager:220 - loadIPPluginJar : add mdma
2023-10-18 07:16:49,855 [INFO] IPUIPlugin:80 - create IPUIPlugin
2023-10-18 07:16:49,856 [INFO] PluginManager:220 - loadIPPluginJar : add nvic
2023-10-18 07:16:49,858 [INFO] IPUIPlugin:80 - create IPUIPlugin
2023-10-18 07:16:49,858 [INFO] PluginManager:220 - loadIPPluginJar : add opamp
2023-10-18 07:16:49,860 [INFO] IPUIPlugin:80 - create IPUIPlugin
2023-10-18 07:16:49,861 [INFO] PluginManager:220 - loadIPPluginJar : add openamp
2023-10-18 07:16:49,863 [INFO] IPUIPlugin:80 - create IPUIPlugin
2023-10-18 07:16:49,863 [INFO] PluginManager:220 - loadIPPluginJar : add pdm2pcm
2023-10-18 07:16:49,869 [INFO] IPUIPlugin:80 - create IPUIPlugin
2023-10-18 07:16:49,872 [INFO] PluginManager:220 - loadIPPluginJar : add plateformsettings
2023-10-18 07:16:49,874 [INFO] IPUIPlugin:80 - create IPUIPlugin
2023-10-18 07:16:49,875 [INFO] PluginManager:220 - loadIPPluginJar : add quadspi
2023-10-18 07:16:49,878 [INFO] IPUIPlugin:80 - create IPUIPlugin
2023-10-18 07:16:49,878 [INFO] PluginManager:220 - loadIPPluginJar : add resmgrutility
2023-10-18 07:16:49,881 [INFO] IPUIPlugin:80 - create IPUIPlugin
2023-10-18 07:16:49,882 [INFO] PluginManager:220 - loadIPPluginJar : add sai
2023-10-18 07:16:49,884 [INFO] IPUIPlugin:80 - create IPUIPlugin
2023-10-18 07:16:49,884 [INFO] PluginManager:220 - loadIPPluginJar : add spi
2023-10-18 07:16:49,890 [INFO] IPUIPlugin:80 - create IPUIPlugin
2023-10-18 07:16:49,890 [INFO] PluginManager:220 - loadIPPluginJar : add stm32_wpan
2023-10-18 07:16:49,892 [INFO] IPUIPlugin:80 - create IPUIPlugin
2023-10-18 07:16:49,892 [INFO] PluginManager:220 - loadIPPluginJar : add tim
2023-10-18 07:16:49,895 [INFO] IPUIPlugin:80 - create IPUIPlugin
2023-10-18 07:16:49,895 [INFO] PluginManager:220 - loadIPPluginJar : add touchsensing
2023-10-18 07:16:49,897 [INFO] IPUIPlugin:80 - create IPUIPlugin
2023-10-18 07:16:49,897 [INFO] PluginManager:220 - loadIPPluginJar : add tracer_emb
2023-10-18 07:16:49,899 [INFO] IPUIPlugin:80 - create IPUIPlugin
2023-10-18 07:16:49,899 [INFO] PluginManager:220 - loadIPPluginJar : add ts
2023-10-18 07:16:49,900 [INFO] IPUIPlugin:80 - create IPUIPlugin
2023-10-18 07:16:49,900 [INFO] PluginManager:220 - loadIPPluginJar : add tsc
2023-10-18 07:16:49,902 [INFO] IPUIPlugin:80 - create IPUIPlugin
2023-10-18 07:16:49,902 [INFO] PluginManager:220 - loadIPPluginJar : add ucpd
2023-10-18 07:16:49,905 [INFO] IPUIPlugin:80 - create IPUIPlugin
2023-10-18 07:16:49,905 [INFO] PluginManager:220 - loadIPPluginJar : add usart
2023-10-18 07:16:49,909 [INFO] IPUIPlugin:80 - create IPUIPlugin
2023-10-18 07:16:49,909 [INFO] PluginManager:220 - loadIPPluginJar : add usbx
2023-10-18 07:16:50,043 [INFO] CADModel:165 - CPN selected for project level
2023-10-18 07:16:50,044 [INFO] CADModel:114 - Register for checkConnection events
2023-10-18 07:16:50,044 [FATAL] Updater:308 - Updater called before beeing initialized
2023-10-18 07:16:50,045 [ERROR] CADModel:125 - Updater not yet initialized, retry later 
2023-10-18 07:16:50,226 [INFO] CADModel:165 - CPN selected for project level
2023-10-18 07:16:50,226 [INFO] CADModel:114 - Register for checkConnection events
2023-10-18 07:16:50,227 [FATAL] Updater:308 - Updater called before beeing initialized
2023-10-18 07:16:50,227 [ERROR] CADModel:125 - Updater not yet initialized, retry later 
2023-10-18 07:16:50,231 [FATAL] Updater:308 - Updater called before beeing initialized
2023-10-18 07:16:50,341 [FATAL] Updater:308 - Updater called before beeing initialized
2023-10-18 07:16:50,350 [INFO] DbMcusAds:53 - JSON generation date=Tue Mar 07 14:20:55 IST 2023 (1678179055114)
2023-10-18 07:16:50,351 [FATAL] Updater:308 - Updater called before beeing initialized
2023-10-18 07:16:50,385 [WARN] DetailPanel:346 - Failed to get advertising image, set to default
2023-10-18 07:16:50,510 [FATAL] Updater:308 - Updater called before beeing initialized
2023-10-18 07:16:50,512 [FATAL] Updater:308 - Updater called before beeing initialized
2023-10-18 07:16:50,513 [FATAL] Updater:308 - Updater called before beeing initialized
2023-10-18 07:16:50,513 [WARN] DetailPanel:346 - Failed to get advertising image, set to default
2023-10-18 07:16:50,514 [FATAL] Updater:308 - Updater called before beeing initialized
2023-10-18 07:16:50,569 [ERROR] Updater:1120 - MainUpdater not yet initialized. External WinMGr cannot be set.
2023-10-18 07:16:50,572 [INFO] Updater:1056 - Updater Version found : 6.9.0
2023-10-18 07:16:50,597 [INFO] ApplicationProperties:184 - Using Application install path: C:\ST\STM32CubeIDE_1.13.0\STM32CubeIDE\plugins\com.st.stm32cube.common.mx_6.9.0.202307051724
2023-10-18 07:16:50,810 [INFO] MainUpdater:2868 - connection check result : 10
2023-10-18 07:16:50,811 [INFO] MainUpdater:285 - Updater Check For Update Now.
2023-10-18 07:16:50,811 [INFO] MicroXplorer:498 - Change Database Version : DB.6.0.90
2023-10-18 07:16:50,819 [INFO] McuFinderGlobals:63 - Set McuFinder mode to 2 (CubeIDE integrated)
2023-10-18 07:16:51,017 [INFO] CheckServerUpdateThread:120 - End of CheckServer Thread
2023-10-18 07:16:52,435 [WARN] PackLoader:240 - Cannot read IP mode file for STMicroelectronics.X-CUBE-SMBUS.2.1.0
2023-10-18 07:16:52,518 [WARN] PackLoader:240 - Cannot read IP mode file for STMicroelectronics.X-CUBE-AZRTOS-F7.1.1.0
2023-10-18 07:16:52,535 [WARN] PackLoader:240 - Cannot read IP mode file for STMicroelectronics.FP-SNS-MOTENV1.4.3.2
2023-10-18 07:16:52,553 [WARN] PackLoader:240 - Cannot read IP mode file for STMicroelectronics.X-CUBE-BLE1.6.2.4
2023-10-18 07:16:52,562 [WARN] PackLoader:240 - Cannot read IP mode file for STMicroelectronics.FP-SNS-FLIGHT1.5.0.2
2023-10-18 07:16:52,571 [WARN] PackLoader:240 - Cannot read IP mode file for STMicroelectronics.X-CUBE-DISPLAY.3.0.0
2023-10-18 07:16:52,584 [WARN] PackLoader:240 - Cannot read IP mode file for STMicroelectronics.X-CUBE-BLE1.7.0.0
2023-10-18 07:16:52,592 [WARN] PackLoader:240 - Cannot read IP mode file for emotas.I-CUBE-CANOPEN.1.3.0
2023-10-18 07:16:52,598 [WARN] PackLoader:240 - Cannot read IP mode file for STMicroelectronics.X-CUBE-TOUCHGFX.4.22.0
2023-10-18 07:16:52,602 [WARN] PackLoader:240 - Cannot read IP mode file for STMicroelectronics.X-CUBE-TOUCHGFX.4.22.1
2023-10-18 07:16:52,607 [WARN] PackLoader:240 - Cannot read IP mode file for STMicroelectronics.FP-SNS-SMARTAG2.1.2.0
2023-10-18 07:16:52,620 [INFO] LogOutputStream:77 - [STDOUT_REDIRECT] 1 : Invalid condition id : UX_CORESTACK_Condition cause : null
2023-10-18 07:16:52,621 [INFO] LogOutputStream:77 - [STDOUT_REDIRECT] 1 : Invalid condition id : UX_CORESTACK_Condition cause : null
2023-10-18 07:16:52,622 [INFO] LogOutputStream:77 - [STDOUT_REDIRECT] 1 : Invalid condition id : UX_CORESTACK_Condition cause : null
2023-10-18 07:16:52,623 [INFO] LogOutputStream:77 - [STDOUT_REDIRECT] 1 : Invalid condition id : UX_CORESTACK_Condition cause : null
2023-10-18 07:16:52,624 [INFO] LogOutputStream:77 - [STDOUT_REDIRECT] 1 : Invalid condition id : UX_CORESTACK_Condition cause : null
2023-10-18 07:16:52,628 [WARN] PackLoader:240 - Cannot read IP mode file for STMicroelectronics.X-CUBE-AZRTOS-WL.2.0.0
2023-10-18 07:16:52,637 [WARN] PackLoader:240 - Cannot read IP mode file for WES.I-CUBE-Cesium.1.3.0
2023-10-18 07:16:52,642 [WARN] PackLoader:240 - Cannot read IP mode file for STMicroelectronics.X-CUBE-BLE2.3.3.0
2023-10-18 07:16:52,647 [WARN] PackLoader:240 - Cannot read IP mode file for STMicroelectronics.X-CUBE-ALGOBUILD.1.3.0
2023-10-18 07:16:52,663 [WARN] PackLoader:240 - Cannot read IP mode file for STMicroelectronics.X-CUBE-AZRTOS-G0.1.1.0
2023-10-18 07:16:52,671 [WARN] PackLoader:240 - Cannot read IP mode file for STMicroelectronics.X-CUBE-NFC4.3.0.0
2023-10-18 07:16:52,686 [WARN] PackLoader:240 - Cannot read IP mode file for STMicroelectronics.FP-ATR-SIGFOX1.3.2.0
2023-10-18 07:16:52,725 [WARN] PackLoader:240 - Cannot read IP mode file for SEGGER.I-CUBE-embOS.1.3.1
2023-10-18 07:16:52,777 [WARN] PackLoader:240 - Cannot read IP mode file for STMicroelectronics.X-CUBE-GNSS1.6.0.0
2023-10-18 07:16:52,792 [WARN] PackLoader:240 - Cannot read IP mode file for STMicroelectronics.X-CUBE-AZRTOS-F4.1.1.0
2023-10-18 07:16:52,798 [WARN] PackLoader:240 - Cannot read IP mode file for wolfSSL.I-CUBE-wolfSSL.5.6.3
2023-10-18 07:16:52,814 [WARN] PackLoader:240 - Cannot read IP mode file for STMicroelectronics.X-CUBE-AZRTOS-L5.2.0.0
2023-10-18 07:16:52,869 [WARN] PackLoader:240 - Cannot read IP mode file for STMicroelectronics.X-CUBE-MEMS1.9.6.0
2023-10-18 07:16:53,087 [WARN] PackLoader:240 - Cannot read IP mode file for ITTIA_DB.I-CUBE-ITTIADB.8.8.0
2023-10-18 07:16:53,096 [WARN] PackLoader:240 - Cannot read IP mode file for STMicroelectronics.X-CUBE-BLEMGR.2.0.0
2023-10-18 07:16:53,111 [WARN] ConditionMgr:438 - getConditionDescription Invalid condition id : UX DEVICE CLASS RTOS Condition cause : null
2023-10-18 07:16:53,111 [WARN] ConditionMgr:438 - getConditionDescription Invalid condition id : UX DEVICE CLASS RTOS Condition cause : null
2023-10-18 07:16:53,113 [WARN] PackLoader:240 - Cannot read IP mode file for STMicroelectronics.X-CUBE-AZRTOS-H7.3.1.0
2023-10-18 07:16:53,115 [WARN] ConditionMgr:1039 - genDependencies : Invalid condition id : UX DEVICE CLASS RTOS Condition cause : null
2023-10-18 07:16:53,115 [WARN] ConditionMgr:1039 - genDependencies : Invalid condition id : UX DEVICE CLASS RTOS Condition cause : null
2023-10-18 07:16:53,115 [WARN] ConditionMgr:1039 - genDependencies : Invalid condition id : UX DEVICE CLASS RTOS Condition cause : null
2023-10-18 07:16:53,116 [WARN] ConditionMgr:1039 - genDependencies : Invalid condition id : UX DEVICE CLASS RTOS Condition cause : null
2023-10-18 07:16:53,116 [WARN] ConditionMgr:1039 - genDependencies : Invalid condition id : UX DEVICE CLASS RTOS Condition cause : null
2023-10-18 07:16:53,120 [WARN] PackLoader:240 - Cannot read IP mode file for STMicroelectronics.X-CUBE-NFC7.1.0.1
2023-10-18 07:16:53,127 [WARN] PackLoader:240 - Cannot read IP mode file for STMicroelectronics.X-CUBE-NFC6.3.0.0
2023-10-18 07:16:53,133 [WARN] PackLoader:240 - Cannot read IP mode file for STMicroelectronics.X-CUBE-EEPRMA1.4.1.0
2023-10-18 07:16:53,137 [WARN] PackLoader:240 - Cannot read IP mode file for STMicroelectronics.X-CUBE-AI.8.1.0
2023-10-18 07:16:53,154 [WARN] ConditionMgr:438 - getConditionDescription Invalid condition id : LAN8742 Phy interface Condition cause : null
2023-10-18 07:16:53,156 [WARN] PackLoader:240 - Cannot read IP mode file for STMicroelectronics.X-CUBE-AZRTOS-L4.2.0.0
2023-10-18 07:16:53,158 [WARN] ConditionMgr:1039 - genDependencies : Invalid condition id : LAN8742 Phy interface Condition cause : null
2023-10-18 07:16:53,158 [WARN] ConditionMgr:1039 - genDependencies : Invalid condition id : LAN8742 Phy interface Condition cause : null
2023-10-18 07:16:53,159 [WARN] ConditionMgr:1039 - genDependencies : Invalid condition id : LAN8742 Phy interface Condition cause : null
2023-10-18 07:16:53,167 [WARN] PackLoader:240 - Cannot read IP mode file for STMicroelectronics.X-CUBE-SFXS2LP1.4.0.0
2023-10-18 07:16:53,173 [WARN] PackLoader:240 - Cannot read IP mode file for STMicroelectronics.X-CUBE-ISPU.1.1.0
2023-10-18 07:16:53,185 [WARN] ConditionMgr:438 - getConditionDescription Invalid condition id : UX DEVICE CLASS RTOS Condition cause : null
2023-10-18 07:16:53,185 [WARN] ConditionMgr:438 - getConditionDescription Invalid condition id : UX DEVICE CLASS RTOS Condition cause : null
2023-10-18 07:16:53,188 [WARN] PackLoader:240 - Cannot read IP mode file for STMicroelectronics.X-CUBE-AZRTOS-WB.2.0.0
2023-10-18 07:16:53,189 [WARN] ConditionMgr:1039 - genDependencies : Invalid condition id : UX DEVICE CLASS RTOS Condition cause : null
2023-10-18 07:16:53,189 [WARN] ConditionMgr:1039 - genDependencies : Invalid condition id : UX DEVICE CLASS RTOS Condition cause : null
2023-10-18 07:16:53,190 [WARN] ConditionMgr:1039 - genDependencies : Invalid condition id : UX DEVICE CLASS RTOS Condition cause : null
2023-10-18 07:16:53,190 [WARN] ConditionMgr:1039 - genDependencies : Invalid condition id : UX DEVICE CLASS RTOS Condition cause : null
2023-10-18 07:16:53,190 [WARN] ConditionMgr:1039 - genDependencies : Invalid condition id : UX DEVICE CLASS RTOS Condition cause : null
2023-10-18 07:16:53,201 [WARN] PackLoader:240 - Cannot read IP mode file for STMicroelectronics.X-CUBE-FREERTOS.1.0.1
2023-10-18 07:16:53,215 [WARN] PackLoader:240 - Cannot read IP mode file for STMicroelectronics.X-CUBE-AZRTOS-L5.1.1.0
2023-10-18 07:16:53,221 [WARN] PackLoader:240 - Cannot read IP mode file for STMicroelectronics.X-CUBE-AI.8.0.1
2023-10-18 07:16:53,237 [WARN] PackLoader:240 - Cannot read IP mode file for STMicroelectronics.X-CUBE-SUBG2.5.0.0
2023-10-18 07:16:53,249 [WARN] PackLoader:240 - Cannot read IP mode file for STMicroelectronics.X-CUBE-TOF1.3.3.1
2023-10-18 07:16:53,265 [WARN] PackLoader:240 - Cannot read IP mode file for STMicroelectronics.X-CUBE-AZRTOS-G4.2.0.0
2023-10-18 07:16:53,277 [WARN] PackLoader:240 - Cannot read IP mode file for Infineon.AIROC-Wi-Fi-Bluetooth-STM32.1.5.1
2023-10-18 07:16:53,287 [WARN] PackLoader:240 - Cannot read IP mode file for STMicroelectronics.X-CUBE-FREERTOS.1.1.0
2023-10-18 07:16:53,292 [WARN] PackLoader:240 - Cannot read IP mode file for portGmbH.I-Cube-SoM-uGOAL.1.1.0
2023-10-18 07:16:53,295 [WARN] PackLoader:240 - Cannot read IP mode file for STMicroelectronics.X-CUBE-ALS.1.0.1
2023-10-18 07:16:53,308 [WARN] PackLoader:240 - Cannot read IP mode file for STMicroelectronics.X-CUBE-AZRTOS-WB.1.1.0
2023-10-18 07:16:53,314 [WARN] PackLoader:240 - Cannot read IP mode file for STMicroelectronics.FP-ATR-ASTRA1.2.0.0
2023-10-18 07:16:53,315 [INFO] ThirdParty:978 - Integrity check success = true
2023-10-18 07:16:53,315 [INFO] IntegrityCheckThread:100 - exiting critical section [integrity check]
2023-10-18 07:16:53,315 [INFO] IntegrityCheckThread:103 - End integrity checks thread
2023-10-18 07:17:11,864 [ERROR] LogOutputStream:75 - [STDERR_REDIRECT] SLF4J: Failed to load class "org.slf4j.impl.StaticLoggerBinder".
2023-10-18 07:17:11,864 [ERROR] LogOutputStream:75 - [STDERR_REDIRECT] SLF4J: Defaulting to no-operation (NOP) logger implementation
2023-10-18 07:17:11,865 [ERROR] LogOutputStream:75 - [STDERR_REDIRECT] SLF4J: See http://www.slf4j.org/codes.html#StaticLoggerBinder for further details.
