2024-10-04 18:42:37,723 [INFO] Activator:176 - 


2024-10-04 18:42:37,729 [INFO] Activator:177 - !SESSION log4j initialized
2024-10-04 18:42:44,873 [INFO] LogOutputStream:77 - [STDOUT_REDIRECT] 
2024-10-04 18:42:48,136 [INFO] ApplicationProperties:184 - Using Application install path: C:\ST\STM32CubeIDE_1.13.0\STM32CubeIDE\plugins\com.st.stm32cube.common.mx_6.9.0.202307051724
2024-10-04 18:42:48,168 [INFO] DbMcusXml:78 - Set database path to: C:\ST\STM32CubeIDE_1.13.0\STM32CubeIDE\plugins\com.st.stm32cube.common.mx_6.9.0.202307051724\\db\/mcu/
2024-10-04 18:42:48,168 [INFO] ApiDb:274 - Set plugin database path to: C:\ST\STM32CubeIDE_1.13.0\STM32CubeIDE\plugins\com.st.stm32cube.common.mx_6.9.0.202307051724\\db\/plugins/boardmanager/
2024-10-04 18:42:48,168 [WARN] ApiDb:259 - Overriding images path with different value:  => C:\ST\STM32CubeIDE_1.13.0\STM32CubeIDE\plugins\com.st.stm32cube.common.mx_6.9.0.202307051724\\db\/plugins/mcufinder/images/
2024-10-04 18:42:48,183 [INFO] ApiDb:250 - Set database path to: C:\Users\Amit Tayade\.stmcufinder\plugins\mcufinder//mcu/
2024-10-04 18:42:48,183 [INFO] DbMcusAds:125 - Set database path to: C:\Users\Amit Tayade\.stmcufinder\plugins\mcufinder//mcu/
2024-10-04 18:42:48,183 [INFO] CrossReferenceDbSqlite:203 - Set database path to: C:\Users\Amit Tayade\.stmcufinder\plugins\mcufinder//mcu/cs/
2024-10-04 18:42:48,324 [INFO] RulesReader:64 - Compatibility file has been processed (293 Rules)
2024-10-04 18:42:48,419 [INFO] DbMcusXml:78 - Set database path to: C:\ST\STM32CubeIDE_1.13.0\STM32CubeIDE\plugins\com.st.stm32cube.common.mx_6.9.0.202307051724\\db\/mcu/
2024-10-04 18:42:48,419 [INFO] ApiDb:274 - Set plugin database path to: C:\ST\STM32CubeIDE_1.13.0\STM32CubeIDE\plugins\com.st.stm32cube.common.mx_6.9.0.202307051724\\db\/plugins/boardmanager/
2024-10-04 18:42:48,419 [INFO] ApiDb:261 - Set plugin images path to: C:\ST\STM32CubeIDE_1.13.0\STM32CubeIDE\plugins\com.st.stm32cube.common.mx_6.9.0.202307051724\\db\/plugins/mcufinder/images/
2024-10-04 18:42:48,419 [WARN] DbFile:41 - Overriding database path with different value: C:\Users\Amit Tayade\.stmcufinder\plugins\mcufinder/ => C:\Users\Amit Tayade\.stmcufinder\plugins\mcufinder
2024-10-04 18:42:48,419 [INFO] ApiDb:250 - Set database path to: C:\Users\Amit Tayade\.stmcufinder\plugins\mcufinder//mcu/
2024-10-04 18:42:48,419 [WARN] DbFile:41 - Overriding database path with different value: C:\Users\Amit Tayade\.stmcufinder\plugins\mcufinder/ => C:\Users\Amit Tayade\.stmcufinder\plugins\mcufinder
2024-10-04 18:42:48,419 [INFO] DbMcusAds:125 - Set database path to: C:\Users\Amit Tayade\.stmcufinder\plugins\mcufinder//mcu/
2024-10-04 18:42:48,419 [WARN] DbFile:41 - Overriding database path with different value: C:\Users\Amit Tayade\.stmcufinder\plugins\mcufinder/ => C:\Users\Amit Tayade\.stmcufinder\plugins\mcufinder
2024-10-04 18:42:48,419 [WARN] DbFile:41 - Overriding database path with different value: C:\Users\Amit Tayade\.stmcufinder\plugins\mcufinder/ => C:\Users\Amit Tayade\.stmcufinder\plugins\mcufinder
2024-10-04 18:42:48,419 [INFO] CrossReferenceDbSqlite:203 - Set database path to: C:\Users\Amit Tayade\.stmcufinder\plugins\mcufinder//mcu/cs/
2024-10-04 18:42:48,529 [INFO] MainPanel:262 - HeapMemory: 268435456
2024-10-04 18:42:48,662 [INFO] DbMcusXml:78 - Set database path to: C:\ST\STM32CubeIDE_1.13.0\STM32CubeIDE\plugins\com.st.stm32cube.common.mx_6.9.0.202307051724\\db\/mcu/
2024-10-04 18:42:48,662 [INFO] ApiDb:274 - Set plugin database path to: C:\ST\STM32CubeIDE_1.13.0\STM32CubeIDE\plugins\com.st.stm32cube.common.mx_6.9.0.202307051724\\db\/plugins/boardmanager/
2024-10-04 18:42:48,662 [INFO] ApiDb:261 - Set plugin images path to: C:\ST\STM32CubeIDE_1.13.0\STM32CubeIDE\plugins\com.st.stm32cube.common.mx_6.9.0.202307051724\\db\/plugins/mcufinder/images/
2024-10-04 18:42:48,662 [WARN] DbFile:41 - Overriding database path with different value: C:\Users\Amit Tayade\.stmcufinder\plugins\mcufinder/ => C:\Users\Amit Tayade\.stmcufinder\plugins\mcufinder
2024-10-04 18:42:48,662 [INFO] ApiDb:250 - Set database path to: C:\Users\Amit Tayade\.stmcufinder\plugins\mcufinder//mcu/
2024-10-04 18:42:48,662 [WARN] DbFile:41 - Overriding database path with different value: C:\Users\Amit Tayade\.stmcufinder\plugins\mcufinder/ => C:\Users\Amit Tayade\.stmcufinder\plugins\mcufinder
2024-10-04 18:42:48,662 [INFO] DbMcusAds:125 - Set database path to: C:\Users\Amit Tayade\.stmcufinder\plugins\mcufinder//mcu/
2024-10-04 18:42:48,662 [WARN] DbFile:41 - Overriding database path with different value: C:\Users\Amit Tayade\.stmcufinder\plugins\mcufinder/ => C:\Users\Amit Tayade\.stmcufinder\plugins\mcufinder
2024-10-04 18:42:48,662 [WARN] DbFile:41 - Overriding database path with different value: C:\Users\Amit Tayade\.stmcufinder\plugins\mcufinder/ => C:\Users\Amit Tayade\.stmcufinder\plugins\mcufinder
2024-10-04 18:42:48,662 [INFO] CrossReferenceDbSqlite:203 - Set database path to: C:\Users\Amit Tayade\.stmcufinder\plugins\mcufinder//mcu/cs/
2024-10-04 18:42:48,718 [INFO] ApplicationProperties:184 - Using Application install path: C:\ST\STM32CubeIDE_1.13.0\STM32CubeIDE\plugins\com.st.stm32cube.common.mx_6.9.0.202307051724
2024-10-04 18:42:48,718 [INFO] PluginManage:196 - Search for loadable plugins [exclusion list=, ]
2024-10-04 18:42:48,718 [INFO] PluginManage:310 - Check plugin analytics
2024-10-04 18:42:48,938 [INFO] AnalyticsPlugin:253 - Accepted Software Licenses: 
2024-10-04 18:42:48,938 [INFO] AnalyticsPlugin:255 - Accepted CMSIS Pack Licenses: STMicroelectronics.X-CUBE-TOUCHGFX.4.22.1
2024-10-04 18:42:48,938 [INFO] AnalyticsPlugin:257 - Accepted Firmware Licenses: FW.F4.1.27.0
2024-10-04 18:42:48,938 [INFO] PluginManage:359 - Loaded plugin analytics (category:tool,tabindex:-1)
2024-10-04 18:42:48,938 [INFO] PluginManage:310 - Check plugin cadmodel
2024-10-04 18:42:48,954 [INFO] CADModel:105 - Init CAD model plugin
2024-10-04 18:42:48,963 [INFO] PluginManage:359 - Loaded plugin cadmodel (category:power,tabindex:5)
2024-10-04 18:42:48,963 [INFO] PluginManage:310 - Check plugin clock
2024-10-04 18:42:48,985 [INFO] PluginManage:359 - Loaded plugin clock (category:base,tabindex:2)
2024-10-04 18:42:48,985 [INFO] PluginManage:310 - Check plugin ddr
2024-10-04 18:42:48,985 [INFO] PluginManage:359 - Loaded plugin ddr (category:tool,tabindex:6)
2024-10-04 18:42:48,985 [INFO] PluginManage:310 - Check plugin filemanager
2024-10-04 18:42:49,127 [INFO] PluginManage:359 - Loaded plugin filemanager (category:base,tabindex:10)
2024-10-04 18:42:49,127 [INFO] PluginManage:310 - Check plugin ipmanager
2024-10-04 18:42:49,146 [INFO] PluginManage:359 - Loaded plugin ipmanager (category:base,tabindex:5)
2024-10-04 18:42:49,146 [INFO] PluginManage:310 - Check plugin lpbam
2024-10-04 18:42:49,163 [INFO] PluginManage:359 - Loaded plugin lpbam (category:base,tabindex:0)
2024-10-04 18:42:49,163 [INFO] PluginManage:310 - Check plugin memorymap
2024-10-04 18:42:49,178 [INFO] PluginManage:359 - Loaded plugin memorymap (category:base,tabindex:4)
2024-10-04 18:42:49,178 [INFO] PluginManage:310 - Check plugin pinoutandconfiguration
2024-10-04 18:42:49,209 [INFO] PluginManage:359 - Loaded plugin pinoutandconfiguration (category:base,tabindex:1)
2024-10-04 18:42:49,209 [INFO] PluginManage:310 - Check plugin pinoutconfig
2024-10-04 18:42:49,346 [WARN] SupportedApi:132 - Cannot load RTOS API schema: s4s-elt-must-match.1: The content of 'definitions' must match (annotation?, (simpleType | complexType)?, (unique | key | keyref)*)). A problem was found starting at: attribute.
2024-10-04 18:42:49,524 [INFO] PluginManage:359 - Loaded plugin pinoutconfig (category:base,tabindex:0)
2024-10-04 18:42:49,524 [INFO] PluginManage:310 - Check plugin power
2024-10-04 18:42:49,556 [INFO] PluginManage:359 - Loaded plugin power (category:power,tabindex:4)
2024-10-04 18:42:49,556 [INFO] PluginManage:310 - Check plugin projectmanager
2024-10-04 18:42:49,564 [INFO] PluginManage:359 - Loaded plugin projectmanager (category:projectmanager,tabindex:3)
2024-10-04 18:42:49,572 [INFO] PluginManage:310 - Check plugin thirdparty
2024-10-04 18:42:49,949 [INFO] PluginManage:359 - Loaded plugin thirdparty (category:base,tabindex:-1)
2024-10-04 18:42:49,949 [WARN] IntegrityCheckThread:84 - waiting for thirdparty lock release [integrity check]
2024-10-04 18:42:49,956 [INFO] PluginManage:310 - Check plugin tools
2024-10-04 18:42:49,956 [INFO] IntegrityCheckThread:86 - entering critical section [integrity check]
2024-10-04 18:42:49,956 [INFO] ThirdPartyUpdaterWithRetryManager:70 - Updater plugin not ready yet. [1/15]
2024-10-04 18:42:49,988 [INFO] PluginManage:359 - Loaded plugin tools (category:base,tabindex:7)
2024-10-04 18:42:49,988 [INFO] PluginManage:310 - Check plugin tutovideos
2024-10-04 18:42:50,224 [INFO] PluginManage:359 - Loaded plugin tutovideos (category:base,tabindex:-1)
2024-10-04 18:42:50,224 [INFO] PluginManage:310 - Check plugin updater
2024-10-04 18:42:50,239 [INFO] PluginManage:359 - Loaded plugin updater (category:base,tabindex:12)
2024-10-04 18:42:50,239 [INFO] PluginManage:310 - Check plugin userauth
2024-10-04 18:42:50,239 [INFO] UserAuth:113 - Init User Auth plugin
2024-10-04 18:42:50,239 [INFO] PluginManage:359 - Loaded plugin userauth (category:base,tabindex:14)
2024-10-04 18:42:50,239 [INFO] PluginManage:283 - PluginManage : Loaded plugins [17]
2024-10-04 18:42:50,516 [INFO] PinOutPanel:1499 - setPackage(No Configuration,No Configuration)
2024-10-04 18:42:50,655 [INFO] CADModel:165 - CPN selected for project level
2024-10-04 18:42:50,655 [INFO] CADModel:114 - Register for checkConnection events
2024-10-04 18:42:50,686 [INFO] IPUIPlugin:80 - create IPUIPlugin
2024-10-04 18:42:50,686 [INFO] PluginManager:220 - loadIPPluginJar : add adc
2024-10-04 18:42:50,733 [INFO] IPUIPlugin:80 - create IPUIPlugin
2024-10-04 18:42:50,733 [INFO] PluginManager:220 - loadIPPluginJar : add aes
2024-10-04 18:42:50,781 [INFO] IPUIPlugin:80 - create IPUIPlugin
2024-10-04 18:42:50,781 [INFO] PluginManager:220 - loadIPPluginJar : add can
2024-10-04 18:42:50,812 [INFO] IPUIPlugin:80 - create IPUIPlugin
2024-10-04 18:42:50,812 [INFO] PluginManager:220 - loadIPPluginJar : add comp
2024-10-04 18:42:50,843 [INFO] IPUIPlugin:80 - create IPUIPlugin
2024-10-04 18:42:50,843 [INFO] PluginManager:220 - loadIPPluginJar : add cryp
2024-10-04 18:42:50,875 [INFO] IPUIPlugin:80 - create IPUIPlugin
2024-10-04 18:42:50,875 [INFO] PluginManager:220 - loadIPPluginJar : add dfsdm
2024-10-04 18:42:50,891 [INFO] IPUIPlugin:80 - create IPUIPlugin
2024-10-04 18:42:50,891 [INFO] PluginManager:220 - loadIPPluginJar : add dma
2024-10-04 18:42:50,971 [INFO] IPUIPlugin:80 - create IPUIPlugin
2024-10-04 18:42:50,971 [INFO] PluginManager:220 - loadIPPluginJar : add dma3
2024-10-04 18:42:50,985 [INFO] IPUIPlugin:80 - create IPUIPlugin
2024-10-04 18:42:50,985 [INFO] PluginManager:220 - loadIPPluginJar : add fatfs
2024-10-04 18:42:51,048 [INFO] IPUIPlugin:80 - create IPUIPlugin
2024-10-04 18:42:51,048 [INFO] PluginManager:220 - loadIPPluginJar : add fmc
2024-10-04 18:42:51,066 [INFO] IPUIPlugin:80 - create IPUIPlugin
2024-10-04 18:42:51,066 [INFO] PluginManager:220 - loadIPPluginJar : add freertos
2024-10-04 18:42:51,080 [INFO] IPUIPlugin:80 - create IPUIPlugin
2024-10-04 18:42:51,080 [INFO] PluginManager:220 - loadIPPluginJar : add genericplugin
2024-10-04 18:42:51,205 [INFO] IPUIPlugin:80 - create IPUIPlugin
2024-10-04 18:42:51,205 [INFO] PluginManager:220 - loadIPPluginJar : add gfxmmu
2024-10-04 18:42:51,372 [INFO] IPUIPlugin:80 - create IPUIPlugin
2024-10-04 18:42:51,372 [INFO] PluginManager:220 - loadIPPluginJar : add gic
2024-10-04 18:42:51,379 [INFO] IPUIPlugin:80 - create IPUIPlugin
2024-10-04 18:42:51,379 [INFO] PluginManager:220 - loadIPPluginJar : add gpio
2024-10-04 18:42:51,489 [INFO] IPUIPlugin:80 - create IPUIPlugin
2024-10-04 18:42:51,489 [INFO] PluginManager:220 - loadIPPluginJar : add gtzc
2024-10-04 18:42:51,536 [INFO] IPUIPlugin:80 - create IPUIPlugin
2024-10-04 18:42:51,536 [INFO] PluginManager:220 - loadIPPluginJar : add hash
2024-10-04 18:42:51,615 [INFO] IPUIPlugin:80 - create IPUIPlugin
2024-10-04 18:42:51,615 [INFO] PluginManager:220 - loadIPPluginJar : add i2c
2024-10-04 18:42:51,667 [INFO] IPUIPlugin:80 - create IPUIPlugin
2024-10-04 18:42:51,668 [INFO] PluginManager:220 - loadIPPluginJar : add i2s
2024-10-04 18:42:51,717 [INFO] IPUIPlugin:80 - create IPUIPlugin
2024-10-04 18:42:51,717 [INFO] PluginManager:220 - loadIPPluginJar : add i3c
2024-10-04 18:42:51,830 [INFO] IPUIPlugin:80 - create IPUIPlugin
2024-10-04 18:42:51,831 [INFO] PluginManager:220 - loadIPPluginJar : add ipddr
2024-10-04 18:42:51,940 [INFO] IPUIPlugin:80 - create IPUIPlugin
2024-10-04 18:42:51,940 [INFO] PluginManager:220 - loadIPPluginJar : add linkedlist
2024-10-04 18:42:51,972 [INFO] IPUIPlugin:80 - create IPUIPlugin
2024-10-04 18:42:51,972 [INFO] PluginManager:220 - loadIPPluginJar : add lorawan
2024-10-04 18:42:52,019 [INFO] IPUIPlugin:80 - create IPUIPlugin
2024-10-04 18:42:52,019 [INFO] PluginManager:220 - loadIPPluginJar : add ltdc
2024-10-04 18:42:52,034 [INFO] IPUIPlugin:80 - create IPUIPlugin
2024-10-04 18:42:52,034 [INFO] PluginManager:220 - loadIPPluginJar : add mdma
2024-10-04 18:42:52,050 [INFO] IPUIPlugin:80 - create IPUIPlugin
2024-10-04 18:42:52,050 [INFO] PluginManager:220 - loadIPPluginJar : add nvic
2024-10-04 18:42:52,082 [INFO] IPUIPlugin:80 - create IPUIPlugin
2024-10-04 18:42:52,082 [INFO] PluginManager:220 - loadIPPluginJar : add opamp
2024-10-04 18:42:52,144 [INFO] IPUIPlugin:80 - create IPUIPlugin
2024-10-04 18:42:52,144 [INFO] PluginManager:220 - loadIPPluginJar : add openamp
2024-10-04 18:42:52,192 [INFO] IPUIPlugin:80 - create IPUIPlugin
2024-10-04 18:42:52,192 [INFO] PluginManager:220 - loadIPPluginJar : add pdm2pcm
2024-10-04 18:42:52,207 [INFO] IPUIPlugin:80 - create IPUIPlugin
2024-10-04 18:42:52,207 [INFO] PluginManager:220 - loadIPPluginJar : add plateformsettings
2024-10-04 18:42:52,239 [INFO] IPUIPlugin:80 - create IPUIPlugin
2024-10-04 18:42:52,239 [INFO] PluginManager:220 - loadIPPluginJar : add quadspi
2024-10-04 18:42:52,239 [INFO] IPUIPlugin:80 - create IPUIPlugin
2024-10-04 18:42:52,239 [INFO] PluginManager:220 - loadIPPluginJar : add resmgrutility
2024-10-04 18:42:52,302 [INFO] IPUIPlugin:80 - create IPUIPlugin
2024-10-04 18:42:52,302 [INFO] PluginManager:220 - loadIPPluginJar : add sai
2024-10-04 18:42:52,349 [INFO] IPUIPlugin:80 - create IPUIPlugin
2024-10-04 18:42:52,349 [INFO] PluginManager:220 - loadIPPluginJar : add spi
2024-10-04 18:42:52,412 [INFO] IPUIPlugin:80 - create IPUIPlugin
2024-10-04 18:42:52,412 [INFO] PluginManager:220 - loadIPPluginJar : add stm32_wpan
2024-10-04 18:42:52,428 [INFO] IPUIPlugin:80 - create IPUIPlugin
2024-10-04 18:42:52,428 [INFO] PluginManager:220 - loadIPPluginJar : add tim
2024-10-04 18:42:52,506 [INFO] IPUIPlugin:80 - create IPUIPlugin
2024-10-04 18:42:52,506 [INFO] PluginManager:220 - loadIPPluginJar : add touchsensing
2024-10-04 18:42:52,522 [INFO] IPUIPlugin:80 - create IPUIPlugin
2024-10-04 18:42:52,522 [INFO] PluginManager:220 - loadIPPluginJar : add tracer_emb
2024-10-04 18:42:52,553 [INFO] IPUIPlugin:80 - create IPUIPlugin
2024-10-04 18:42:52,553 [INFO] PluginManager:220 - loadIPPluginJar : add ts
2024-10-04 18:42:52,584 [INFO] IPUIPlugin:80 - create IPUIPlugin
2024-10-04 18:42:52,584 [INFO] PluginManager:220 - loadIPPluginJar : add tsc
2024-10-04 18:42:52,600 [INFO] IPUIPlugin:80 - create IPUIPlugin
2024-10-04 18:42:52,600 [INFO] PluginManager:220 - loadIPPluginJar : add ucpd
2024-10-04 18:42:52,647 [INFO] IPUIPlugin:80 - create IPUIPlugin
2024-10-04 18:42:52,647 [INFO] PluginManager:220 - loadIPPluginJar : add usart
2024-10-04 18:42:52,679 [INFO] IPUIPlugin:80 - create IPUIPlugin
2024-10-04 18:42:52,679 [INFO] PluginManager:220 - loadIPPluginJar : add usbx
2024-10-04 18:42:52,814 [INFO] CADModel:165 - CPN selected for project level
2024-10-04 18:42:52,814 [INFO] CADModel:114 - Register for checkConnection events
2024-10-04 18:42:52,814 [FATAL] Updater:308 - Updater called before beeing initialized
2024-10-04 18:42:52,814 [ERROR] CADModel:125 - Updater not yet initialized, retry later 
2024-10-04 18:42:52,961 [INFO] ThirdPartyUpdaterWithRetryManager:70 - Updater plugin not ready yet. [2/15]
2024-10-04 18:42:52,980 [INFO] CADModel:165 - CPN selected for project level
2024-10-04 18:42:52,980 [INFO] CADModel:114 - Register for checkConnection events
2024-10-04 18:42:52,980 [FATAL] Updater:308 - Updater called before beeing initialized
2024-10-04 18:42:52,980 [ERROR] CADModel:125 - Updater not yet initialized, retry later 
2024-10-04 18:42:52,980 [FATAL] Updater:308 - Updater called before beeing initialized
2024-10-04 18:42:53,089 [FATAL] Updater:308 - Updater called before beeing initialized
2024-10-04 18:42:53,089 [INFO] DbMcusAds:53 - JSON generation date=Tue Mar 07 14:20:55 IST 2023 (1678179055114)
2024-10-04 18:42:53,089 [FATAL] Updater:308 - Updater called before beeing initialized
2024-10-04 18:42:53,136 [WARN] DetailPanel:346 - Failed to get advertising image, set to default
2024-10-04 18:42:53,230 [FATAL] Updater:308 - Updater called before beeing initialized
2024-10-04 18:42:53,230 [FATAL] Updater:308 - Updater called before beeing initialized
2024-10-04 18:42:53,230 [FATAL] Updater:308 - Updater called before beeing initialized
2024-10-04 18:42:53,230 [WARN] DetailPanel:346 - Failed to get advertising image, set to default
2024-10-04 18:42:53,230 [FATAL] Updater:308 - Updater called before beeing initialized
2024-10-04 18:42:53,298 [ERROR] Updater:1120 - MainUpdater not yet initialized. External WinMGr cannot be set.
2024-10-04 18:42:53,298 [INFO] Updater:1056 - Updater Version found : 6.9.0
2024-10-04 18:42:53,329 [INFO] ApplicationProperties:184 - Using Application install path: C:\ST\STM32CubeIDE_1.13.0\STM32CubeIDE\plugins\com.st.stm32cube.common.mx_6.9.0.202307051724
2024-10-04 18:42:53,575 [INFO] MainUpdater:2868 - connection check result : 10
2024-10-04 18:42:53,575 [INFO] MainUpdater:3562 - Updater definition file requires update
2024-10-04 18:42:53,577 [INFO] MainUpdater:285 - Updater Check For Update Now.
2024-10-04 18:42:53,577 [INFO] MicroXplorer:498 - Change Database Version : DB.6.0.90
2024-10-04 18:42:53,596 [INFO] McuFinderGlobals:63 - Set McuFinder mode to 2 (CubeIDE integrated)
2024-10-04 18:42:53,799 [INFO] ServerAccessManage:473 - Download File updaters.zip
2024-10-04 18:42:54,460 [INFO] FileExtend:240 - Unzip File : updaters.zip
2024-10-04 18:42:54,460 [INFO] FileExtend:255 - Standard Zip Deflate
2024-10-04 18:42:55,620 [INFO] ServerAccessManage:473 - Download File PacksControlFlags.xml
2024-10-04 18:42:55,939 [INFO] ServerAccessManage:473 - Download File cubemx.pidx
2024-10-04 18:42:55,968 [WARN] MainUpdater:1189 - Updater busy. Cannot search thirdparties
2024-10-04 18:42:55,968 [INFO] ThirdPartyUpdaterWithRetryManager:96 - Updater plugin is busy. [1/15]
2024-10-04 18:42:56,573 [INFO] ServerAccessManage:473 - Download File STMicroelectronics.FP-SNS-STBOX1.pdsc
2024-10-04 18:42:57,495 [INFO] ServerAccessManage:473 - Download File STMicroelectronics.FP-SNS-MOTENVWB1.pdsc
2024-10-04 18:42:58,294 [INFO] ServerAccessManage:473 - Download File STMicroelectronics.X-CUBE-AI.pdsc
2024-10-04 18:42:58,969 [WARN] MainUpdater:1189 - Updater busy. Cannot search thirdparties
2024-10-04 18:42:58,969 [INFO] ThirdPartyUpdaterWithRetryManager:96 - Updater plugin is busy. [2/15]
2024-10-04 18:43:01,963 [INFO] ServerAccessManage:473 - Download File STMicroelectronics.X-CUBE-ALS.pdsc
2024-10-04 18:43:01,973 [WARN] MainUpdater:1189 - Updater busy. Cannot search thirdparties
2024-10-04 18:43:01,973 [INFO] ThirdPartyUpdaterWithRetryManager:96 - Updater plugin is busy. [3/15]
2024-10-04 18:43:02,457 [INFO] ServerAccessManage:473 - Download File STMicroelectronics.X-CUBE-DPOWER.pdsc
2024-10-04 18:43:03,411 [ERROR] ServerAccessManage:1089 - Problem, file not found on Server
2024-10-04 18:43:04,056 [ERROR] ServerAccessManage:1089 - Problem, file not found on Server
2024-10-04 18:43:04,702 [ERROR] ServerAccessManage:1089 - Problem, file not found on Server
2024-10-04 18:43:04,973 [WARN] MainUpdater:1189 - Updater busy. Cannot search thirdparties
2024-10-04 18:43:04,973 [INFO] ThirdPartyUpdaterWithRetryManager:96 - Updater plugin is busy. [4/15]
2024-10-04 18:43:05,348 [ERROR] ServerAccessManage:1089 - Problem, file not found on Server
2024-10-04 18:43:06,042 [ERROR] ServerAccessManage:1089 - Problem, file not found on Server
2024-10-04 18:43:06,693 [ERROR] ServerAccessManage:1089 - Problem, file not found on Server
2024-10-04 18:43:07,347 [ERROR] ServerAccessManage:1089 - Problem, file not found on Server
2024-10-04 18:43:07,974 [WARN] MainUpdater:1189 - Updater busy. Cannot search thirdparties
2024-10-04 18:43:07,974 [INFO] ThirdPartyUpdaterWithRetryManager:96 - Updater plugin is busy. [5/15]
2024-10-04 18:43:07,985 [ERROR] ServerAccessManage:1089 - Problem, file not found on Server
2024-10-04 18:43:08,690 [ERROR] ServerAccessManage:1089 - Problem, file not found on Server
2024-10-04 18:43:08,887 [ERROR] ServerAccessManage:1089 - Problem, file not found on Server
2024-10-04 18:43:09,526 [ERROR] ServerAccessManage:1089 - Problem, file not found on Server
2024-10-04 18:43:09,759 [INFO] ServerAccessManage:473 - Download File STMicroelectronics.X-CUBE-FREERTOS.pdsc
2024-10-04 18:43:10,977 [WARN] MainUpdater:1189 - Updater busy. Cannot search thirdparties
2024-10-04 18:43:10,977 [INFO] ThirdPartyUpdaterWithRetryManager:96 - Updater plugin is busy. [6/15]
2024-10-04 18:43:11,027 [INFO] ServerAccessManage:473 - Download File STMicroelectronics.X-CUBE-GNSS1.pdsc
2024-10-04 18:43:13,787 [ERROR] ServerAccessManage:1089 - Problem, file not found on Server
2024-10-04 18:43:13,979 [WARN] MainUpdater:1189 - Updater busy. Cannot search thirdparties
2024-10-04 18:43:13,979 [INFO] ThirdPartyUpdaterWithRetryManager:96 - Updater plugin is busy. [7/15]
2024-10-04 18:43:14,366 [ERROR] ServerAccessManage:1089 - Problem, file not found on Server
2024-10-04 18:43:14,954 [ERROR] ServerAccessManage:1089 - Problem, file not found on Server
2024-10-04 18:43:15,544 [ERROR] ServerAccessManage:1089 - Problem, file not found on Server
2024-10-04 18:43:15,742 [ERROR] ServerAccessManage:1089 - Problem, file not found on Server
2024-10-04 18:43:15,976 [ERROR] LogOutputStream:75 - [STDERR_REDIRECT] SLF4J: Failed to load class "org.slf4j.impl.StaticLoggerBinder".
2024-10-04 18:43:15,991 [ERROR] LogOutputStream:75 - [STDERR_REDIRECT] SLF4J: Defaulting to no-operation (NOP) logger implementation
2024-10-04 18:43:15,994 [ERROR] LogOutputStream:75 - [STDERR_REDIRECT] SLF4J: See http://www.slf4j.org/codes.html#StaticLoggerBinder for further details.
2024-10-04 18:43:16,350 [ERROR] ServerAccessManage:1089 - Problem, file not found on Server
2024-10-04 18:43:16,979 [WARN] MainUpdater:1189 - Updater busy. Cannot search thirdparties
2024-10-04 18:43:16,979 [INFO] ThirdPartyUpdaterWithRetryManager:96 - Updater plugin is busy. [8/15]
2024-10-04 18:43:17,031 [INFO] ServerAccessManage:473 - Download File STMicroelectronics.X-CUBE-ISPU.pdsc
2024-10-04 18:43:17,346 [INFO] ServerAccessManage:473 - Download File STMicroelectronics.X-CUBE-IPS.pdsc
2024-10-04 18:43:17,598 [INFO] ServerAccessManage:473 - Download File STMicroelectronics.X-CUBE-MEMS1.pdsc
2024-10-04 18:43:19,980 [WARN] MainUpdater:1189 - Updater busy. Cannot search thirdparties
2024-10-04 18:43:19,980 [INFO] ThirdPartyUpdaterWithRetryManager:96 - Updater plugin is busy. [9/15]
2024-10-04 18:43:22,053 [INFO] ServerAccessManage:473 - Download File STMicroelectronics.X-CUBE-NFC9.pdsc
2024-10-04 18:43:22,212 [INFO] ServerAccessManage:473 - Download File STMicroelectronics.X-CUBE-NFC10.pdsc
2024-10-04 18:43:22,468 [INFO] ServerAccessManage:473 - Download File STMicroelectronics.X-CUBE-TCPP.pdsc
2024-10-04 18:43:22,984 [WARN] MainUpdater:1189 - Updater busy. Cannot search thirdparties
2024-10-04 18:43:22,984 [INFO] ThirdPartyUpdaterWithRetryManager:96 - Updater plugin is busy. [10/15]
2024-10-04 18:43:23,238 [INFO] ServerAccessManage:473 - Download File STMicroelectronics.X-CUBE-TOF1.pdsc
2024-10-04 18:43:25,634 [ERROR] ServerAccessManage:1089 - Problem, file not found on Server
2024-10-04 18:43:25,796 [INFO] ServerAccessManage:473 - Download File STMicroelectronics.X-CUBE-TOUCHGFX.pdsc
2024-10-04 18:43:25,984 [WARN] MainUpdater:1189 - Updater busy. Cannot search thirdparties
2024-10-04 18:43:25,984 [INFO] ThirdPartyUpdaterWithRetryManager:96 - Updater plugin is busy. [11/15]
2024-10-04 18:43:28,985 [WARN] MainUpdater:1189 - Updater busy. Cannot search thirdparties
2024-10-04 18:43:28,985 [INFO] ThirdPartyUpdaterWithRetryManager:96 - Updater plugin is busy. [12/15]
2024-10-04 18:43:30,279 [INFO] ServerAccessManage:473 - Download File STMicroelectronics.X-CUBE-ALGOBUILD.pdsc
2024-10-04 18:43:31,313 [INFO] ServerAccessManage:473 - Download File STMicroelectronics.X-CUBE-AZRTOS-H7.pdsc
2024-10-04 18:43:31,986 [WARN] MainUpdater:1189 - Updater busy. Cannot search thirdparties
2024-10-04 18:43:31,986 [INFO] ThirdPartyUpdaterWithRetryManager:96 - Updater plugin is busy. [13/15]
2024-10-04 18:43:32,528 [INFO] ServerAccessManage:473 - Download File STMicroelectronics.X-CUBE-AZRTOS-H7RS.pdsc
2024-10-04 18:43:33,116 [INFO] ServerAccessManage:473 - Download File STMicroelectronics.X-CUBE-WB05N.pdsc
2024-10-04 18:43:34,785 [INFO] ServerAccessManage:473 - Download File wolfSSL.I-CUBE-wolfMQTT.pdsc
2024-10-04 18:43:34,990 [WARN] MainUpdater:1189 - Updater busy. Cannot search thirdparties
2024-10-04 18:43:34,990 [INFO] ThirdPartyUpdaterWithRetryManager:96 - Updater plugin is busy. [14/15]
2024-10-04 18:43:36,234 [ERROR] ServerAccessManage:1089 - Problem, file not found on Server
2024-10-04 18:43:36,538 [INFO] ServerAccessManage:473 - Download File wolfSSL.I-CUBE-wolfTPM.pdsc
2024-10-04 18:43:37,999 [WARN] MainUpdater:1189 - Updater busy. Cannot search thirdparties
2024-10-04 18:43:37,999 [INFO] ThirdPartyUpdaterWithRetryManager:96 - Updater plugin is busy. [15/15]
2024-10-04 18:43:38,000 [ERROR] IntegrityCheckThread:130 - Cannot retrieve database content from updater: error -1
2024-10-04 18:43:38,001 [INFO] ThirdParty:978 - Integrity check success = false
2024-10-04 18:43:38,001 [INFO] IntegrityCheckThread:100 - exiting critical section [integrity check]
2024-10-04 18:43:38,001 [INFO] IntegrityCheckThread:103 - End integrity checks thread
2024-10-04 18:43:38,469 [INFO] ServerAccessManage:473 - Download File wolfSSL.I-CUBE-wolfSSH.pdsc
2024-10-04 18:43:40,819 [INFO] ServerAccessManage:473 - Download File RealThread.X-CUBE-RT-Thread_Nano.pdsc
2024-10-04 18:43:47,008 [INFO] ServerAccessManage:473 - Download File Cesanta.I-CUBE-Mongoose.pdsc
2024-10-04 18:43:50,946 [INFO] ServerAccessManage:473 - Download File EmbeddedOffice.I-CUBE-FS-RTOS.pdsc
2024-10-04 18:43:51,440 [WARN] PopulateThirdPartyThread:106 - Error when creating pack: C:/Users/Amit Tayade/.stm32cubemx/thirdparties/pdsc/STMicroelectronics.FP-SNS-STBOX1.pdsc
2024-10-04 18:43:51,473 [WARN] PackLoader:240 - Cannot read IP mode file for STMicroelectronics.FP-SNS-MOTENVWB1.1.4.0
2024-10-04 18:43:51,482 [WARN] PackLoader:240 - Cannot read IP mode file for STMicroelectronics.X-CUBE-AI.9.1.0
2024-10-04 18:43:51,492 [WARN] PackLoader:240 - Cannot read IP mode file for STMicroelectronics.X-CUBE-ALS.1.0.2
2024-10-04 18:43:51,499 [WARN] PopulateThirdPartyThread:106 - Error when creating pack: C:/Users/Amit Tayade/.stm32cubemx/thirdparties/pdsc/STMicroelectronics.X-CUBE-DPOWER.pdsc
2024-10-04 18:43:51,506 [WARN] PackLoader:240 - Cannot read IP mode file for STMicroelectronics.X-CUBE-FREERTOS.1.2.0
2024-10-04 18:43:51,515 [WARN] PackLoader:240 - Cannot read IP mode file for STMicroelectronics.X-CUBE-GNSS1.7.0.0
2024-10-04 18:43:51,521 [WARN] PackLoader:240 - Cannot read IP mode file for STMicroelectronics.X-CUBE-ISPU.2.1.0
2024-10-04 18:43:51,527 [WARN] PopulateThirdPartyThread:106 - Error when creating pack: C:/Users/Amit Tayade/.stm32cubemx/thirdparties/pdsc/STMicroelectronics.X-CUBE-IPS.pdsc
2024-10-04 18:43:51,580 [WARN] PackLoader:240 - Cannot read IP mode file for STMicroelectronics.X-CUBE-MEMS1.11.0.0
2024-10-04 18:43:51,617 [INFO] CheckServerUpdateThread:120 - End of CheckServer Thread
2024-10-04 18:43:51,795 [WARN] PackLoader:240 - Cannot read IP mode file for STMicroelectronics.X-CUBE-NFC9.1.0.0
2024-10-04 18:43:51,802 [WARN] PackLoader:240 - Cannot read IP mode file for STMicroelectronics.X-CUBE-NFC10.1.0.0
2024-10-04 18:43:51,810 [WARN] PackLoader:240 - Cannot read IP mode file for STMicroelectronics.X-CUBE-TCPP.4.1.0
2024-10-04 18:43:51,816 [WARN] PopulateThirdPartyThread:106 - Error when creating pack: C:/Users/Amit Tayade/.stm32cubemx/thirdparties/pdsc/STMicroelectronics.X-CUBE-TOF1.pdsc
2024-10-04 18:43:51,820 [WARN] PackLoader:240 - Cannot read IP mode file for STMicroelectronics.X-CUBE-TOUCHGFX.4.24.1
2024-10-04 18:43:51,828 [WARN] PackLoader:240 - Cannot read IP mode file for STMicroelectronics.X-CUBE-ALGOBUILD.1.4.0
2024-10-04 18:43:51,849 [WARN] PackLoader:240 - Cannot read IP mode file for STMicroelectronics.X-CUBE-AZRTOS-H7.3.3.0
2024-10-04 18:43:51,874 [WARN] PackLoader:240 - Cannot read IP mode file for STMicroelectronics.X-CUBE-AZRTOS-H7RS.1.0.0
2024-10-04 18:43:51,884 [WARN] PackLoader:240 - Cannot read IP mode file for STMicroelectronics.X-CUBE-WB05N.1.1.0
2024-10-04 18:43:51,891 [WARN] PackLoader:240 - Cannot read IP mode file for wolfSSL.I-CUBE-wolfMQTT.1.19.0
2024-10-04 18:43:51,895 [WARN] PackLoader:240 - Cannot read IP mode file for wolfSSL.I-CUBE-wolfTPM.3.4.0
2024-10-04 18:43:51,900 [WARN] PackLoader:240 - Cannot read IP mode file for wolfSSL.I-CUBE-wolfSSH.1.4.17
2024-10-04 18:43:51,904 [WARN] PopulateThirdPartyThread:106 - Error when creating pack: C:/Users/Amit Tayade/.stm32cubemx/thirdparties/pdsc/RealThread.X-CUBE-RT-Thread_Nano.pdsc
2024-10-04 18:43:51,909 [WARN] PackLoader:240 - Cannot read IP mode file for Cesanta.I-CUBE-Mongoose.7.13.0
2024-10-04 18:43:51,912 [WARN] PopulateThirdPartyThread:106 - Error when creating pack: C:/Users/Amit Tayade/.stm32cubemx/thirdparties/pdsc/EmbeddedOffice.I-CUBE-FS-RTOS.pdsc
2024-10-04 18:43:51,912 [INFO] PopulateThirdPartyThread:66 - Ending populate Thread
2024-10-04 18:43:51,915 [INFO] ThirdParty:1030 - CMSIS Pack Vendor :STMicroelectronics X-CUBE-AZRTOS-H7 3.3.0
2024-10-04 18:43:51,916 [INFO] ThirdParty:1030 - CMSIS Pack Vendor :STMicroelectronics X-CUBE-NFC9 1.0.0
2024-10-04 18:43:51,916 [INFO] ThirdParty:1030 - CMSIS Pack Vendor :STMicroelectronics FP-SNS-MOTENVWB1 1.4.0
2024-10-04 18:43:51,916 [INFO] ThirdParty:1030 - CMSIS Pack Vendor :STMicroelectronics X-CUBE-MEMS1 11.0.0
2024-10-04 18:43:51,916 [INFO] ThirdParty:1030 - CMSIS Pack Vendor :STMicroelectronics X-CUBE-ALGOBUILD 1.4.0
2024-10-04 18:43:51,916 [INFO] ThirdParty:1030 - CMSIS Pack Vendor :STMicroelectronics X-CUBE-NFC10 1.0.0
2024-10-04 18:43:51,916 [INFO] ThirdParty:1030 - CMSIS Pack Vendor :STMicroelectronics X-CUBE-WB05N 1.1.0
2024-10-04 18:43:51,916 [INFO] ThirdParty:1030 - CMSIS Pack Vendor :STMicroelectronics X-CUBE-ISPU 2.1.0
2024-10-04 18:43:51,916 [INFO] ThirdParty:1030 - CMSIS Pack Vendor :STMicroelectronics X-CUBE-TCPP 4.1.0
2024-10-04 18:43:51,916 [INFO] ThirdParty:1030 - CMSIS Pack Vendor :STMicroelectronics X-CUBE-AZRTOS-H7RS 1.0.0
2024-10-04 18:43:51,916 [INFO] ThirdParty:1030 - CMSIS Pack Vendor :wolfSSL I-CUBE-wolfMQTT 1.19.0
2024-10-04 18:43:51,916 [INFO] ThirdParty:1030 - CMSIS Pack Vendor :STMicroelectronics X-CUBE-ALS 1.0.2
2024-10-04 18:43:51,916 [INFO] ThirdParty:1030 - CMSIS Pack Vendor :STMicroelectronics X-CUBE-FREERTOS 1.2.0
2024-10-04 18:43:51,916 [INFO] ThirdParty:1030 - CMSIS Pack Vendor :STMicroelectronics X-CUBE-GNSS1 7.0.0
2024-10-04 18:43:51,916 [INFO] ThirdParty:1030 - CMSIS Pack Vendor :Cesanta I-CUBE-Mongoose 7.13.0
2024-10-04 18:43:51,916 [INFO] ThirdParty:1030 - CMSIS Pack Vendor :STMicroelectronics X-CUBE-AI 9.1.0
2024-10-04 18:43:51,916 [INFO] ThirdParty:1030 - CMSIS Pack Vendor :STMicroelectronics X-CUBE-TOUCHGFX 4.24.1
2024-10-04 18:43:51,916 [INFO] ThirdParty:1030 - CMSIS Pack Vendor :wolfSSL I-CUBE-wolfTPM 3.4.0
2024-10-04 18:43:51,916 [INFO] ThirdParty:1030 - CMSIS Pack Vendor :wolfSSL I-CUBE-wolfSSH 1.4.17
2024-10-04 18:43:51,916 [INFO] LoadServerUpdatesThread:373 - End of LoadServerUpdate Thread
2024-10-04 18:50:20,055 [INFO] McuFinderGlobals:63 - Set McuFinder mode to 2 (CubeIDE integrated)
2024-10-04 18:50:20,083 [INFO] MainUpdater:2868 - connection check result : 10
2024-10-04 18:50:20,090 [INFO] MainUpdater:2868 - connection check result : 10
2024-10-04 18:50:20,284 [INFO] MicroXplorer:468 - Change Database Path : 
2024-10-04 18:50:20,284 [INFO] MicroXplorer:498 - Change Database Version : DB.6.0.90
2024-10-04 18:50:20,299 [WARN] ThirdParty:871 - waiting for thirdparty lock release [close project]
2024-10-04 18:50:20,299 [INFO] ThirdParty:873 - entering critical section [close project]
2024-10-04 18:50:20,301 [INFO] ThirdParty:883 - exiting critical section [close project]
2024-10-04 18:50:20,301 [INFO] PinOutPanel:1499 - setPackage(No Configuration,No Configuration)
2024-10-04 18:50:20,311 [INFO] UtilMem:75 - Begin LoadConfig() Used Memory: 651563040 Bytes (1073741824)
2024-10-04 18:50:20,315 [INFO] MicroXplorer:468 - Change Database Path : 
2024-10-04 18:50:20,315 [INFO] MicroXplorer:498 - Change Database Version : DB.6.0.90
2024-10-04 18:50:20,315 [INFO] OpenFileManager:308 - Change cursor
2024-10-04 18:50:20,346 [WARN] IntegrityCheckThread:84 - waiting for thirdparty lock release [integrity check]
2024-10-04 18:50:20,346 [INFO] IntegrityCheckThread:86 - entering critical section [integrity check]
2024-10-04 18:50:20,665 [WARN] PackLoader:240 - Cannot read IP mode file for STMicroelectronics.FP-SNS-MOTENVWB1.1.4.0
2024-10-04 18:50:20,680 [WARN] PackLoader:240 - Cannot read IP mode file for STMicroelectronics.X-CUBE-SMBUS.2.1.0
2024-10-04 18:50:20,701 [WARN] PackLoader:240 - Cannot read IP mode file for STMicroelectronics.X-CUBE-WB05N.1.1.0
2024-10-04 18:50:20,728 [WARN] PackLoader:240 - Cannot read IP mode file for STMicroelectronics.X-CUBE-TOUCHGFX.4.23.1
2024-10-04 18:50:20,746 [WARN] PackLoader:240 - Cannot read IP mode file for STMicroelectronics.X-CUBE-TOUCHGFX.4.23.0
2024-10-04 18:50:20,760 [WARN] PackLoader:240 - Cannot read IP mode file for STMicroelectronics.X-CUBE-TOUCHGFX.4.23.2
2024-10-04 18:50:20,791 [WARN] PackLoader:240 - Cannot read IP mode file for STMicroelectronics.X-CUBE-AZRTOS-F7.1.1.0
2024-10-04 18:50:20,808 [WARN] PackLoader:240 - Cannot read IP mode file for STMicroelectronics.FP-SNS-MOTENV1.4.3.2
2024-10-04 18:50:20,889 [WARN] PackLoader:240 - Cannot read IP mode file for STMicroelectronics.X-CUBE-MEMS1.11.0.0
2024-10-04 18:50:21,045 [WARN] PackLoader:240 - Cannot read IP mode file for STMicroelectronics.X-CUBE-BLE1.6.2.4
2024-10-04 18:50:21,061 [WARN] PackLoader:240 - Cannot read IP mode file for STMicroelectronics.FP-SNS-FLIGHT1.5.0.2
2024-10-04 18:50:21,076 [WARN] PackLoader:240 - Cannot read IP mode file for STMicroelectronics.X-CUBE-DISPLAY.3.0.0
2024-10-04 18:50:21,108 [WARN] PackLoader:240 - Cannot read IP mode file for STMicroelectronics.X-CUBE-BLE1.7.0.0
2024-10-04 18:50:21,123 [WARN] PackLoader:240 - Cannot read IP mode file for STMicroelectronics.X-CUBE-NFC10.1.0.0
2024-10-04 18:50:21,143 [WARN] PackLoader:240 - Cannot read IP mode file for emotas.I-CUBE-CANOPEN.1.3.0
2024-10-04 18:50:21,158 [WARN] PackLoader:240 - Cannot read IP mode file for STMicroelectronics.X-CUBE-TOUCHGFX.4.22.0
2024-10-04 18:50:21,181 [WARN] PackLoader:240 - Cannot read IP mode file for STMicroelectronics.X-CUBE-TOUCHGFX.4.22.1
2024-10-04 18:50:21,304 [WARN] PackLoader:240 - Cannot read IP mode file for STMicroelectronics.X-CUBE-BLEMGR.3.1.0
2024-10-04 18:50:21,324 [WARN] PackLoader:240 - Cannot read IP mode file for STMicroelectronics.FP-SNS-SMARTAG2.1.2.0
2024-10-04 18:50:21,350 [INFO] LogOutputStream:77 - [STDOUT_REDIRECT] 1 : Invalid condition id : UX_CORESTACK_Condition cause : null
2024-10-04 18:50:21,351 [INFO] LogOutputStream:77 - [STDOUT_REDIRECT] 1 : Invalid condition id : UX_CORESTACK_Condition cause : null
2024-10-04 18:50:21,352 [INFO] LogOutputStream:77 - [STDOUT_REDIRECT] 1 : Invalid condition id : UX_CORESTACK_Condition cause : null
2024-10-04 18:50:21,354 [INFO] LogOutputStream:77 - [STDOUT_REDIRECT] 1 : Invalid condition id : UX_CORESTACK_Condition cause : null
2024-10-04 18:50:21,356 [INFO] LogOutputStream:77 - [STDOUT_REDIRECT] 1 : Invalid condition id : UX_CORESTACK_Condition cause : null
2024-10-04 18:50:21,359 [WARN] PackLoader:240 - Cannot read IP mode file for STMicroelectronics.X-CUBE-AZRTOS-WL.2.0.0
2024-10-04 18:50:21,377 [WARN] PackLoader:240 - Cannot read IP mode file for STMicroelectronics.FP-SNS-MOTENV1.5.0.0
2024-10-04 18:50:21,392 [WARN] PackLoader:240 - Cannot read IP mode file for wolfSSL.I-CUBE-wolfMQTT.1.19.0
2024-10-04 18:50:21,413 [WARN] PackLoader:240 - Cannot read IP mode file for WES.I-CUBE-Cesium.1.3.0
2024-10-04 18:50:21,431 [WARN] PackLoader:240 - Cannot read IP mode file for STMicroelectronics.X-CUBE-BLE2.3.3.0
2024-10-04 18:50:21,451 [WARN] PackLoader:240 - Cannot read IP mode file for STMicroelectronics.X-CUBE-NFC9.1.0.0
2024-10-04 18:50:21,470 [WARN] PackLoader:240 - Cannot read IP mode file for STMicroelectronics.X-CUBE-TCPP.4.1.0
2024-10-04 18:50:21,485 [WARN] PackLoader:240 - Cannot read IP mode file for STMicroelectronics.X-CUBE-ALGOBUILD.1.3.0
2024-10-04 18:50:21,524 [WARN] PackLoader:240 - Cannot read IP mode file for STMicroelectronics.X-CUBE-AZRTOS-G0.1.1.0
2024-10-04 18:50:21,546 [WARN] PackLoader:240 - Cannot read IP mode file for STMicroelectronics.X-CUBE-SAFEA1.1.2.2
2024-10-04 18:50:21,564 [WARN] PackLoader:240 - Cannot read IP mode file for STMicroelectronics.X-CUBE-NFC4.3.0.0
2024-10-04 18:50:21,582 [ERROR] Engine:466 - C:\Users\Amit Tayade\.stm32cubemx\thirdparties\pdsc\EmbeddedOffice.I-CUBE-FS-RTOS.1.0.1.pdsc: PDSC version is not supported
2024-10-04 18:50:21,602 [WARN] PackLoader:240 - Cannot read IP mode file for STMicroelectronics.X-CUBE-BLEMGR.3.0.0
2024-10-04 18:50:21,619 [ERROR] Engine:466 - C:\Users\Amit Tayade\.stm32cubemx\thirdparties\pdsc\RealThread.X-CUBE-RT-Thread_Nano.4.1.1.pdsc: PDSC version is not supported
2024-10-04 18:50:21,635 [WARN] PackLoader:240 - Cannot read IP mode file for STMicroelectronics.FP-ATR-SIGFOX1.3.2.0
2024-10-04 18:50:21,652 [WARN] PackLoader:240 - Cannot read IP mode file for STMicroelectronics.X-CUBE-EEPRMA1.5.1.0
2024-10-04 18:50:21,699 [WARN] PackLoader:240 - Cannot read IP mode file for SEGGER.I-CUBE-embOS.1.3.1
2024-10-04 18:50:21,786 [WARN] PackLoader:240 - Cannot read IP mode file for STMicroelectronics.X-CUBE-ALGOBUILD.1.4.0
2024-10-04 18:50:21,804 [WARN] PackLoader:240 - Cannot read IP mode file for STMicroelectronics.X-CUBE-AI.9.1.0
2024-10-04 18:50:21,822 [WARN] PackLoader:240 - Cannot read IP mode file for STMicroelectronics.X-CUBE-GNSS1.6.0.0
2024-10-04 18:50:21,861 [WARN] PackLoader:240 - Cannot read IP mode file for STMicroelectronics.X-CUBE-AZRTOS-F4.1.1.0
2024-10-04 18:50:21,881 [WARN] PackLoader:240 - Cannot read IP mode file for wolfSSL.I-CUBE-wolfSSL.5.6.3
2024-10-04 18:50:21,900 [WARN] PackLoader:240 - Cannot read IP mode file for STMicroelectronics.X-CUBE-ISPU.2.1.0
2024-10-04 18:50:21,919 [WARN] PackLoader:240 - Cannot read IP mode file for STMicroelectronics.X-CUBE-FREERTOS.1.2.0
2024-10-04 18:50:21,961 [WARN] PackLoader:240 - Cannot read IP mode file for STMicroelectronics.X-CUBE-AZRTOS-L5.2.0.0
2024-10-04 18:50:22,027 [WARN] PackLoader:240 - Cannot read IP mode file for STMicroelectronics.X-CUBE-MEMS1.9.6.0
2024-10-04 18:50:22,322 [WARN] PackLoader:240 - Cannot read IP mode file for STMicroelectronics.X-CUBE-EEPRMA1.4.2.0
2024-10-04 18:50:22,349 [WARN] PackLoader:240 - Cannot read IP mode file for STMicroelectronics.X-CUBE-NFC6.3.1.0
2024-10-04 18:50:22,374 [WARN] PackLoader:240 - Cannot read IP mode file for ITTIA_DB.I-CUBE-ITTIADB.8.8.0
2024-10-04 18:50:22,400 [WARN] PackLoader:240 - Cannot read IP mode file for STMicroelectronics.X-CUBE-BLEMGR.2.0.0
2024-10-04 18:50:22,417 [ERROR] Engine:466 - C:\Users\Amit Tayade\.stm32cubemx\thirdparties\pdsc\STMicroelectronics.X-CUBE-DPower.1.2.0.pdsc: PDSC version is not supported
2024-10-04 18:50:22,462 [WARN] ConditionMgr:438 - getConditionDescription Invalid condition id : UX DEVICE CLASS RTOS Condition cause : null
2024-10-04 18:50:22,463 [WARN] ConditionMgr:438 - getConditionDescription Invalid condition id : UX DEVICE CLASS RTOS Condition cause : null
2024-10-04 18:50:22,465 [WARN] PackLoader:240 - Cannot read IP mode file for STMicroelectronics.X-CUBE-AZRTOS-H7.3.1.0
2024-10-04 18:50:22,466 [WARN] ConditionMgr:1039 - genDependencies : Invalid condition id : UX DEVICE CLASS RTOS Condition cause : null
2024-10-04 18:50:22,467 [WARN] ConditionMgr:1039 - genDependencies : Invalid condition id : UX DEVICE CLASS RTOS Condition cause : null
2024-10-04 18:50:22,468 [WARN] ConditionMgr:1039 - genDependencies : Invalid condition id : UX DEVICE CLASS RTOS Condition cause : null
2024-10-04 18:50:22,469 [WARN] ConditionMgr:1039 - genDependencies : Invalid condition id : UX DEVICE CLASS RTOS Condition cause : null
2024-10-04 18:50:22,469 [WARN] ConditionMgr:1039 - genDependencies : Invalid condition id : UX DEVICE CLASS RTOS Condition cause : null
2024-10-04 18:50:22,489 [WARN] PackLoader:240 - Cannot read IP mode file for STMicroelectronics.X-CUBE-NFC7.1.0.1
2024-10-04 18:50:22,510 [WARN] PackLoader:240 - Cannot read IP mode file for STMicroelectronics.X-CUBE-NFC6.3.0.0
2024-10-04 18:50:22,531 [WARN] PackLoader:240 - Cannot read IP mode file for STMicroelectronics.X-CUBE-EEPRMA1.4.1.0
2024-10-04 18:50:22,551 [WARN] PackLoader:240 - Cannot read IP mode file for STMicroelectronics.X-CUBE-AI.8.1.0
2024-10-04 18:50:22,594 [WARN] ConditionMgr:438 - getConditionDescription Invalid condition id : LAN8742 Phy interface Condition cause : null
2024-10-04 18:50:22,595 [WARN] PackLoader:240 - Cannot read IP mode file for STMicroelectronics.X-CUBE-AZRTOS-L4.2.0.0
2024-10-04 18:50:22,598 [WARN] ConditionMgr:1039 - genDependencies : Invalid condition id : LAN8742 Phy interface Condition cause : null
2024-10-04 18:50:22,598 [WARN] ConditionMgr:1039 - genDependencies : Invalid condition id : LAN8742 Phy interface Condition cause : null
2024-10-04 18:50:22,599 [WARN] ConditionMgr:1039 - genDependencies : Invalid condition id : LAN8742 Phy interface Condition cause : null
