2023-12-19 10:31:03,845 [INFO] Activator:176 - 


2023-12-19 10:31:03,856 [INFO] Activator:177 - !SESSION log4j initialized
2023-12-19 10:31:11,109 [INFO] LogOutputStream:77 - [STDOUT_REDIRECT] 
2023-12-19 10:31:12,676 [INFO] ApplicationProperties:184 - Using Application install path: C:\ST\STM32CubeIDE_1.13.0\STM32CubeIDE\plugins\com.st.stm32cube.common.mx_6.9.0.202307051724
2023-12-19 10:31:12,704 [INFO] DbMcusXml:78 - Set database path to: C:\ST\STM32CubeIDE_1.13.0\STM32CubeIDE\plugins\com.st.stm32cube.common.mx_6.9.0.202307051724\\db\/mcu/
2023-12-19 10:31:12,704 [INFO] ApiDb:274 - Set plugin database path to: C:\ST\STM32CubeIDE_1.13.0\STM32CubeIDE\plugins\com.st.stm32cube.common.mx_6.9.0.202307051724\\db\/plugins/boardmanager/
2023-12-19 10:31:12,705 [WARN] ApiDb:259 - Overriding images path with different value:  => C:\ST\STM32CubeIDE_1.13.0\STM32CubeIDE\plugins\com.st.stm32cube.common.mx_6.9.0.202307051724\\db\/plugins/mcufinder/images/
2023-12-19 10:31:12,725 [INFO] ApiDb:250 - Set database path to: C:\Users\Amit Tayade\.stmcufinder\plugins\mcufinder//mcu/
2023-12-19 10:31:12,727 [INFO] DbMcusAds:125 - Set database path to: C:\Users\Amit Tayade\.stmcufinder\plugins\mcufinder//mcu/
2023-12-19 10:31:12,730 [INFO] CrossReferenceDbSqlite:203 - Set database path to: C:\Users\Amit Tayade\.stmcufinder\plugins\mcufinder//mcu/cs/
2023-12-19 10:31:12,912 [INFO] RulesReader:64 - Compatibility file has been processed (293 Rules)
2023-12-19 10:31:13,036 [INFO] DbMcusXml:78 - Set database path to: C:\ST\STM32CubeIDE_1.13.0\STM32CubeIDE\plugins\com.st.stm32cube.common.mx_6.9.0.202307051724\\db\/mcu/
2023-12-19 10:31:13,037 [INFO] ApiDb:274 - Set plugin database path to: C:\ST\STM32CubeIDE_1.13.0\STM32CubeIDE\plugins\com.st.stm32cube.common.mx_6.9.0.202307051724\\db\/plugins/boardmanager/
2023-12-19 10:31:13,037 [INFO] ApiDb:261 - Set plugin images path to: C:\ST\STM32CubeIDE_1.13.0\STM32CubeIDE\plugins\com.st.stm32cube.common.mx_6.9.0.202307051724\\db\/plugins/mcufinder/images/
2023-12-19 10:31:13,037 [WARN] DbFile:41 - Overriding database path with different value: C:\Users\Amit Tayade\.stmcufinder\plugins\mcufinder/ => C:\Users\Amit Tayade\.stmcufinder\plugins\mcufinder
2023-12-19 10:31:13,037 [INFO] ApiDb:250 - Set database path to: C:\Users\Amit Tayade\.stmcufinder\plugins\mcufinder//mcu/
2023-12-19 10:31:13,038 [WARN] DbFile:41 - Overriding database path with different value: C:\Users\Amit Tayade\.stmcufinder\plugins\mcufinder/ => C:\Users\Amit Tayade\.stmcufinder\plugins\mcufinder
2023-12-19 10:31:13,038 [INFO] DbMcusAds:125 - Set database path to: C:\Users\Amit Tayade\.stmcufinder\plugins\mcufinder//mcu/
2023-12-19 10:31:13,038 [WARN] DbFile:41 - Overriding database path with different value: C:\Users\Amit Tayade\.stmcufinder\plugins\mcufinder/ => C:\Users\Amit Tayade\.stmcufinder\plugins\mcufinder
2023-12-19 10:31:13,038 [WARN] DbFile:41 - Overriding database path with different value: C:\Users\Amit Tayade\.stmcufinder\plugins\mcufinder/ => C:\Users\Amit Tayade\.stmcufinder\plugins\mcufinder
2023-12-19 10:31:13,038 [INFO] CrossReferenceDbSqlite:203 - Set database path to: C:\Users\Amit Tayade\.stmcufinder\plugins\mcufinder//mcu/cs/
2023-12-19 10:31:13,154 [INFO] MainPanel:262 - HeapMemory: 268435456
2023-12-19 10:31:13,301 [INFO] DbMcusXml:78 - Set database path to: C:\ST\STM32CubeIDE_1.13.0\STM32CubeIDE\plugins\com.st.stm32cube.common.mx_6.9.0.202307051724\\db\/mcu/
2023-12-19 10:31:13,301 [INFO] ApiDb:274 - Set plugin database path to: C:\ST\STM32CubeIDE_1.13.0\STM32CubeIDE\plugins\com.st.stm32cube.common.mx_6.9.0.202307051724\\db\/plugins/boardmanager/
2023-12-19 10:31:13,301 [INFO] ApiDb:261 - Set plugin images path to: C:\ST\STM32CubeIDE_1.13.0\STM32CubeIDE\plugins\com.st.stm32cube.common.mx_6.9.0.202307051724\\db\/plugins/mcufinder/images/
2023-12-19 10:31:13,302 [WARN] DbFile:41 - Overriding database path with different value: C:\Users\Amit Tayade\.stmcufinder\plugins\mcufinder/ => C:\Users\Amit Tayade\.stmcufinder\plugins\mcufinder
2023-12-19 10:31:13,302 [INFO] ApiDb:250 - Set database path to: C:\Users\Amit Tayade\.stmcufinder\plugins\mcufinder//mcu/
2023-12-19 10:31:13,302 [WARN] DbFile:41 - Overriding database path with different value: C:\Users\Amit Tayade\.stmcufinder\plugins\mcufinder/ => C:\Users\Amit Tayade\.stmcufinder\plugins\mcufinder
2023-12-19 10:31:13,303 [INFO] DbMcusAds:125 - Set database path to: C:\Users\Amit Tayade\.stmcufinder\plugins\mcufinder//mcu/
2023-12-19 10:31:13,303 [WARN] DbFile:41 - Overriding database path with different value: C:\Users\Amit Tayade\.stmcufinder\plugins\mcufinder/ => C:\Users\Amit Tayade\.stmcufinder\plugins\mcufinder
2023-12-19 10:31:13,303 [WARN] DbFile:41 - Overriding database path with different value: C:\Users\Amit Tayade\.stmcufinder\plugins\mcufinder/ => C:\Users\Amit Tayade\.stmcufinder\plugins\mcufinder
2023-12-19 10:31:13,303 [INFO] CrossReferenceDbSqlite:203 - Set database path to: C:\Users\Amit Tayade\.stmcufinder\plugins\mcufinder//mcu/cs/
2023-12-19 10:31:13,329 [INFO] ApplicationProperties:184 - Using Application install path: C:\ST\STM32CubeIDE_1.13.0\STM32CubeIDE\plugins\com.st.stm32cube.common.mx_6.9.0.202307051724
2023-12-19 10:31:13,332 [INFO] PluginManage:196 - Search for loadable plugins [exclusion list=, ]
2023-12-19 10:31:13,334 [INFO] PluginManage:310 - Check plugin analytics
2023-12-19 10:31:13,593 [INFO] AnalyticsPlugin:253 - Accepted Software Licenses: 
2023-12-19 10:31:13,593 [INFO] AnalyticsPlugin:255 - Accepted CMSIS Pack Licenses: STMicroelectronics.X-CUBE-TOUCHGFX.4.22.1
2023-12-19 10:31:13,594 [INFO] AnalyticsPlugin:257 - Accepted Firmware Licenses: FW.F4.1.27.0
2023-12-19 10:31:13,596 [INFO] PluginManage:359 - Loaded plugin analytics (category:tool,tabindex:-1)
2023-12-19 10:31:13,597 [INFO] PluginManage:310 - Check plugin cadmodel
2023-12-19 10:31:13,604 [INFO] CADModel:105 - Init CAD model plugin
2023-12-19 10:31:13,604 [INFO] PluginManage:359 - Loaded plugin cadmodel (category:power,tabindex:5)
2023-12-19 10:31:13,604 [INFO] PluginManage:310 - Check plugin clock
2023-12-19 10:31:13,617 [INFO] PluginManage:359 - Loaded plugin clock (category:base,tabindex:2)
2023-12-19 10:31:13,617 [INFO] PluginManage:310 - Check plugin ddr
2023-12-19 10:31:13,620 [INFO] PluginManage:359 - Loaded plugin ddr (category:tool,tabindex:6)
2023-12-19 10:31:13,621 [INFO] PluginManage:310 - Check plugin filemanager
2023-12-19 10:31:13,807 [INFO] PluginManage:359 - Loaded plugin filemanager (category:base,tabindex:10)
2023-12-19 10:31:13,807 [INFO] PluginManage:310 - Check plugin ipmanager
2023-12-19 10:31:13,816 [INFO] PluginManage:359 - Loaded plugin ipmanager (category:base,tabindex:5)
2023-12-19 10:31:13,816 [INFO] PluginManage:310 - Check plugin lpbam
2023-12-19 10:31:13,830 [INFO] PluginManage:359 - Loaded plugin lpbam (category:base,tabindex:0)
2023-12-19 10:31:13,830 [INFO] PluginManage:310 - Check plugin memorymap
2023-12-19 10:31:13,850 [INFO] PluginManage:359 - Loaded plugin memorymap (category:base,tabindex:4)
2023-12-19 10:31:13,850 [INFO] PluginManage:310 - Check plugin pinoutandconfiguration
2023-12-19 10:31:13,866 [INFO] PluginManage:359 - Loaded plugin pinoutandconfiguration (category:base,tabindex:1)
2023-12-19 10:31:13,866 [INFO] PluginManage:310 - Check plugin pinoutconfig
2023-12-19 10:31:14,014 [WARN] SupportedApi:132 - Cannot load RTOS API schema: s4s-elt-must-match.1: The content of 'definitions' must match (annotation?, (simpleType | complexType)?, (unique | key | keyref)*)). A problem was found starting at: attribute.
2023-12-19 10:31:14,241 [INFO] PluginManage:359 - Loaded plugin pinoutconfig (category:base,tabindex:0)
2023-12-19 10:31:14,241 [INFO] PluginManage:310 - Check plugin power
2023-12-19 10:31:14,255 [INFO] PluginManage:359 - Loaded plugin power (category:power,tabindex:4)
2023-12-19 10:31:14,255 [INFO] PluginManage:310 - Check plugin projectmanager
2023-12-19 10:31:14,272 [INFO] PluginManage:359 - Loaded plugin projectmanager (category:projectmanager,tabindex:3)
2023-12-19 10:31:14,272 [INFO] PluginManage:310 - Check plugin thirdparty
2023-12-19 10:31:14,468 [INFO] PluginManage:359 - Loaded plugin thirdparty (category:base,tabindex:-1)
2023-12-19 10:31:14,468 [WARN] IntegrityCheckThread:84 - waiting for thirdparty lock release [integrity check]
2023-12-19 10:31:14,468 [INFO] PluginManage:310 - Check plugin tools
2023-12-19 10:31:14,468 [INFO] IntegrityCheckThread:86 - entering critical section [integrity check]
2023-12-19 10:31:14,469 [INFO] ThirdPartyUpdaterWithRetryManager:70 - Updater plugin not ready yet. [1/15]
2023-12-19 10:31:14,472 [INFO] PluginManage:359 - Loaded plugin tools (category:base,tabindex:7)
2023-12-19 10:31:14,472 [INFO] PluginManage:310 - Check plugin tutovideos
2023-12-19 10:31:14,846 [INFO] PluginManage:359 - Loaded plugin tutovideos (category:base,tabindex:-1)
2023-12-19 10:31:14,847 [INFO] PluginManage:310 - Check plugin updater
2023-12-19 10:31:14,871 [INFO] PluginManage:359 - Loaded plugin updater (category:base,tabindex:12)
2023-12-19 10:31:14,871 [INFO] PluginManage:310 - Check plugin userauth
2023-12-19 10:31:14,883 [INFO] UserAuth:113 - Init User Auth plugin
2023-12-19 10:31:14,884 [INFO] PluginManage:359 - Loaded plugin userauth (category:base,tabindex:14)
2023-12-19 10:31:14,885 [INFO] PluginManage:283 - PluginManage : Loaded plugins [17]
2023-12-19 10:31:15,321 [INFO] PinOutPanel:1499 - setPackage(No Configuration,No Configuration)
2023-12-19 10:31:15,494 [INFO] CADModel:165 - CPN selected for project level
2023-12-19 10:31:15,494 [INFO] CADModel:114 - Register for checkConnection events
2023-12-19 10:31:15,521 [INFO] IPUIPlugin:80 - create IPUIPlugin
2023-12-19 10:31:15,521 [INFO] PluginManager:220 - loadIPPluginJar : add adc
2023-12-19 10:31:15,525 [INFO] IPUIPlugin:80 - create IPUIPlugin
2023-12-19 10:31:15,525 [INFO] PluginManager:220 - loadIPPluginJar : add aes
2023-12-19 10:31:15,530 [INFO] IPUIPlugin:80 - create IPUIPlugin
2023-12-19 10:31:15,530 [INFO] PluginManager:220 - loadIPPluginJar : add can
2023-12-19 10:31:15,533 [INFO] IPUIPlugin:80 - create IPUIPlugin
2023-12-19 10:31:15,533 [INFO] PluginManager:220 - loadIPPluginJar : add comp
2023-12-19 10:31:15,538 [INFO] IPUIPlugin:80 - create IPUIPlugin
2023-12-19 10:31:15,539 [INFO] PluginManager:220 - loadIPPluginJar : add cryp
2023-12-19 10:31:15,543 [INFO] IPUIPlugin:80 - create IPUIPlugin
2023-12-19 10:31:15,543 [INFO] PluginManager:220 - loadIPPluginJar : add dfsdm
2023-12-19 10:31:15,551 [INFO] IPUIPlugin:80 - create IPUIPlugin
2023-12-19 10:31:15,552 [INFO] PluginManager:220 - loadIPPluginJar : add dma
2023-12-19 10:31:15,558 [INFO] IPUIPlugin:80 - create IPUIPlugin
2023-12-19 10:31:15,558 [INFO] PluginManager:220 - loadIPPluginJar : add dma3
2023-12-19 10:31:15,561 [INFO] IPUIPlugin:80 - create IPUIPlugin
2023-12-19 10:31:15,561 [INFO] PluginManager:220 - loadIPPluginJar : add fatfs
2023-12-19 10:31:15,567 [INFO] IPUIPlugin:80 - create IPUIPlugin
2023-12-19 10:31:15,568 [INFO] PluginManager:220 - loadIPPluginJar : add fmc
2023-12-19 10:31:15,576 [INFO] IPUIPlugin:80 - create IPUIPlugin
2023-12-19 10:31:15,577 [INFO] PluginManager:220 - loadIPPluginJar : add freertos
2023-12-19 10:31:15,580 [INFO] IPUIPlugin:80 - create IPUIPlugin
2023-12-19 10:31:15,580 [INFO] PluginManager:220 - loadIPPluginJar : add genericplugin
2023-12-19 10:31:15,584 [INFO] IPUIPlugin:80 - create IPUIPlugin
2023-12-19 10:31:15,584 [INFO] PluginManager:220 - loadIPPluginJar : add gfxmmu
2023-12-19 10:31:15,590 [INFO] IPUIPlugin:80 - create IPUIPlugin
2023-12-19 10:31:15,590 [INFO] PluginManager:220 - loadIPPluginJar : add gic
2023-12-19 10:31:15,595 [INFO] IPUIPlugin:80 - create IPUIPlugin
2023-12-19 10:31:15,595 [INFO] PluginManager:220 - loadIPPluginJar : add gpio
2023-12-19 10:31:15,601 [INFO] IPUIPlugin:80 - create IPUIPlugin
2023-12-19 10:31:15,601 [INFO] PluginManager:220 - loadIPPluginJar : add gtzc
2023-12-19 10:31:15,605 [INFO] IPUIPlugin:80 - create IPUIPlugin
2023-12-19 10:31:15,605 [INFO] PluginManager:220 - loadIPPluginJar : add hash
2023-12-19 10:31:15,609 [INFO] IPUIPlugin:80 - create IPUIPlugin
2023-12-19 10:31:15,609 [INFO] PluginManager:220 - loadIPPluginJar : add i2c
2023-12-19 10:31:15,615 [INFO] IPUIPlugin:80 - create IPUIPlugin
2023-12-19 10:31:15,615 [INFO] PluginManager:220 - loadIPPluginJar : add i2s
2023-12-19 10:31:15,618 [INFO] IPUIPlugin:80 - create IPUIPlugin
2023-12-19 10:31:15,618 [INFO] PluginManager:220 - loadIPPluginJar : add i3c
2023-12-19 10:31:15,622 [INFO] IPUIPlugin:80 - create IPUIPlugin
2023-12-19 10:31:15,622 [INFO] PluginManager:220 - loadIPPluginJar : add ipddr
2023-12-19 10:31:15,634 [INFO] IPUIPlugin:80 - create IPUIPlugin
2023-12-19 10:31:15,634 [INFO] PluginManager:220 - loadIPPluginJar : add linkedlist
2023-12-19 10:31:15,637 [INFO] IPUIPlugin:80 - create IPUIPlugin
2023-12-19 10:31:15,637 [INFO] PluginManager:220 - loadIPPluginJar : add lorawan
2023-12-19 10:31:15,639 [INFO] IPUIPlugin:80 - create IPUIPlugin
2023-12-19 10:31:15,639 [INFO] PluginManager:220 - loadIPPluginJar : add ltdc
2023-12-19 10:31:15,650 [INFO] IPUIPlugin:80 - create IPUIPlugin
2023-12-19 10:31:15,650 [INFO] PluginManager:220 - loadIPPluginJar : add mdma
2023-12-19 10:31:15,656 [INFO] IPUIPlugin:80 - create IPUIPlugin
2023-12-19 10:31:15,656 [INFO] PluginManager:220 - loadIPPluginJar : add nvic
2023-12-19 10:31:15,661 [INFO] IPUIPlugin:80 - create IPUIPlugin
2023-12-19 10:31:15,661 [INFO] PluginManager:220 - loadIPPluginJar : add opamp
2023-12-19 10:31:15,666 [INFO] IPUIPlugin:80 - create IPUIPlugin
2023-12-19 10:31:15,666 [INFO] PluginManager:220 - loadIPPluginJar : add openamp
2023-12-19 10:31:15,672 [INFO] IPUIPlugin:80 - create IPUIPlugin
2023-12-19 10:31:15,672 [INFO] PluginManager:220 - loadIPPluginJar : add pdm2pcm
2023-12-19 10:31:15,681 [INFO] IPUIPlugin:80 - create IPUIPlugin
2023-12-19 10:31:15,683 [INFO] PluginManager:220 - loadIPPluginJar : add plateformsettings
2023-12-19 10:31:15,686 [INFO] IPUIPlugin:80 - create IPUIPlugin
2023-12-19 10:31:15,686 [INFO] PluginManager:220 - loadIPPluginJar : add quadspi
2023-12-19 10:31:15,692 [INFO] IPUIPlugin:80 - create IPUIPlugin
2023-12-19 10:31:15,693 [INFO] PluginManager:220 - loadIPPluginJar : add resmgrutility
2023-12-19 10:31:15,698 [INFO] IPUIPlugin:80 - create IPUIPlugin
2023-12-19 10:31:15,698 [INFO] PluginManager:220 - loadIPPluginJar : add sai
2023-12-19 10:31:15,704 [INFO] IPUIPlugin:80 - create IPUIPlugin
2023-12-19 10:31:15,704 [INFO] PluginManager:220 - loadIPPluginJar : add spi
2023-12-19 10:31:15,713 [INFO] IPUIPlugin:80 - create IPUIPlugin
2023-12-19 10:31:15,713 [INFO] PluginManager:220 - loadIPPluginJar : add stm32_wpan
2023-12-19 10:31:15,717 [INFO] IPUIPlugin:80 - create IPUIPlugin
2023-12-19 10:31:15,717 [INFO] PluginManager:220 - loadIPPluginJar : add tim
2023-12-19 10:31:15,723 [INFO] IPUIPlugin:80 - create IPUIPlugin
2023-12-19 10:31:15,723 [INFO] PluginManager:220 - loadIPPluginJar : add touchsensing
2023-12-19 10:31:15,726 [INFO] IPUIPlugin:80 - create IPUIPlugin
2023-12-19 10:31:15,726 [INFO] PluginManager:220 - loadIPPluginJar : add tracer_emb
2023-12-19 10:31:15,730 [INFO] IPUIPlugin:80 - create IPUIPlugin
2023-12-19 10:31:15,730 [INFO] PluginManager:220 - loadIPPluginJar : add ts
2023-12-19 10:31:15,733 [INFO] IPUIPlugin:80 - create IPUIPlugin
2023-12-19 10:31:15,733 [INFO] PluginManager:220 - loadIPPluginJar : add tsc
2023-12-19 10:31:15,737 [INFO] IPUIPlugin:80 - create IPUIPlugin
2023-12-19 10:31:15,737 [INFO] PluginManager:220 - loadIPPluginJar : add ucpd
2023-12-19 10:31:15,741 [INFO] IPUIPlugin:80 - create IPUIPlugin
2023-12-19 10:31:15,741 [INFO] PluginManager:220 - loadIPPluginJar : add usart
2023-12-19 10:31:15,745 [INFO] IPUIPlugin:80 - create IPUIPlugin
2023-12-19 10:31:15,745 [INFO] PluginManager:220 - loadIPPluginJar : add usbx
2023-12-19 10:31:15,880 [INFO] CADModel:165 - CPN selected for project level
2023-12-19 10:31:15,880 [INFO] CADModel:114 - Register for checkConnection events
2023-12-19 10:31:15,881 [FATAL] Updater:308 - Updater called before beeing initialized
2023-12-19 10:31:15,881 [ERROR] CADModel:125 - Updater not yet initialized, retry later 
2023-12-19 10:31:16,112 [INFO] CADModel:165 - CPN selected for project level
2023-12-19 10:31:16,112 [INFO] CADModel:114 - Register for checkConnection events
2023-12-19 10:31:16,112 [FATAL] Updater:308 - Updater called before beeing initialized
2023-12-19 10:31:16,112 [ERROR] CADModel:125 - Updater not yet initialized, retry later 
2023-12-19 10:31:16,119 [FATAL] Updater:308 - Updater called before beeing initialized
2023-12-19 10:31:16,265 [FATAL] Updater:308 - Updater called before beeing initialized
2023-12-19 10:31:16,290 [INFO] DbMcusAds:53 - JSON generation date=Tue Mar 07 14:20:55 IST 2023 (1678179055114)
2023-12-19 10:31:16,290 [FATAL] Updater:308 - Updater called before beeing initialized
2023-12-19 10:31:16,350 [WARN] DetailPanel:346 - Failed to get advertising image, set to default
2023-12-19 10:31:16,536 [FATAL] Updater:308 - Updater called before beeing initialized
2023-12-19 10:31:16,538 [FATAL] Updater:308 - Updater called before beeing initialized
2023-12-19 10:31:16,538 [FATAL] Updater:308 - Updater called before beeing initialized
2023-12-19 10:31:16,538 [WARN] DetailPanel:346 - Failed to get advertising image, set to default
2023-12-19 10:31:16,539 [FATAL] Updater:308 - Updater called before beeing initialized
2023-12-19 10:31:16,596 [ERROR] Updater:1120 - MainUpdater not yet initialized. External WinMGr cannot be set.
2023-12-19 10:31:16,598 [INFO] Updater:1056 - Updater Version found : 6.9.0
2023-12-19 10:31:16,619 [INFO] ApplicationProperties:184 - Using Application install path: C:\ST\STM32CubeIDE_1.13.0\STM32CubeIDE\plugins\com.st.stm32cube.common.mx_6.9.0.202307051724
2023-12-19 10:31:16,875 [INFO] MainUpdater:2868 - connection check result : 10
2023-12-19 10:31:16,875 [INFO] MainUpdater:3562 - Updater definition file requires update
2023-12-19 10:31:16,877 [INFO] MainUpdater:285 - Updater Check For Update Now.
2023-12-19 10:31:16,877 [INFO] MicroXplorer:498 - Change Database Version : DB.6.0.90
2023-12-19 10:31:16,884 [INFO] McuFinderGlobals:63 - Set McuFinder mode to 2 (CubeIDE integrated)
2023-12-19 10:31:16,969 [INFO] ServerAccessManage:473 - Download File updaters.zip
2023-12-19 10:31:17,162 [INFO] FileExtend:240 - Unzip File : updaters.zip
2023-12-19 10:31:17,162 [INFO] FileExtend:255 - Standard Zip Deflate
2023-12-19 10:31:17,473 [WARN] MainUpdater:1189 - Updater busy. Cannot search thirdparties
2023-12-19 10:31:17,474 [INFO] ThirdPartyUpdaterWithRetryManager:96 - Updater plugin is busy. [1/15]
2023-12-19 10:31:17,614 [INFO] ServerAccessManage:473 - Download File PacksControlFlags.xml
2023-12-19 10:31:17,774 [INFO] ServerAccessManage:473 - Download File cubemx.pidx
2023-12-19 10:31:19,233 [INFO] ServerAccessManage:473 - Download File STMicroelectronics.X-CUBE-TOUCHGFX.pdsc
2023-12-19 10:31:20,475 [WARN] MainUpdater:1189 - Updater busy. Cannot search thirdparties
2023-12-19 10:31:20,475 [INFO] ThirdPartyUpdaterWithRetryManager:96 - Updater plugin is busy. [2/15]
2023-12-19 10:31:23,477 [WARN] MainUpdater:1189 - Updater busy. Cannot search thirdparties
2023-12-19 10:31:23,478 [INFO] ThirdPartyUpdaterWithRetryManager:96 - Updater plugin is busy. [3/15]
2023-12-19 10:31:23,791 [ERROR] ServerAccessManage:1096 - Problem, Http access forbiden
2023-12-19 10:31:23,792 [ERROR] ServerAccessManage:651 - Problem, Http access forbiden : RoweBots.I-CUBE-UNISONRTOS.pdsc.
2023-12-19 10:31:24,110 [WARN] PackLoader:240 - Cannot read IP mode file for STMicroelectronics.X-CUBE-TOUCHGFX.4.23.0
2023-12-19 10:31:24,113 [INFO] PopulateThirdPartyThread:66 - Ending populate Thread
2023-12-19 10:31:24,115 [INFO] ThirdParty:1030 - CMSIS Pack Vendor :STMicroelectronics X-CUBE-TOUCHGFX 4.23.0
2023-12-19 10:31:24,115 [INFO] LoadServerUpdatesThread:373 - End of LoadServerUpdate Thread
2023-12-19 10:31:24,290 [INFO] CheckServerUpdateThread:120 - End of CheckServer Thread
2023-12-19 10:31:26,878 [WARN] PackLoader:240 - Cannot read IP mode file for STMicroelectronics.X-CUBE-SMBUS.2.1.0
2023-12-19 10:31:26,887 [WARN] PackLoader:240 - Cannot read IP mode file for STMicroelectronics.X-CUBE-TOUCHGFX.4.23.0
2023-12-19 10:31:26,953 [WARN] PackLoader:240 - Cannot read IP mode file for STMicroelectronics.X-CUBE-AZRTOS-F7.1.1.0
2023-12-19 10:31:26,993 [WARN] PackLoader:240 - Cannot read IP mode file for STMicroelectronics.FP-SNS-MOTENV1.4.3.2
2023-12-19 10:31:27,025 [WARN] PackLoader:240 - Cannot read IP mode file for STMicroelectronics.X-CUBE-BLE1.6.2.4
2023-12-19 10:31:27,037 [WARN] PackLoader:240 - Cannot read IP mode file for STMicroelectronics.FP-SNS-FLIGHT1.5.0.2
2023-12-19 10:31:27,061 [WARN] PackLoader:240 - Cannot read IP mode file for STMicroelectronics.X-CUBE-DISPLAY.3.0.0
2023-12-19 10:31:27,081 [WARN] PackLoader:240 - Cannot read IP mode file for STMicroelectronics.X-CUBE-BLE1.7.0.0
2023-12-19 10:31:27,091 [WARN] PackLoader:240 - Cannot read IP mode file for emotas.I-CUBE-CANOPEN.1.3.0
2023-12-19 10:31:27,096 [WARN] PackLoader:240 - Cannot read IP mode file for STMicroelectronics.X-CUBE-TOUCHGFX.4.22.0
2023-12-19 10:31:27,107 [WARN] PackLoader:240 - Cannot read IP mode file for STMicroelectronics.X-CUBE-TOUCHGFX.4.22.1
2023-12-19 10:31:27,217 [WARN] PackLoader:240 - Cannot read IP mode file for STMicroelectronics.FP-SNS-SMARTAG2.1.2.0
2023-12-19 10:31:27,253 [INFO] LogOutputStream:77 - [STDOUT_REDIRECT] 1 : Invalid condition id : UX_CORESTACK_Condition cause : null
2023-12-19 10:31:27,255 [INFO] LogOutputStream:77 - [STDOUT_REDIRECT] 1 : Invalid condition id : UX_CORESTACK_Condition cause : null
2023-12-19 10:31:27,258 [INFO] LogOutputStream:77 - [STDOUT_REDIRECT] 1 : Invalid condition id : UX_CORESTACK_Condition cause : null
2023-12-19 10:31:27,260 [INFO] LogOutputStream:77 - [STDOUT_REDIRECT] 1 : Invalid condition id : UX_CORESTACK_Condition cause : null
2023-12-19 10:31:27,261 [INFO] LogOutputStream:77 - [STDOUT_REDIRECT] 1 : Invalid condition id : UX_CORESTACK_Condition cause : null
2023-12-19 10:31:27,271 [WARN] PackLoader:240 - Cannot read IP mode file for STMicroelectronics.X-CUBE-AZRTOS-WL.2.0.0
2023-12-19 10:31:27,299 [WARN] PackLoader:240 - Cannot read IP mode file for WES.I-CUBE-Cesium.1.3.0
2023-12-19 10:31:27,313 [WARN] PackLoader:240 - Cannot read IP mode file for STMicroelectronics.X-CUBE-BLE2.3.3.0
2023-12-19 10:31:27,339 [WARN] PackLoader:240 - Cannot read IP mode file for STMicroelectronics.X-CUBE-ALGOBUILD.1.3.0
2023-12-19 10:31:27,439 [WARN] PackLoader:240 - Cannot read IP mode file for STMicroelectronics.X-CUBE-AZRTOS-G0.1.1.0
2023-12-19 10:31:27,466 [WARN] PackLoader:240 - Cannot read IP mode file for STMicroelectronics.X-CUBE-NFC4.3.0.0
2023-12-19 10:31:27,504 [WARN] PackLoader:240 - Cannot read IP mode file for STMicroelectronics.X-CUBE-BLEMGR.3.0.0
2023-12-19 10:31:27,521 [WARN] PackLoader:240 - Cannot read IP mode file for STMicroelectronics.FP-ATR-SIGFOX1.3.2.0
2023-12-19 10:31:27,750 [WARN] PackLoader:240 - Cannot read IP mode file for SEGGER.I-CUBE-embOS.1.3.1
2023-12-19 10:31:27,907 [WARN] PackLoader:240 - Cannot read IP mode file for STMicroelectronics.X-CUBE-GNSS1.6.0.0
2023-12-19 10:31:27,963 [WARN] PackLoader:240 - Cannot read IP mode file for STMicroelectronics.X-CUBE-AZRTOS-F4.1.1.0
2023-12-19 10:31:27,977 [WARN] PackLoader:240 - Cannot read IP mode file for wolfSSL.I-CUBE-wolfSSL.5.6.3
2023-12-19 10:31:28,010 [WARN] PackLoader:240 - Cannot read IP mode file for STMicroelectronics.X-CUBE-AZRTOS-L5.2.0.0
2023-12-19 10:31:28,120 [WARN] PackLoader:240 - Cannot read IP mode file for STMicroelectronics.X-CUBE-MEMS1.9.6.0
2023-12-19 10:31:28,707 [WARN] PackLoader:240 - Cannot read IP mode file for STMicroelectronics.X-CUBE-EEPRMA1.4.2.0
2023-12-19 10:31:28,729 [WARN] PackLoader:240 - Cannot read IP mode file for ITTIA_DB.I-CUBE-ITTIADB.8.8.0
2023-12-19 10:31:28,750 [WARN] PackLoader:240 - Cannot read IP mode file for STMicroelectronics.X-CUBE-BLEMGR.2.0.0
2023-12-19 10:31:28,827 [WARN] ConditionMgr:438 - getConditionDescription Invalid condition id : UX DEVICE CLASS RTOS Condition cause : null
2023-12-19 10:31:28,829 [WARN] ConditionMgr:438 - getConditionDescription Invalid condition id : UX DEVICE CLASS RTOS Condition cause : null
2023-12-19 10:31:28,842 [WARN] PackLoader:240 - Cannot read IP mode file for STMicroelectronics.X-CUBE-AZRTOS-H7.3.1.0
2023-12-19 10:31:28,846 [WARN] ConditionMgr:1039 - genDependencies : Invalid condition id : UX DEVICE CLASS RTOS Condition cause : null
2023-12-19 10:31:28,846 [WARN] ConditionMgr:1039 - genDependencies : Invalid condition id : UX DEVICE CLASS RTOS Condition cause : null
2023-12-19 10:31:28,849 [WARN] ConditionMgr:1039 - genDependencies : Invalid condition id : UX DEVICE CLASS RTOS Condition cause : null
2023-12-19 10:31:28,851 [WARN] ConditionMgr:1039 - genDependencies : Invalid condition id : UX DEVICE CLASS RTOS Condition cause : null
2023-12-19 10:31:28,851 [WARN] ConditionMgr:1039 - genDependencies : Invalid condition id : UX DEVICE CLASS RTOS Condition cause : null
2023-12-19 10:31:28,877 [WARN] PackLoader:240 - Cannot read IP mode file for STMicroelectronics.X-CUBE-NFC7.1.0.1
2023-12-19 10:31:28,900 [WARN] PackLoader:240 - Cannot read IP mode file for STMicroelectronics.X-CUBE-NFC6.3.0.0
2023-12-19 10:31:28,917 [WARN] PackLoader:240 - Cannot read IP mode file for STMicroelectronics.X-CUBE-EEPRMA1.4.1.0
2023-12-19 10:31:28,929 [WARN] PackLoader:240 - Cannot read IP mode file for STMicroelectronics.X-CUBE-AI.8.1.0
2023-12-19 10:31:28,997 [WARN] ConditionMgr:438 - getConditionDescription Invalid condition id : LAN8742 Phy interface Condition cause : null
2023-12-19 10:31:28,999 [WARN] PackLoader:240 - Cannot read IP mode file for STMicroelectronics.X-CUBE-AZRTOS-L4.2.0.0
2023-12-19 10:31:29,002 [WARN] ConditionMgr:1039 - genDependencies : Invalid condition id : LAN8742 Phy interface Condition cause : null
2023-12-19 10:31:29,002 [WARN] ConditionMgr:1039 - genDependencies : Invalid condition id : LAN8742 Phy interface Condition cause : null
2023-12-19 10:31:29,004 [WARN] ConditionMgr:1039 - genDependencies : Invalid condition id : LAN8742 Phy interface Condition cause : null
2023-12-19 10:31:29,021 [WARN] PackLoader:240 - Cannot read IP mode file for STMicroelectronics.X-CUBE-SFXS2LP1.4.0.0
2023-12-19 10:31:29,040 [WARN] PackLoader:240 - Cannot read IP mode file for STMicroelectronics.X-CUBE-ISPU.1.1.0
2023-12-19 10:31:29,088 [WARN] ConditionMgr:438 - getConditionDescription Invalid condition id : UX DEVICE CLASS RTOS Condition cause : null
2023-12-19 10:31:29,089 [WARN] ConditionMgr:438 - getConditionDescription Invalid condition id : UX DEVICE CLASS RTOS Condition cause : null
2023-12-19 10:31:29,098 [WARN] PackLoader:240 - Cannot read IP mode file for STMicroelectronics.X-CUBE-AZRTOS-WB.2.0.0
2023-12-19 10:31:29,100 [WARN] ConditionMgr:1039 - genDependencies : Invalid condition id : UX DEVICE CLASS RTOS Condition cause : null
2023-12-19 10:31:29,101 [WARN] ConditionMgr:1039 - genDependencies : Invalid condition id : UX DEVICE CLASS RTOS Condition cause : null
2023-12-19 10:31:29,103 [WARN] ConditionMgr:1039 - genDependencies : Invalid condition id : UX DEVICE CLASS RTOS Condition cause : null
2023-12-19 10:31:29,104 [WARN] ConditionMgr:1039 - genDependencies : Invalid condition id : UX DEVICE CLASS RTOS Condition cause : null
2023-12-19 10:31:29,104 [WARN] ConditionMgr:1039 - genDependencies : Invalid condition id : UX DEVICE CLASS RTOS Condition cause : null
2023-12-19 10:31:29,119 [WARN] PackLoader:240 - Cannot read IP mode file for STMicroelectronics.X-CUBE-FREERTOS.1.0.1
2023-12-19 10:31:29,158 [WARN] PackLoader:240 - Cannot read IP mode file for STMicroelectronics.X-CUBE-AZRTOS-L5.1.1.0
2023-12-19 10:31:29,172 [WARN] PackLoader:240 - Cannot read IP mode file for STMicroelectronics.X-CUBE-AI.8.0.1
2023-12-19 10:31:29,199 [WARN] PackLoader:240 - Cannot read IP mode file for STMicroelectronics.X-CUBE-SUBG2.5.0.0
2023-12-19 10:31:29,237 [WARN] PackLoader:240 - Cannot read IP mode file for STMicroelectronics.X-CUBE-TOF1.3.3.1
2023-12-19 10:31:29,313 [WARN] PackLoader:240 - Cannot read IP mode file for STMicroelectronics.X-CUBE-AZRTOS-G4.2.0.0
2023-12-19 10:31:29,359 [WARN] PackLoader:240 - Cannot read IP mode file for Infineon.AIROC-Wi-Fi-Bluetooth-STM32.1.5.1
2023-12-19 10:31:29,381 [WARN] PackLoader:240 - Cannot read IP mode file for STMicroelectronics.FP-SNS-MOTENVWB1.1.3.1
2023-12-19 10:31:29,393 [WARN] PackLoader:240 - Cannot read IP mode file for STMicroelectronics.X-CUBE-ISPU.2.0.0
2023-12-19 10:31:29,513 [WARN] PackLoader:240 - Cannot read IP mode file for STMicroelectronics.X-CUBE-MEMS1.10.0.0
2023-12-19 10:31:30,236 [WARN] PackLoader:240 - Cannot read IP mode file for STMicroelectronics.X-CUBE-FREERTOS.1.1.0
2023-12-19 10:31:30,265 [WARN] PackLoader:240 - Cannot read IP mode file for portGmbH.I-Cube-SoM-uGOAL.1.1.0
2023-12-19 10:31:30,278 [WARN] PackLoader:240 - Cannot read IP mode file for STMicroelectronics.X-CUBE-ALS.1.0.1
2023-12-19 10:31:30,347 [WARN] PackLoader:240 - Cannot read IP mode file for STMicroelectronics.X-CUBE-AZRTOS-WB.1.1.0
2023-12-19 10:31:30,369 [WARN] PackLoader:240 - Cannot read IP mode file for STMicroelectronics.FP-ATR-ASTRA1.2.0.0
2023-12-19 10:31:30,433 [WARN] PackLoader:240 - Cannot read IP mode file for STMicroelectronics.X-CUBE-TOF1.3.4.0
2023-12-19 10:31:30,638 [WARN] PackLoader:240 - Cannot read IP mode file for STMicroelectronics.X-CUBE-AZRTOS-H7.3.2.0
2023-12-19 10:31:30,674 [INFO] ThirdParty:978 - Integrity check success = true
2023-12-19 10:31:30,675 [INFO] IntegrityCheckThread:100 - exiting critical section [integrity check]
2023-12-19 10:31:30,675 [INFO] IntegrityCheckThread:103 - End integrity checks thread
2023-12-19 10:31:41,604 [ERROR] LogOutputStream:75 - [STDERR_REDIRECT] SLF4J: Failed to load class "org.slf4j.impl.StaticLoggerBinder".
2023-12-19 10:31:41,613 [ERROR] LogOutputStream:75 - [STDERR_REDIRECT] SLF4J: Defaulting to no-operation (NOP) logger implementation
2023-12-19 10:31:41,617 [ERROR] LogOutputStream:75 - [STDERR_REDIRECT] SLF4J: See http://www.slf4j.org/codes.html#StaticLoggerBinder for further details.
